Component: ARM Compiler 5.06 update 4 (build 422) Tool: armlink [4d35d2]

==============================================================================

Section Cross References

    main.o(.text) refers to WM_MULTIBUF.o(.text.WM_MULTIBUF_Enable) for WM_MULTIBUF_Enable
    main.o(.text) refers to gui.o(.text) for MainTask
    main.o(.text) refers to tasks.o(.text) for vTaskDelay
    main.o(.text) refers to GUI_TOUCH_DriverAnalog.o(.text.GUI_TOUCH_Exec) for GUI_TOUCH_Exec
    main.o(.text) refers to stm32f4xx_rcc.o(.text) for RCC_AHB1PeriphClockCmd
    main.o(.text) refers to WM_Lib.o(.text.WM_SetCreateFlags) for WM_SetCreateFlags
    main.o(.text) refers to GUI_Core.o(.text.GUI_Init) for GUI_Init
    main.o(.text) refers to port.o(.text) for vPortEnterCritical
    main.o(.text) refers to delay.o(.text) for delay_init
    main.o(.text) refers to misc.o(.text) for NVIC_PriorityGroupConfig
    main.o(.text) refers to usart.o(.text) for uart_init
    main.o(.text) refers to ili93xx.o(.text) for TFTLCD_Init
    main.o(.text) refers to touch.o(.text) for TP_Init
    main.o(.text) refers to led.o(.text) for LED_Init
    main.o(.text) refers to ds18b20.o(.text) for DS18B20_Init
    main.o(.text) refers to sram.o(.text) for FSMC_SRAM_Init
    main.o(.text) refers to malloc.o(.text) for mem_init
    main.o(.text) refers to main.o(.data) for TouchTask_Handler
    system_stm32f4xx.o(.text) refers to system_stm32f4xx.o(.data) for SystemCoreClock
    led.o(.text) refers to stm32f4xx_rcc.o(.text) for RCC_AHB1PeriphClockCmd
    led.o(.text) refers to stm32f4xx_gpio.o(.text) for GPIO_Init
    ili93xx.o(.text) refers to delay.o(.text) for delay_us
    ili93xx.o(.text) refers to ili93xx.o(.bss) for lcddev
    ili93xx.o(.text) refers to ili93xx.o(.data) for POINT_COLOR
    ili93xx.o(.text) refers to dfltui.o(.text) for __aeabi_ui2d
    ili93xx.o(.text) refers to dmul.o(.text) for __aeabi_dmul
    ili93xx.o(.text) refers to dfixui.o(.text) for __aeabi_d2uiz
    ili93xx.o(.text) refers to stm32f4xx_rcc.o(.text) for RCC_AHB1PeriphClockCmd
    ili93xx.o(.text) refers to stm32f4xx_gpio.o(.text) for GPIO_Init
    ili93xx.o(.text) refers to stm32f4xx_fsmc.o(.text) for FSMC_NORSRAMInit
    ili93xx.o(.text) refers to printf5.o(i.__0printf$5) for __2printf
    ili93xx.o(.text) refers to ili93xx.o(.constdata) for asc2_1206
    sram.o(.text) refers to stm32f4xx_rcc.o(.text) for RCC_AHB1PeriphClockCmd
    sram.o(.text) refers to stm32f4xx_gpio.o(.text) for GPIO_Init
    sram.o(.text) refers to stm32f4xx_fsmc.o(.text) for FSMC_NORSRAMInit
    24cxx.o(.text) refers to myiic.o(.text) for IIC_Init
    24cxx.o(.text) refers to delay.o(.text) for delay_ms
    myiic.o(.text) refers to stm32f4xx_rcc.o(.text) for RCC_AHB1PeriphClockCmd
    myiic.o(.text) refers to stm32f4xx_gpio.o(.text) for GPIO_Init
    myiic.o(.text) refers to delay.o(.text) for delay_us
    ctiic.o(.text) refers to delay.o(.text) for delay_us
    ctiic.o(.text) refers to stm32f4xx_rcc.o(.text) for RCC_AHB1PeriphClockCmd
    ctiic.o(.text) refers to stm32f4xx_gpio.o(.text) for GPIO_Init
    ott2001a.o(.text) refers to ctiic.o(.text) for CT_IIC_Start
    ott2001a.o(.text) refers to stm32f4xx_rcc.o(.text) for RCC_AHB1PeriphClockCmd
    ott2001a.o(.text) refers to stm32f4xx_gpio.o(.text) for GPIO_Init
    ott2001a.o(.text) refers to delay.o(.text) for delay_ms
    ott2001a.o(.text) refers to printf5.o(i.__0printf$5) for __2printf
    ott2001a.o(.text) refers to dflti.o(.text) for __aeabi_i2d
    ott2001a.o(.text) refers to dmul.o(.text) for __aeabi_dmul
    ott2001a.o(.text) refers to dfixi.o(.text) for __aeabi_d2iz
    ott2001a.o(.text) refers to dadd.o(.text) for __aeabi_drsub
    ott2001a.o(.text) refers to ott2001a.o(.data) for t
    ott2001a.o(.text) refers to touch.o(.data) for tp_dev
    ott2001a.o(.text) refers to ott2001a.o(.constdata) for OTT_TPX_TBL
    touch.o(.text) refers to delay.o(.text) for delay_us
    touch.o(.text) refers to ili93xx.o(.text) for LCD_DrawLine
    touch.o(.text) refers to 24cxx.o(.text) for AT24CXX_WriteLenByte
    touch.o(.text) refers to touch.o(.data) for CMD_RDX
    touch.o(.text) refers to ili93xx.o(.data) for POINT_COLOR
    touch.o(.text) refers to dfltui.o(.text) for __aeabi_ui2d
    touch.o(.text) refers to sqrt_full.o(i.__hardfp_sqrt) for __hardfp_sqrt
    touch.o(.text) refers to dfixui.o(.text) for __aeabi_d2uiz
    touch.o(.text) refers to ili93xx.o(.bss) for lcddev
    touch.o(.text) refers to f2d.o(.text) for __aeabi_f2d
    touch.o(.text) refers to cdcmple.o(.text) for __aeabi_cdcmple
    touch.o(.text) refers to cdrcmple.o(.text) for __aeabi_cdrcmple
    touch.o(.text) refers to dmul.o(.text) for __aeabi_dmul
    touch.o(.text) refers to gt9147.o(.text) for GT9147_Init
    touch.o(.text) refers to ott2001a.o(.text) for OTT2001A_Init
    touch.o(.text) refers to ft5206.o(.text) for FT5206_Init
    touch.o(.text) refers to stm32f4xx_rcc.o(.text) for RCC_AHB1PeriphClockCmd
[...]
    0x08012816   0x00000002   PAD
    0x08012818   0x00000038   Code   RO         2914    .text.GUI_MEMDEV_GetYSize  STemWin_CM4_OS_wc16_ARGB.a(GUIDEV_GetYSize.o)
    0x08012850   0x0000001c   Code   RO         2463    .text.GUI_MEMDEV_Paint1Static  STemWin_CM4_OS_wc16_ARGB.a(GUIDEV_StaticDevices.o)
    0x0801286c   0x00000038   Code   RO         2918    .text.GUI_MEMDEV_ReduceYSize  STemWin_CM4_OS_wc16_ARGB.a(GUIDEV_ReduceYSize.o)
    0x080128a4   0x00000054   Code   RO         2449    .text.GUI_MEMDEV_Select  STemWin_CM4_OS_wc16_ARGB.a(GUIDEV.o)
    0x080128f8   0x00000064   Code   RO         2922    .text.GUI_MEMDEV_SetOrg  STemWin_CM4_OS_wc16_ARGB.a(GUIDEV_SetOrg.o)
    0x0801295c   0x0000000c   Code   RO         2937    .text.GUI_MEMDEV_Write  STemWin_CM4_OS_wc16_ARGB.a(GUIDEV_Write.o)
    0x08012968   0x0000006c   Code   RO         2936    .text.GUI_MEMDEV_WriteAt  STemWin_CM4_OS_wc16_ARGB.a(GUIDEV_Write.o)
    0x080129d4   0x00000124   Code   RO         2444    .text.GUI_MEMDEV__CreateFixed  STemWin_CM4_OS_wc16_ARGB.a(GUIDEV.o)
    0x08012af8   0x00000130   Code   RO         3082    .text.GUI_MEMDEV__WriteToActiveAlpha  STemWin_CM4_OS_wc16_ARGB.a(GUIDEV_WriteToActiveAlpha.o)
    0x08012c28   0x00000038   Code   RO         2443    .text.GUI_MEMDEV__WriteToActiveAt  STemWin_CM4_OS_wc16_ARGB.a(GUIDEV.o)
    0x08012c60   0x0000074c   Code   RO         2481    .text.GUI_MEMDEV__WriteToActiveOpaque  STemWin_CM4_OS_wc16_ARGB.a(GUIDEV_WriteToActiveOpaque.o)
    0x080133ac   0x00000068   Code   RO         2200    .text.GUI_MULTIBUF_BeginEx  STemWin_CM4_OS_wc16_ARGB.a(GUI_MULTIBUF.o)
    0x08013414   0x0000005c   Code   RO         2203    .text.GUI_MULTIBUF_EndEx  STemWin_CM4_OS_wc16_ARGB.a(GUI_MULTIBUF.o)
    0x08013470   0x00000056   Code   RO         1577    .text.GUI_MergeRect  STemWin_CM4_OS_wc16_ARGB.a(GUI_Common.o)
    0x080134c6   0x00000020   Code   RO         1578    .text.GUI_MoveRect  STemWin_CM4_OS_wc16_ARGB.a(GUI_Common.o)
    0x080134e6   0x00000002   PAD
    0x080134e8   0x00000050   Code   RO         2767    .text.GUI_PID_GetState  STemWin_CM4_OS_wc16_ARGB.a(GUI_PID.o)
    0x08013538   0x00000010   Code   RO         2771    .text.GUI_PID_IsEmpty  STemWin_CM4_OS_wc16_ARGB.a(GUI_PID.o)
    0x08013548   0x000000b8   Code   RO         2770    .text.GUI_PID_StoreState  STemWin_CM4_OS_wc16_ARGB.a(GUI_PID.o)
    0x08013600   0x0000003c   Code   RO         2222    .text.GUI_PollKeyMsg  STemWin_CM4_OS_wc16_ARGB.a(GUI_OnKey.o)
    0x0801363c   0x00000060   Code   RO         3072    .text.GUI_ReadRectEx  STemWin_CM4_OS_wc16_ARGB.a(LCD_ReadRect.o)
    0x0801369c   0x0000003a   Code   RO         1594    .text.GUI_RectsIntersect  STemWin_CM4_OS_wc16_ARGB.a(GUI_Common.o)
    0x080136d6   0x00000002   PAD
    0x080136d8   0x00000014   Code   RO         1596    .text.GUI_RestoreContext  STemWin_CM4_OS_wc16_ARGB.a(GUI_Common.o)
    0x080136ec   0x000004b4   Code   RO         3045    .text.GUI_SPRITE_SetPosition  STemWin_CM4_OS_wc16_ARGB.a(GUI_SPRITE.o)
    0x08013ba0   0x00000014   Code   RO         1595    .text.GUI_SaveContext_W  STemWin_CM4_OS_wc16_ARGB.a(GUI_Common.o)
    0x08013bb4   0x0000001a   Code   RO         1601    .text.GUI_SelectLCD  STemWin_CM4_OS_wc16_ARGB.a(GUI_Common.o)
    0x08013bce   0x00000002   PAD
    0x08013bd0   0x00000038   Code   RO         2233    .text.GUI_SelectLayer  STemWin_CM4_OS_wc16_ARGB.a(GUI_SelectLayer.o)
    0x08013c08   0x00000016   Code   RO         1603    .text.GUI_SetBkColor  STemWin_CM4_OS_wc16_ARGB.a(GUI_Common.o)
    0x08013c1e   0x00000016   Code   RO         1604    .text.GUI_SetColor  STemWin_CM4_OS_wc16_ARGB.a(GUI_Common.o)
    0x08013c34   0x0000000c   Code   RO         1630    .text.GUI_SetDefaultFont  STemWin_CM4_OS_wc16_ARGB.a(GUI_Core.o)
    0x08013c40   0x00000018   Code   RO         1609    .text.GUI_SetDrawMode  STemWin_CM4_OS_wc16_ARGB.a(GUI_Common.o)
    0x08013c58   0x00000020   Code   RO         1610    .text.GUI_SetFont   STemWin_CM4_OS_wc16_ARGB.a(GUI_Common.o)
    0x08013c78   0x00000020   Code   RO         2235    .text.GUI_SetLayerPosEx  STemWin_CM4_OS_wc16_ARGB.a(GUI_SelectLayer.o)
    0x08013c98   0x0000001c   Code   RO         1612    .text.GUI_SetLineStyle  STemWin_CM4_OS_wc16_ARGB.a(GUI_Common.o)
    0x08013cb4   0x00000040   Code   RO         1613    .text.GUI_SetOrg    STemWin_CM4_OS_wc16_ARGB.a(GUI_Common.o)
    0x08013cf4   0x0000001c   Code   RO         1590    .text.GUI_SetPenSize  STemWin_CM4_OS_wc16_ARGB.a(GUI_Common.o)
    0x08013d10   0x00000020   Code   RO         1614    .text.GUI_SetTextAlign  STemWin_CM4_OS_wc16_ARGB.a(GUI_Common.o)
    0x08013d30   0x00000020   Code   RO         1615    .text.GUI_SetTextMode  STemWin_CM4_OS_wc16_ARGB.a(GUI_Common.o)
    0x08013d50   0x00000010   Code   RO         2296    .text.GUI_SignalEvent  STemWin_CM4_OS_wc16_ARGB.a(GUI_WaitEvent.o)
    0x08013d60   0x00000010   Code   RO         2219    .text.GUI_StoreKey  STemWin_CM4_OS_wc16_ARGB.a(GUI_OnKey.o)
    0x08013d70   0x0000009c   Code   RO         2813    .text.GUI_TIMER_Create  STemWin_CM4_OS_wc16_ARGB.a(GUI_Timer.o)
    0x08013e0c   0x00000070   Code   RO         2814    .text.GUI_TIMER_Delete  STemWin_CM4_OS_wc16_ARGB.a(GUI_Timer.o)
    0x08013e7c   0x00000078   Code   RO         2805    .text.GUI_TIMER_Exec  STemWin_CM4_OS_wc16_ARGB.a(GUI_Timer.o)
    0x08013ef4   0x00000036   Code   RO         2820    .text.GUI_TIMER_GetFlag  STemWin_CM4_OS_wc16_ARGB.a(GUI_Timer.o)
    0x08013f2a   0x0000003c   Code   RO         2819    .text.GUI_TIMER_Restart  STemWin_CM4_OS_wc16_ARGB.a(GUI_Timer.o)
    0x08013f66   0x00000028   Code   RO         2815    .text.GUI_TIMER_SetPeriod  STemWin_CM4_OS_wc16_ARGB.a(GUI_Timer.o)
    0x08013f8e   0x00000002   PAD
    0x08013f90   0x00000030   Code   RO         2811    .text.GUI_TIMER__GetFirstTimer  STemWin_CM4_OS_wc16_ARGB.a(GUI_Timer.o)
    0x08013fc0   0x00000038   Code   RO         2812    .text.GUI_TIMER__GetNextTimerLin  STemWin_CM4_OS_wc16_ARGB.a(GUI_Timer.o)
    0x08013ff8   0x00000320   Code   RO         2249    .text.GUI_TOUCH_CalcCoefficients  STemWin_CM4_OS_wc16_ARGB.a(GUI_TOUCH_Calibrate.o)
    0x08014318   0x000000bc   Code   RO         1684    .text.GUI_TOUCH_Calibrate  STemWin_CM4_OS_wc16_ARGB.a(GUI_TOUCH_DriverAnalog.o)
    0x080143d4   0x00000034   Code   RO         2248    .text.GUI_TOUCH_CalibratePoint  STemWin_CM4_OS_wc16_ARGB.a(GUI_TOUCH_Calibrate.o)
    0x08014408   0x000000a8   Code   RO         1685    .text.GUI_TOUCH_Exec  STemWin_CM4_OS_wc16_ARGB.a(GUI_TOUCH_DriverAnalog.o)
    0x080144b0   0x0000000c   Code   RO         2256    .text.GUI_TOUCH_GetLayer  STemWin_CM4_OS_wc16_ARGB.a(GUI_TOUCH_StoreState.o)
    0x080144bc   0x0000000c   Code   RO         1681    .text.GUI_TOUCH_SetOrientation  STemWin_CM4_OS_wc16_ARGB.a(GUI_TOUCH_DriverAnalog.o)
    0x080144c8   0x00000050   Code   RO         2242    .text.GUI_TOUCH_StoreStateEx  STemWin_CM4_OS_wc16_ARGB.a(GUI_TOUCH.o)
    0x08014518   0x00000070   Code   RO         2247    .text.GUI_TOUCH_TransformPoint  STemWin_CM4_OS_wc16_ARGB.a(GUI_TOUCH_Calibrate.o)
    0x08014588   0x00000028   Code   RO         2276    .text.GUI_UC__GetCharCodeInc  STemWin_CM4_OS_wc16_ARGB.a(GUI_UC.o)
    0x080145b0   0x00000024   Code   RO         2277    .text.GUI_UC__NumChars2NumBytes  STemWin_CM4_OS_wc16_ARGB.a(GUI_UC.o)
    0x080145d4   0x00000026   Code   RO         2475    .text.GUI_USAGE_AddRect  STemWin_CM4_OS_wc16_ARGB.a(GUIDEV_Usage.o)
    0x080145fa   0x00000078   Code   RO         2930    .text.GUI_USAGE_BM_AddHLine  STemWin_CM4_OS_wc16_ARGB.a(GUIDEV_UsageBM.o)
    0x08014672   0x00000028   Code   RO         2926    .text.GUI_USAGE_BM_AddPixel  STemWin_CM4_OS_wc16_ARGB.a(GUIDEV_UsageBM.o)
    0x0801469a   0x00000010   Code   RO         2929    .text.GUI_USAGE_BM_Clear  STemWin_CM4_OS_wc16_ARGB.a(GUIDEV_UsageBM.o)
    0x080146aa   0x00000002   PAD
    0x080146ac   0x00000060   Code   RO         2931    .text.GUI_USAGE_BM_Create  STemWin_CM4_OS_wc16_ARGB.a(GUIDEV_UsageBM.o)
    0x0801470c   0x0000009c   Code   RO         2927    .text.GUI_USAGE_BM_GetNextDirty  STemWin_CM4_OS_wc16_ARGB.a(GUIDEV_UsageBM.o)
    0x080147a8   0x00000032   Code   RO         2474    .text.GUI_USAGE_DecUseCnt  STemWin_CM4_OS_wc16_ARGB.a(GUIDEV_Usage.o)
    0x080147da   0x00000002   PAD
    0x080147dc   0x00000014   Code   RO         2262    .text.GUI_Unlock    STemWin_CM4_OS_wc16_ARGB.a(GUI_Task.o)
    0x080147f0   0x00000028   Code   RO         1674    .text.GUI_WrapGetNumLines  STemWin_CM4_OS_wc16_ARGB.a(GUI_DispString.o)
    0x08014818   0x0000001a   Code   RO         2829    .text.GUI__AllocAlphaBuffer  STemWin_CM4_OS_wc16_ARGB.a(GUI__Alpha.o)
    0x08014832   0x00000002   PAD
    0x08014834   0x00000024   Code   RO         2799    .text.GUI__AlphaPreserveTrans  STemWin_CM4_OS_wc16_ARGB.a(GUI_SetAlpha.o)
    0x08014858   0x0000015e   Code   RO         2838    .text.GUI__CompactPixelIndices  STemWin_CM4_OS_wc16_ARGB.a(GUI__CompactPixelIndices.o)
    0x080149b6   0x0000000e   Code   RO         2840    .text.GUI__CompactPixelIndicesEx  STemWin_CM4_OS_wc16_ARGB.a(GUI__CompactPixelIndices.o)
    0x080149c4   0x00000094   Code   RO         1637    .text.GUI__Config   STemWin_CM4_OS_wc16_ARGB.a(GUI_Core.o)
    0x08014a58   0x00000196   Code   RO         2839    .text.GUI__ConvertColor2Index  STemWin_CM4_OS_wc16_ARGB.a(GUI__CompactPixelIndices.o)
    0x08014bee   0x00000002   PAD
    0x08014bf0   0x000000a8   Code   RO         2128    .text.GUI__DispLine  STemWin_CM4_OS_wc16_ARGB.a(GUI_CharLine.o)
    0x08014c98   0x0000014c   Code   RO         1671    .text.GUI__DispStringInRect  STemWin_CM4_OS_wc16_ARGB.a(GUI_DispString.o)
    0x08014de4   0x00000018   Code   RO         2316    .text.GUI__DivideRound32  STemWin_CM4_OS_wc16_ARGB.a(GUI__Private.o)
    0x08014dfc   0x000001c4   Code   RO         2828    .text.GUI__DoAlphaBlending  STemWin_CM4_OS_wc16_ARGB.a(GUI__Alpha.o)
    0x08014fc0   0x00000174   Code   RO         2846    .text.GUI__DrawTwinArc2  STemWin_CM4_OS_wc16_ARGB.a(GUI__DrawTwinArc.o)
    0x08015134   0x0000017c   Code   RO         3067    .text.GUI__ExpandPixelIndicesEx  STemWin_CM4_OS_wc16_ARGB.a(GUI__ExpandPixelIndices.o)
    0x080152b0   0x000000b8   Code   RO         2827    .text.GUI__GetAlphaBuffer  STemWin_CM4_OS_wc16_ARGB.a(GUI__Alpha.o)
    0x08015368   0x00000014   Code   RO         1538    .text.GUI__GetFontSizeY  STemWin_CM4_OS_wc16_ARGB.a(GUI_Common.o)
    0x0801537c   0x00000060   Code   RO         2127    .text.GUI__GetLineDistX  STemWin_CM4_OS_wc16_ARGB.a(GUI_CharLine.o)
    0x080153dc   0x00000038   Code   RO         2125    .text.GUI__GetLineNumChars  STemWin_CM4_OS_wc16_ARGB.a(GUI_CharLine.o)
    0x08015414   0x0000001c   Code   RO         2126    .text.GUI__GetOverlap  STemWin_CM4_OS_wc16_ARGB.a(GUI_CharLine.o)
    0x08015430   0x00000026   Code   RO         2317    .text.GUI__HandleEOLine  STemWin_CM4_OS_wc16_ARGB.a(GUI__Private.o)
    0x08015456   0x0000003a   Code   RO         2318    .text.GUI__IntersectRect  STemWin_CM4_OS_wc16_ARGB.a(GUI__Private.o)
    0x08015490   0x00000056   Code   RO         2319    .text.GUI__IntersectRects  STemWin_CM4_OS_wc16_ARGB.a(GUI__Private.o)
    0x080154e6   0x00000002   PAD
    0x080154e8   0x00000010   Code   RO         2307    .text.GUI__ManageCache  STemWin_CM4_OS_wc16_ARGB.a(GUI__ManageCache.o)
    0x080154f8   0x000000dc   Code   RO         2306    .text.GUI__ManageCacheEx  STemWin_CM4_OS_wc16_ARGB.a(GUI__ManageCache.o)
    0x080155d4   0x00000048   Code   RO         2825    .text.GUI__MixColors  STemWin_CM4_OS_wc16_ARGB.a(GUI__Alpha.o)
    0x0801561c   0x00000084   Code   RO         2824    .text.GUI__MixColorsBulk  STemWin_CM4_OS_wc16_ARGB.a(GUI__Alpha.o)
    0x080156a0   0x0000001c   Code   RO         2325    .text.GUI__ReduceRect  STemWin_CM4_OS_wc16_ARGB.a(GUI__Private.o)
    0x080156bc   0x00000028   Code   RO         1640    .text.GUI__RegisterExit  STemWin_CM4_OS_wc16_ARGB.a(GUI_Core.o)
    0x080156e4   0x0000007c   Code   RO         2331    .text.GUI__SetText  STemWin_CM4_OS_wc16_ARGB.a(GUI__Private.o)
    0x08015760   0x00000014   Code   RO         2349    .text.GUI__WrapGetNumBytesToNextLine  STemWin_CM4_OS_wc16_ARGB.a(GUI__Wrap.o)
    0x08015774   0x00000006   Code   RO         2347    .text.GUI__WrapGetNumCharsDisp  STemWin_CM4_OS_wc16_ARGB.a(GUI__Wrap.o)
    0x0801577a   0x0000005e   Code   RO         2348    .text.GUI__WrapGetNumCharsToNextLine  STemWin_CM4_OS_wc16_ARGB.a(GUI__Wrap.o)
    0x080157d8   0x00000064   Code   RO         2322    .text.GUI__memset16  STemWin_CM4_OS_wc16_ARGB.a(GUI__Private.o)
    0x0801583c   0x00000024   Code   RO         2327    .text.GUI__sqrt32   STemWin_CM4_OS_wc16_ARGB.a(GUI__Private.o)
    0x08015860   0x0000002c   Code   RO         2328    .text.GUI__strcmp   STemWin_CM4_OS_wc16_ARGB.a(GUI__Private.o)
    0x0801588c   0x00000028   Code   RO         2329    .text.GUI__strcmp_hp  STemWin_CM4_OS_wc16_ARGB.a(GUI__Private.o)
    0x080158b4   0x00000018   Code   RO         2330    .text.GUI__strlen   STemWin_CM4_OS_wc16_ARGB.a(GUI__Private.o)
    0x080158cc   0x00000008   Code   RO         2185    .text.GUI_cos       STemWin_CM4_OS_wc16_ARGB.a(GUI_DrawLine.o)
    0x080158d4   0x0000005c   Code   RO         2184    .text.GUI_sin       STemWin_CM4_OS_wc16_ARGB.a(GUI_DrawLine.o)
    0x08015930   0x00000044   Code   RO         2854    .text.LCD_AA_MixColors16  STemWin_CM4_OS_wc16_ARGB.a(LCD_AA.o)
    0x08015974   0x00000010   Code   RO         2856    .text.LCD_AA_SetOrMask  STemWin_CM4_OS_wc16_ARGB.a(LCD_AA.o)
    0x08015984   0x0000001c   Code   RO         2365    .text.LCD_Color2Index  STemWin_CM4_OS_wc16_ARGB.a(LCD.o)
    0x080159a0   0x00000224   Code   RO         2362    .text.LCD_DrawBitmap  STemWin_CM4_OS_wc16_ARGB.a(LCD.o)
    0x08015bc4   0x00000050   Code   RO         2358    .text.LCD_DrawHLine  STemWin_CM4_OS_wc16_ARGB.a(LCD.o)
    0x08015c14   0x00000060   Code   RO         2357    .text.LCD_DrawPixel  STemWin_CM4_OS_wc16_ARGB.a(LCD.o)
    0x08015c74   0x00000054   Code   RO         2359    .text.LCD_DrawVLine  STemWin_CM4_OS_wc16_ARGB.a(LCD.o)
    0x08015cc8   0x00000058   Code   RO         2360    .text.LCD_FillRect  STemWin_CM4_OS_wc16_ARGB.a(LCD.o)
    0x08015d20   0x00000006   Code   RO         1725    .text.LCD_GetBitsPerPixelEx  STemWin_CM4_OS_wc16_ARGB.a(LCD_GetEx.o)
    0x08015d26   0x00000002   PAD
    0x08015d28   0x00000010   Code   RO         2390    .text.LCD_GetBkColorIndex  STemWin_CM4_OS_wc16_ARGB.a(LCD_GetColorIndex.o)
    0x08015d38   0x00000010   Code   RO         2391    .text.LCD_GetColorIndex  STemWin_CM4_OS_wc16_ARGB.a(LCD_GetColorIndex.o)
    0x08015d48   0x00000010   Code   RO         1737    .text.LCD_GetNumColors  STemWin_CM4_OS_wc16_ARGB.a(LCD_GetEx.o)
    0x08015d58   0x00000006   Code   RO         1726    .text.LCD_GetNumColorsEx  STemWin_CM4_OS_wc16_ARGB.a(LCD_GetEx.o)
    0x08015d5e   0x0000001e   Code   RO         2867    .text.LCD_GetNumLayers  STemWin_CM4_OS_wc16_ARGB.a(LCD_GetNumDisplays.o)
    0x08015d7c   0x00000010   Code   RO         1746    .text.LCD_GetPalette  STemWin_CM4_OS_wc16_ARGB.a(LCD_GetEx.o)
    0x08015d8c   0x00000016   Code   RO         1745    .text.LCD_GetPaletteEx  STemWin_CM4_OS_wc16_ARGB.a(LCD_GetEx.o)
    0x08015da2   0x00000032   Code   RO         1764    .text.LCD_GetPosEx  STemWin_CM4_OS_wc16_ARGB.a(LCD_Set.o)
    0x08015dd4   0x00000006   Code   RO         1723    .text.LCD_GetVXSizeEx  STemWin_CM4_OS_wc16_ARGB.a(LCD_GetEx.o)
    0x08015dda   0x00000006   Code   RO         1753    .text.LCD_GetVXSizeMax  STemWin_CM4_OS_wc16_ARGB.a(LCD_GetEx.o)
    0x08015de0   0x00000006   Code   RO         1724    .text.LCD_GetVYSizeEx  STemWin_CM4_OS_wc16_ARGB.a(LCD_GetEx.o)
    0x08015de6   0x00000002   PAD
    0x08015de8   0x00000010   Code   RO         1732    .text.LCD_GetXSize  STemWin_CM4_OS_wc16_ARGB.a(LCD_GetEx.o)
    0x08015df8   0x0000000c   Code   RO         1757    .text.LCD_GetXSizeDisplay  STemWin_CM4_OS_wc16_ARGB.a(LCD_GetEx.o)
    0x08015e04   0x00000006   Code   RO         1721    .text.LCD_GetXSizeEx  STemWin_CM4_OS_wc16_ARGB.a(LCD_GetEx.o)
    0x08015e0a   0x00000006   Code   RO         1751    .text.LCD_GetXSizeMax  STemWin_CM4_OS_wc16_ARGB.a(LCD_GetEx.o)
    0x08015e10   0x00000010   Code   RO         1733    .text.LCD_GetYSize  STemWin_CM4_OS_wc16_ARGB.a(LCD_GetEx.o)
    0x08015e20   0x0000000c   Code   RO         1758    .text.LCD_GetYSizeDisplay  STemWin_CM4_OS_wc16_ARGB.a(LCD_GetEx.o)
    0x08015e2c   0x00000006   Code   RO         1722    .text.LCD_GetYSizeEx  STemWin_CM4_OS_wc16_ARGB.a(LCD_GetEx.o)
    0x08015e32   0x00000006   Code   RO         1752    .text.LCD_GetYSizeMax  STemWin_CM4_OS_wc16_ARGB.a(LCD_GetEx.o)
    0x08015e38   0x00000004   Code   RO         2383    .text.LCD_GetpPalConvTableBM  STemWin_CM4_OS_wc16_ARGB.a(LCD_Color.o)
    0x08015e3c   0x0000006c   Code   RO         2381    .text.LCD_GetpPalConvTableUncached  STemWin_CM4_OS_wc16_ARGB.a(LCD_Color.o)
    0x08015ea8   0x0000001c   Code   RO         2366    .text.LCD_Index2Color  STemWin_CM4_OS_wc16_ARGB.a(LCD.o)
    0x08015ec4   0x0000002c   Code   RO         1477    .text.LCD_Index2Color_M565  STemWin_CM4_OS_wc16_ARGB.a(GUICC_M565.o)
    0x08015ef0   0x00000006   Code   RO         2997    .text.LCD_Index2Color_M888  STemWin_CM4_OS_wc16_ARGB.a(GUICC_M888_Index2Color.o)
    0x08015ef6   0x00000002   Code   RO         2993    .text.LCD_Index2Color_M8888I  STemWin_CM4_OS_wc16_ARGB.a(GUICC_M8888I_Index2Color.o)
    0x08015ef8   0x0000003c   Code   RO         2380    .text.LCD_InitColors  STemWin_CM4_OS_wc16_ARGB.a(LCD_Color.o)
    0x08015f34   0x00000088   Code   RO         2384    .text.LCD_InitLUT   STemWin_CM4_OS_wc16_ARGB.a(LCD_Color.o)
    0x08015fbc   0x000001a4   Code   RO         3071    .text.LCD_ReadRectEx  STemWin_CM4_OS_wc16_ARGB.a(LCD_ReadRect.o)
    0x08016160   0x00000040   Code   RO         2427    .text.LCD_SelectLCD  STemWin_CM4_OS_wc16_ARGB.a(LCD_SelectLCD.o)
    0x080161a0   0x0000000c   Code   RO         2371    .text.LCD_SetBkColor  STemWin_CM4_OS_wc16_ARGB.a(LCD.o)
    0x080161ac   0x00000018   Code   RO         2369    .text.LCD_SetBkColorIndex  STemWin_CM4_OS_wc16_ARGB.a(LCD.o)
    0x080161c4   0x00000030   Code   RO         2431    .text.LCD_SetClipRectEx  STemWin_CM4_OS_wc16_ARGB.a(LCD_SetClipRectEx.o)
    0x080161f4   0x0000001c   Code   RO         2363    .text.LCD_SetClipRectMax  STemWin_CM4_OS_wc16_ARGB.a(LCD.o)
    0x08016210   0x0000000c   Code   RO         2372    .text.LCD_SetColor  STemWin_CM4_OS_wc16_ARGB.a(LCD.o)
    0x0801621c   0x00000018   Code   RO         2367    .text.LCD_SetColorIndex  STemWin_CM4_OS_wc16_ARGB.a(LCD.o)
    0x08016234   0x0000000c   Code   RO         1756    .text.LCD_SetDisplaySize  STemWin_CM4_OS_wc16_ARGB.a(LCD_GetEx.o)
    0x08016240   0x0000000c   Code   RO         2356    .text.LCD_SetDrawMode  STemWin_CM4_OS_wc16_ARGB.a(LCD.o)
    0x0801624c   0x00000030   Code   RO         1774    .text.LCD_SetLUTEntryEx  STemWin_CM4_OS_wc16_ARGB.a(LCD_Set.o)
    0x0801627c   0x00000030   Code   RO         1775    .text.LCD_SetPosEx  STemWin_CM4_OS_wc16_ARGB.a(LCD_Set.o)
    0x080162ac   0x00000030   Code   RO         1776    .text.LCD_SetSizeEx  STemWin_CM4_OS_wc16_ARGB.a(LCD_Set.o)
    0x080162dc   0x00000030   Code   RO         1779    .text.LCD_SetVSizeEx  STemWin_CM4_OS_wc16_ARGB.a(LCD_Set.o)
    0x0801630c   0x00000024   Code   RO         2435    .text.LCD_UpdateColorIndices  STemWin_CM4_OS_wc16_ARGB.a(LCD_UpdateColorIndices.o)
    0x08016330   0x000001d8   Code   RO         2361    .text.LCD__DrawBitmap_1bpp  STemWin_CM4_OS_wc16_ARGB.a(LCD.o)
    0x08016508   0x0000007e   Code   RO         1759    .text.LCD__GetBPP   STemWin_CM4_OS_wc16_ARGB.a(LCD_GetEx.o)
    0x08016586   0x0000002c   Code   RO         1760    .text.LCD__GetBPPDevice  STemWin_CM4_OS_wc16_ARGB.a(LCD_GetEx.o)
    0x080165b2   0x00000030   Code   RO         2638    .text.SCROLLBAR_AddValue  STemWin_CM4_OS_wc16_ARGB.a(SCROLLBAR.o)
    0x080165e2   0x00000396   Code   RO         2641    .text.SCROLLBAR_Callback  STemWin_CM4_OS_wc16_ARGB.a(SCROLLBAR.o)
    0x08016978   0x0000003a   Code   RO         2635    .text.SCROLLBAR_CreateAttached  STemWin_CM4_OS_wc16_ARGB.a(SCROLLBAR.o)
    0x080169b2   0x00000020   Code   RO         2633    .text.SCROLLBAR_CreateEx  STemWin_CM4_OS_wc16_ARGB.a(SCROLLBAR.o)
    0x080169d2   0x00000002   PAD
    0x080169d4   0x00000100   Code   RO         2632    .text.SCROLLBAR_CreateUser  STemWin_CM4_OS_wc16_ARGB.a(SCROLLBAR.o)
    0x08016ad4   0x00000008   Code   RO         2639    .text.SCROLLBAR_Dec  STemWin_CM4_OS_wc16_ARGB.a(SCROLLBAR.o)
    0x08016adc   0x000001a4   Code   RO         2975    .text.SCROLLBAR_DrawSkinFlex  STemWin_CM4_OS_wc16_ARGB.a(SCROLLBAR_SkinFlex.o)
    0x08016c80   0x00000028   Code   RO         2647    .text.SCROLLBAR_GetValue  STemWin_CM4_OS_wc16_ARGB.a(SCROLLBAR.o)
    0x08016ca8   0x00000006   Code   RO         2640    .text.SCROLLBAR_Inc  STemWin_CM4_OS_wc16_ARGB.a(SCROLLBAR.o)
    0x08016cae   0x00000058   Code   RO         2637    .text.SCROLLBAR_SetValue  STemWin_CM4_OS_wc16_ARGB.a(SCROLLBAR.o)
    0x08016d06   0x0000001c   Code   RO         2631    .text.SCROLLBAR__InvalidatePartner  STemWin_CM4_OS_wc16_ARGB.a(SCROLLBAR.o)
    0x08016d22   0x00000034   Code   RO         2630    .text.SCROLLBAR__Rect2VRect  STemWin_CM4_OS_wc16_ARGB.a(SCROLLBAR.o)
    0x08016d56   0x000000c6   Code   RO         2097    .text.TEXT_Callback  STemWin_CM4_OS_wc16_ARGB.a(TEXT.o)
    0x08016e1c   0x00000040   Code   RO         2102    .text.TEXT_CreateIndirect  STemWin_CM4_OS_wc16_ARGB.a(TEXT.o)
    0x08016e5c   0x000000a0   Code   RO         2098    .text.TEXT_CreateUser  STemWin_CM4_OS_wc16_ARGB.a(TEXT.o)
    0x08016efc   0x000000f0   Code   RO         2116    .text.TEXT_SetDec   STemWin_CM4_OS_wc16_ARGB.a(TEXT.o)
    0x08016fec   0x00000030   Code   RO         2110    .text.TEXT_SetFont  STemWin_CM4_OS_wc16_ARGB.a(TEXT.o)
    0x0801701c   0x0000005c   Code   RO         2111    .text.TEXT_SetText  STemWin_CM4_OS_wc16_ARGB.a(TEXT.o)
    0x08017078   0x00000030   Code   RO         2112    .text.TEXT_SetTextAlign  STemWin_CM4_OS_wc16_ARGB.a(TEXT.o)
    0x080170a8   0x00000034   Code   RO         2669    .text.WIDGET_AndState  STemWin_CM4_OS_wc16_ARGB.a(WIDGET.o)
    0x080170dc   0x0000014a   Code   RO         2671    .text.WIDGET_HandleActive  STemWin_CM4_OS_wc16_ARGB.a(WIDGET.o)
    0x08017226   0x00000034   Code   RO         2668    .text.WIDGET_OrState  STemWin_CM4_OS_wc16_ARGB.a(WIDGET.o)
    0x0801725a   0x0000002e   Code   RO         2666    .text.WIDGET_SetState  STemWin_CM4_OS_wc16_ARGB.a(WIDGET.o)
    0x08017288   0x0000003c   Code   RO         2677    .text.WIDGET__DrawTriangle  STemWin_CM4_OS_wc16_ARGB.a(WIDGET.o)
    0x080172c4   0x00000038   Code   RO         2678    .text.WIDGET__EFFECT_DrawDownRect  STemWin_CM4_OS_wc16_ARGB.a(WIDGET.o)
    0x080172fc   0x00000034   Code   RO         2658    .text.WIDGET__GetClientRect  STemWin_CM4_OS_wc16_ARGB.a(WIDGET.o)
    0x08017330   0x0000001a   Code   RO         2660    .text.WIDGET__GetInsideRect  STemWin_CM4_OS_wc16_ARGB.a(WIDGET.o)
    0x0801734a   0x00000002   PAD
    0x0801734c   0x00000010   Code   RO         2664    .text.WIDGET__Init  STemWin_CM4_OS_wc16_ARGB.a(WIDGET.o)
    0x0801735c   0x00000028   Code   RO         2657    .text.WIDGET__RotateRect90  STemWin_CM4_OS_wc16_ARGB.a(WIDGET.o)
    0x08017384   0x00000026   Code   RO         2672    .text.WIDGET__SetScrollState  STemWin_CM4_OS_wc16_ARGB.a(WIDGET.o)
    0x080173aa   0x00000002   PAD
    0x080173ac   0x00000010   Code   RO         1884    .text.WM_Activate   STemWin_CM4_OS_wc16_ARGB.a(WM.o)
    0x080173bc   0x00000090   Code   RO         1928    .text.WM_BringToBottom  STemWin_CM4_OS_wc16_ARGB.a(WM_Lib.o)
    0x0801744c   0x00000080   Code   RO         2486    .text.WM_BringToTop  STemWin_CM4_OS_wc16_ARGB.a(WM_BringToTop.o)
    0x080174cc   0x0000001e   Code   RO         1910    .text.WM_CheckScrollBounds  STemWin_CM4_OS_wc16_ARGB.a(WM_Lib.o)
    0x080174ea   0x00000002   PAD
    0x080174ec   0x00000068   Code   RO         2545    .text.WM_CreateTimer  STemWin_CM4_OS_wc16_ARGB.a(WM_Timer.o)
    0x08017554   0x00000168   Code   RO         1870    .text.WM_CreateWindowAsChild  STemWin_CM4_OS_wc16_ARGB.a(WM.o)
    0x080176bc   0x00000020   Code   RO         1885    .text.WM_Deactivate  STemWin_CM4_OS_wc16_ARGB.a(WM.o)
    0x080176dc   0x00000048   Code   RO         1886    .text.WM_DefaultProc  STemWin_CM4_OS_wc16_ARGB.a(WM.o)
    0x08017724   0x00000030   Code   RO         2543    .text.WM_DeleteTimer  STemWin_CM4_OS_wc16_ARGB.a(WM_Timer.o)
    0x08017754   0x00000124   Code   RO         1872    .text.WM_DeleteWindow  STemWin_CM4_OS_wc16_ARGB.a(WM.o)
    0x08017878   0x00000026   Code   RO         2502    .text.WM_DisableMemdev  STemWin_CM4_OS_wc16_ARGB.a(WM_MemDev.o)
    0x0801789e   0x00000002   PAD
    0x080178a0   0x00000088   Code   RO         1883    .text.WM_Exec       STemWin_CM4_OS_wc16_ARGB.a(WM.o)
    0x08017928   0x0000001e   Code   RO         1900    .text.WM_ForEachDesc  STemWin_CM4_OS_wc16_ARGB.a(WM_Lib.o)
    0x08017946   0x00000002   PAD
    0x08017948   0x0000000c   Code   RO         1874    .text.WM_GetActiveWindow  STemWin_CM4_OS_wc16_ARGB.a(WM.o)
    0x08017954   0x0000002c   Code   RO         1904    .text.WM_GetClientRect  STemWin_CM4_OS_wc16_ARGB.a(WM_Lib.o)
    0x08017980   0x0000001a   Code   RO         1903    .text.WM_GetClientRectEx  STemWin_CM4_OS_wc16_ARGB.a(WM_Lib.o)
    0x0801799a   0x0000001a   Code   RO         1905    .text.WM_GetClientWindow  STemWin_CM4_OS_wc16_ARGB.a(WM_Lib.o)
    0x080179b4   0x00000018   Code   RO         1906    .text.WM_GetDesktopWindow  STemWin_CM4_OS_wc16_ARGB.a(WM_Lib.o)
    0x080179cc   0x00000014   Code   RO         1907    .text.WM_GetDesktopWindowEx  STemWin_CM4_OS_wc16_ARGB.a(WM_Lib.o)
    0x080179e0   0x0000004c   Code   RO         1918    .text.WM_GetDialogItem  STemWin_CM4_OS_wc16_ARGB.a(WM_Lib.o)
    0x08017a2c   0x0000001a   Code   RO         1913    .text.WM_GetFirstChild  STemWin_CM4_OS_wc16_ARGB.a(WM_Lib.o)
    0x08017a46   0x0000001a   Code   RO         1914    .text.WM_GetFlags   STemWin_CM4_OS_wc16_ARGB.a(WM_Lib.o)
    0x08017a60   0x00000020   Code   RO         1915    .text.WM_GetFocusedWindow  STemWin_CM4_OS_wc16_ARGB.a(WM_Lib.o)
    0x08017a80   0x0000001e   Code   RO         2538    .text.WM_GetHasTrans  STemWin_CM4_OS_wc16_ARGB.a(WM_SetTrans.o)
    0x08017a9e   0x00000020   Code   RO         1916    .text.WM_GetId      STemWin_CM4_OS_wc16_ARGB.a(WM_Lib.o)
    0x08017abe   0x00000016   Code   RO         1919    .text.WM_GetInsideRectEx  STemWin_CM4_OS_wc16_ARGB.a(WM_Lib.o)
    0x08017ad4   0x000000ac   Code   RO         1936    .text.WM_GetInsideRectExScrollbar  STemWin_CM4_OS_wc16_ARGB.a(WM_Lib.o)
    0x08017b80   0x0000001a   Code   RO         1922    .text.WM_GetNextSibling  STemWin_CM4_OS_wc16_ARGB.a(WM_Lib.o)
    0x08017b9a   0x00000002   PAD
    0x08017b9c   0x00000010   Code   RO         1925    .text.WM_GetOrgX    STemWin_CM4_OS_wc16_ARGB.a(WM_Lib.o)
    0x08017bac   0x00000010   Code   RO         1926    .text.WM_GetOrgY    STemWin_CM4_OS_wc16_ARGB.a(WM_Lib.o)
    0x08017bbc   0x0000001a   Code   RO         1927    .text.WM_GetParent  STemWin_CM4_OS_wc16_ARGB.a(WM_Lib.o)
    0x08017bd6   0x0000002a   Code   RO         1932    .text.WM_GetScrollPartner  STemWin_CM4_OS_wc16_ARGB.a(WM_Lib.o)
    0x08017c00   0x0000001c   Code   RO         1930    .text.WM_GetScrollbarH  STemWin_CM4_OS_wc16_ARGB.a(WM_Lib.o)
    0x08017c1c   0x0000001c   Code   RO         1931    .text.WM_GetScrollbarV  STemWin_CM4_OS_wc16_ARGB.a(WM_Lib.o)
    0x08017c38   0x0000001c   Code   RO         1923    .text.WM_GetWindowOrgX  STemWin_CM4_OS_wc16_ARGB.a(WM_Lib.o)
    0x08017c54   0x0000001c   Code   RO         1924    .text.WM_GetWindowOrgY  STemWin_CM4_OS_wc16_ARGB.a(WM_Lib.o)
    0x08017c70   0x00000026   Code   RO         1935    .text.WM_GetWindowRectEx  STemWin_CM4_OS_wc16_ARGB.a(WM_Lib.o)
    0x08017c96   0x00000038   Code   RO         2492    .text.WM_GetWindowSizeX  STemWin_CM4_OS_wc16_ARGB.a(WM_GetWindowSize.o)
    0x08017cce   0x00000038   Code   RO         2493    .text.WM_GetWindowSizeY  STemWin_CM4_OS_wc16_ARGB.a(WM_GetWindowSize.o)
    0x08017d06   0x00000002   PAD
    0x08017d08   0x000003a0   Code   RO         2558    .text.WM_HandlePID  STemWin_CM4_OS_wc16_ARGB.a(WM_Touch.o)
    0x080180a8   0x0000001c   Code   RO         1937    .text.WM_HasCaptured  STemWin_CM4_OS_wc16_ARGB.a(WM_Lib.o)
    0x080180c4   0x0000001c   Code   RO         1938    .text.WM_HasFocus   STemWin_CM4_OS_wc16_ARGB.a(WM_Lib.o)
    0x080180e0   0x00000038   Code   RO         2497    .text.WM_HideWindow  STemWin_CM4_OS_wc16_ARGB.a(WM_Hide.o)
    0x08018118   0x000000f0   Code   RO         1888    .text.WM_Init       STemWin_CM4_OS_wc16_ARGB.a(WM.o)
    0x08018208   0x00000082   Code   RO         1866    .text.WM_InvalidateRect  STemWin_CM4_OS_wc16_ARGB.a(WM.o)
    0x0801828a   0x00000006   Code   RO         1867    .text.WM_InvalidateWindow  STemWin_CM4_OS_wc16_ARGB.a(WM.o)
    0x08018290   0x00000034   Code   RO         1967    .text.WM_InvalidateWindowAndDescs  STemWin_CM4_OS_wc16_ARGB.a(WM_Lib.o)
    0x080182c4   0x00000064   Code   RO         1861    .text.WM_InvalidateWindowAndDescsEx  STemWin_CM4_OS_wc16_ARGB.a(WM.o)
    0x08018328   0x0000003c   Code   RO         1941    .text.WM_IsFocusable  STemWin_CM4_OS_wc16_ARGB.a(WM_Lib.o)
    0x08018364   0x00000018   Code   RO         1943    .text.WM_IsWindow   STemWin_CM4_OS_wc16_ARGB.a(WM_Lib.o)
    0x0801837c   0x00000020   Code   RO         1977    .text.WM_MULTIBUF_Enable  STemWin_CM4_OS_wc16_ARGB.a(WM_MULTIBUF.o)
    0x0801839c   0x00000060   Code   RO         1944    .text.WM_MoveChildTo  STemWin_CM4_OS_wc16_ARGB.a(WM_Lib.o)
    0x080183fc   0x0000001e   Code   RO         2509    .text.WM_MoveWindow  STemWin_CM4_OS_wc16_ARGB.a(WM_Move.o)
    0x0801841a   0x00000014   Code   RO         1951    .text.WM_NotifyParent  STemWin_CM4_OS_wc16_ARGB.a(WM_Lib.o)
    0x0801842e   0x00000002   PAD
    0x08018430   0x00000044   Code   RO         1945    .text.WM_OnKey      STemWin_CM4_OS_wc16_ARGB.a(WM_Lib.o)
    0x08018474   0x00000014   Code   RO         2944    .text.WM_PID__SetPrevState  STemWin_CM4_OS_wc16_ARGB.a(WM_PID__GetPrevState.o)
    0x08018488   0x00000012   Code   RO         2957    .text.WM_ReleaseCapture  STemWin_CM4_OS_wc16_ARGB.a(WM_SetCapture.o)
    0x0801849a   0x00000108   Code   RO         1948    .text.WM_ResizeWindow  STemWin_CM4_OS_wc16_ARGB.a(WM_Lib.o)
    0x080185a2   0x00000038   Code   RO         2546    .text.WM_RestartTimer  STemWin_CM4_OS_wc16_ARGB.a(WM_Timer.o)
    0x080185da   0x00000002   PAD
    0x080185dc   0x0000002c   Code   RO         2950    .text.WM_Screen2hWin  STemWin_CM4_OS_wc16_ARGB.a(WM_Screen2Win.o)
    0x08018608   0x00000048   Code   RO         1869    .text.WM_SelectWindow  STemWin_CM4_OS_wc16_ARGB.a(WM.o)
    0x08018650   0x0000001e   Code   RO         1855    .text.WM_SendMessage  STemWin_CM4_OS_wc16_ARGB.a(WM.o)
    0x0801866e   0x0000001a   Code   RO         1949    .text.WM_SendMessageNoPara  STemWin_CM4_OS_wc16_ARGB.a(WM_Lib.o)
    0x08018688   0x00000026   Code   RO         1950    .text.WM_SendToParent  STemWin_CM4_OS_wc16_ARGB.a(WM_Lib.o)
    0x080186ae   0x00000002   PAD
    0x080186b0   0x00000040   Code   RO         2956    .text.WM_SetCapture  STemWin_CM4_OS_wc16_ARGB.a(WM_SetCapture.o)
    0x080186f0   0x0000009c   Code   RO         2514    .text.WM_SetCaptureMove  STemWin_CM4_OS_wc16_ARGB.a(WM_SetCaptureMove.o)
    0x0801878c   0x00000010   Code   RO         1954    .text.WM_SetCreateFlags  STemWin_CM4_OS_wc16_ARGB.a(WM_Lib.o)
    0x0801879c   0x00000014   Code   RO         1877    .text.WM_SetDefault  STemWin_CM4_OS_wc16_ARGB.a(WM.o)
    0x080187b0   0x000000a8   Code   RO         1958    .text.WM_SetFocus   STemWin_CM4_OS_wc16_ARGB.a(WM_Lib.o)
    0x08018858   0x00000064   Code   RO         2519    .text.WM_SetFocusOnNextChild  STemWin_CM4_OS_wc16_ARGB.a(WM_SetFocusOnNextChild.o)
    0x080188bc   0x00000042   Code   RO         2524    .text.WM_SetFocusOnPrevChild  STemWin_CM4_OS_wc16_ARGB.a(WM_SetFocusOnPrevChild.o)
    0x080188fe   0x00000002   PAD
    0x08018900   0x00000048   Code   RO         2536    .text.WM_SetHasTrans  STemWin_CM4_OS_wc16_ARGB.a(WM_SetTrans.o)
    0x08018948   0x00000018   Code   RO         1961    .text.WM_SetScrollState  STemWin_CM4_OS_wc16_ARGB.a(WM_Lib.o)
    0x08018960   0x0000001c   Code   RO         2531    .text.WM_SetScrollbarH  STemWin_CM4_OS_wc16_ARGB.a(WM_SetScrollbar.o)
    0x0801897c   0x0000001c   Code   RO         2532    .text.WM_SetScrollbarV  STemWin_CM4_OS_wc16_ARGB.a(WM_SetScrollbar.o)
    0x08018998   0x00000056   Code   RO         1962    .text.WM_SetSize    STemWin_CM4_OS_wc16_ARGB.a(WM_Lib.o)
    0x080189ee   0x00000002   PAD
    0x080189f0   0x00000020   Code   RO         1963    .text.WM_SetUserClipRect  STemWin_CM4_OS_wc16_ARGB.a(WM_Lib.o)
    0x08018a10   0x00000032   Code   RO         1968    .text.WM_ShowWindow  STemWin_CM4_OS_wc16_ARGB.a(WM_Lib.o)
    0x08018a42   0x00000002   PAD
    0x08018a44   0x00000038   Code   RO         1971    .text.WM_ValidateWindow  STemWin_CM4_OS_wc16_ARGB.a(WM_Lib.o)
    0x08018a7c   0x00000048   Code   RO         1851    .text.WM__ActivateClipRect  STemWin_CM4_OS_wc16_ARGB.a(WM.o)
    0x08018ac4   0x00000010   Code   RO         2587    .text.WM__AddCriticalHandle  STemWin_CM4_OS_wc16_ARGB.a(WM__Private.o)
    0x08018ad4   0x00000010   Code   RO         1849    .text.WM__Client2Screen  STemWin_CM4_OS_wc16_ARGB.a(WM.o)
    0x08018ae4   0x00000058   Code   RO         1846    .text.WM__ClipAtParentBorders  STemWin_CM4_OS_wc16_ARGB.a(WM.o)
    0x08018b3c   0x00000052   Code   RO         2544    .text.WM__DeleteAssocTimer  STemWin_CM4_OS_wc16_ARGB.a(WM_Timer.o)
    0x08018b8e   0x00000002   PAD
    0x08018b90   0x0000001c   Code   RO         1881    .text.WM__DeleteSecure  STemWin_CM4_OS_wc16_ARGB.a(WM.o)
    0x08018bac   0x0000002a   Code   RO         1865    .text.WM__DetachWindow  STemWin_CM4_OS_wc16_ARGB.a(WM.o)
    0x08018bd6   0x0000002a   Code   RO         2570    .text.WM__ForEachDesc  STemWin_CM4_OS_wc16_ARGB.a(WM__Private.o)
    0x08018c00   0x00000022   Code   RO         2589    .text.WM__GetClientRectEx  STemWin_CM4_OS_wc16_ARGB.a(WM__Private.o)
    0x08018c22   0x00000018   Code   RO         1857    .text.WM__GetClientRectWin  STemWin_CM4_OS_wc16_ARGB.a(WM.o)
    0x08018c3a   0x00000012   Code   RO         2571    .text.WM__GetFirstSibling  STemWin_CM4_OS_wc16_ARGB.a(WM__Private.o)
    0x08018c4c   0x00000024   Code   RO         2579    .text.WM__GetFocusedChild  STemWin_CM4_OS_wc16_ARGB.a(WM__Private.o)
    0x08018c70   0x00000018   Code   RO         2572    .text.WM__GetLastSibling  STemWin_CM4_OS_wc16_ARGB.a(WM__Private.o)
    0x08018c88   0x00000184   Code   RO         1875    .text.WM__GetNextIVR  STemWin_CM4_OS_wc16_ARGB.a(WM.o)
    0x08018e0c   0x00000026   Code   RO         2575    .text.WM__GetPrevSibling  STemWin_CM4_OS_wc16_ARGB.a(WM__Private.o)
    0x08018e32   0x00000002   PAD
    0x08018e34   0x00000028   Code   RO         1858    .text.WM__GetTopLevelLayer  STemWin_CM4_OS_wc16_ARGB.a(WM.o)
    0x08018e5c   0x0000000e   Code   RO         2490    .text.WM__GetWindowSizeX  STemWin_CM4_OS_wc16_ARGB.a(WM_GetWindowSize.o)
    0x08018e6a   0x0000000e   Code   RO         2491    .text.WM__GetWindowSizeY  STemWin_CM4_OS_wc16_ARGB.a(WM_GetWindowSize.o)
    0x08018e78   0x00000100   Code   RO         1876    .text.WM__InitIVRSearch  STemWin_CM4_OS_wc16_ARGB.a(WM.o)
    0x08018f78   0x000000ac   Code   RO         1847    .text.WM__InsertWindowIntoList  STemWin_CM4_OS_wc16_ARGB.a(WM.o)
    0x08019024   0x00000006   Code   RO         1860    .text.WM__Invalidate1Abs  STemWin_CM4_OS_wc16_ARGB.a(WM.o)
    0x0801902a   0x00000002   PAD
    0x0801902c   0x00000050   Code   RO         1853    .text.WM__InvalidateDrawAndDescs  STemWin_CM4_OS_wc16_ARGB.a(WM.o)
    0x0801907c   0x0000002a   Code   RO         1863    .text.WM__InvalidateParent  STemWin_CM4_OS_wc16_ARGB.a(WM.o)
    0x080190a6   0x00000076   Code   RO         1862    .text.WM__InvalidateRect  STemWin_CM4_OS_wc16_ARGB.a(WM.o)
    0x0801911c   0x00000006   Code   RO         1864    .text.WM__InvalidateRectEx  STemWin_CM4_OS_wc16_ARGB.a(WM.o)
    0x08019122   0x00000022   Code   RO         2576    .text.WM__IsAncestor  STemWin_CM4_OS_wc16_ARGB.a(WM__Private.o)
    0x08019144   0x0000000c   Code   RO         2577    .text.WM__IsAncestorOrSelf  STemWin_CM4_OS_wc16_ARGB.a(WM__Private.o)
    0x08019150   0x00000028   Code   RO         2578    .text.WM__IsChild   STemWin_CM4_OS_wc16_ARGB.a(WM__Private.o)
    0x08019178   0x00000012   Code   RO         2580    .text.WM__IsEnabled  STemWin_CM4_OS_wc16_ARGB.a(WM__Private.o)
    0x0801918a   0x00000002   PAD
    0x0801918c   0x00000060   Code   RO         2552    .text.WM__IsInModalArea  STemWin_CM4_OS_wc16_ARGB.a(WM_Touch.o)
    0x080191ec   0x00000036   Code   RO         2948    .text.WM__IsInWindow  STemWin_CM4_OS_wc16_ARGB.a(WM_Screen2Win.o)
    0x08019222   0x00000002   PAD
    0x08019224   0x00000020   Code   RO         1852    .text.WM__IsWindow  STemWin_CM4_OS_wc16_ARGB.a(WM.o)
    0x08019244   0x000000a8   Code   RO         2507    .text.WM__MoveWindow  STemWin_CM4_OS_wc16_ARGB.a(WM_Move.o)
    0x080192ec   0x000000b4   Code   RO         1879    .text.WM__Paint     STemWin_CM4_OS_wc16_ARGB.a(WM.o)
    0x080193a0   0x00000094   Code   RO         1878    .text.WM__Paint1    STemWin_CM4_OS_wc16_ARGB.a(WM.o)
    0x08019434   0x00000078   Code   RO         1844    .text.WM__PaintWinAndOverlays  STemWin_CM4_OS_wc16_ARGB.a(WM.o)
    0x080194ac   0x00000022   Code   RO         1854    .text.WM__RectIsNZ  STemWin_CM4_OS_wc16_ARGB.a(WM.o)
    0x080194ce   0x00000002   PAD
    0x080194d0   0x00000030   Code   RO         2955    .text.WM__ReleaseCapture  STemWin_CM4_OS_wc16_ARGB.a(WM_SetCapture.o)
    0x08019500   0x0000002c   Code   RO         2588    .text.WM__RemoveCriticalHandle  STemWin_CM4_OS_wc16_ARGB.a(WM__Private.o)
    0x0801952c   0x0000003c   Code   RO         1848    .text.WM__RemoveWindowFromList  STemWin_CM4_OS_wc16_ARGB.a(WM.o)
    0x08019568   0x00000014   Code   RO         2582    .text.WM__Screen2Client  STemWin_CM4_OS_wc16_ARGB.a(WM__Private.o)
    0x0801957c   0x00000014   Code   RO         1868    .text.WM__SelectTopLevelLayer  STemWin_CM4_OS_wc16_ARGB.a(WM.o)
    0x08019590   0x0000003c   Code   RO         2583    .text.WM__SendMessage  STemWin_CM4_OS_wc16_ARGB.a(WM__Private.o)
    0x080195cc   0x0000001a   Code   RO         2584    .text.WM__SendMessageIfEnabled  STemWin_CM4_OS_wc16_ARGB.a(WM__Private.o)
    0x080195e6   0x00000028   Code   RO         2585    .text.WM__SendMessageNoPara  STemWin_CM4_OS_wc16_ARGB.a(WM__Private.o)
    0x0801960e   0x00000016   Code   RO         1856    .text.WM__SendMsgNoData  STemWin_CM4_OS_wc16_ARGB.a(WM.o)
    0x08019624   0x00000042   Code   RO         2553    .text.WM__SendPIDMessage  STemWin_CM4_OS_wc16_ARGB.a(WM_Touch.o)
    0x08019666   0x0000003a   Code   RO         2554    .text.WM__SendTouchMessage  STemWin_CM4_OS_wc16_ARGB.a(WM_Touch.o)
    0x080196a0   0x00000008   Code   RO         2530    .text.WM__SetScrollbarH  STemWin_CM4_OS_wc16_ARGB.a(WM_SetScrollbar.o)
    0x080196a8   0x00000008   Code   RO         2529    .text.WM__SetScrollbarV  STemWin_CM4_OS_wc16_ARGB.a(WM_SetScrollbar.o)
    0x080196b0   0x000000ec   Code   RO         2586    .text.WM__UpdateChildPositions  STemWin_CM4_OS_wc16_ARGB.a(WM__Private.o)
    0x0801979c   0x00000040   Code   RO         2759    .text._Add          STemWin_CM4_OS_wc16_ARGB.a(GUI_FillPolygon.o)
    0x080197dc   0x000000a4   Code   RO         1489    .text._AddFreeMemory  STemWin_CM4_OS_wc16_ARGB.a(GUI_Alloc.o)
    0x08019880   0x000000f0   Code   RO         1515    .text._Alloc        STemWin_CM4_OS_wc16_ARGB.a(GUI_Alloc.o)
    0x08019970   0x00000158   Code   RO         2962    .text._CalcPositions  STemWin_CM4_OS_wc16_ARGB.a(SCROLLBAR_Skin.o)
    0x08019ac8   0x00000004   Code   RO         2285    .text._CalcSizeOfChar  STemWin_CM4_OS_wc16_ARGB.a(GUI_UC_EncodeNone.o)
    0x08019acc   0x00000044   Code   RO         3079    .text._ClipX        STemWin_CM4_OS_wc16_ARGB.a(GUIDEV_WriteToActiveAlpha.o)
    0x08019b10   0x00000044   Code   RO         3080    .text._ClipY        STemWin_CM4_OS_wc16_ARGB.a(GUIDEV_WriteToActiveAlpha.o)
    0x08019b54   0x0000005c   Code   RO         1480    .text._Color2IndexBulk  STemWin_CM4_OS_wc16_ARGB.a(GUICC_M565.o)
    0x08019bb0   0x00000010   Code   RO         2690    .text._Color2IndexBulk_M8888I  STemWin_CM4_OS_wc16_ARGB.a(GUICC_M8888I.o)
    0x08019bc0   0x00000052   Code   RO         2699    .text._Color2Index_0  STemWin_CM4_OS_wc16_ARGB.a(GUICC_0.o)
    0x08019c12   0x00000002   PAD
    0x08019c14   0x00000028   Code   RO         1478    .text._Color2Index_M565  STemWin_CM4_OS_wc16_ARGB.a(GUICC_M565.o)
    0x08019c3c   0x00000002   Code   RO         2688    .text._Color2Index_M8888I  STemWin_CM4_OS_wc16_ARGB.a(GUICC_M8888I.o)
    0x08019c3e   0x0000003e   Code   RO         2479    .text._Convert16    STemWin_CM4_OS_wc16_ARGB.a(GUIDEV_WriteToActiveOpaque.o)
    0x08019c7c   0x00000042   Code   RO         2480    .text._Convert8     STemWin_CM4_OS_wc16_ARGB.a(GUIDEV_WriteToActiveOpaque.o)
    0x08019cbe   0x0000002c   Code   RO         2594    .text._Create       STemWin_CM4_OS_wc16_ARGB.a(FRAMEWIN_Skin.o)
    0x08019cea   0x00000002   PAD
    0x08019cec   0x00000038   Code   RO         2961    .text._Create       STemWin_CM4_OS_wc16_ARGB.a(SCROLLBAR_Skin.o)
    0x08019d24   0x000000aa   Code   RO         3027    .text._CreateBuffer  STemWin_CM4_OS_wc16_ARGB.a(GUI_SPRITE.o)
    0x08019dce   0x00000002   PAD
    0x08019dd0   0x00000164   Code   RO         2461    .text._CreateStaticDevice  STemWin_CM4_OS_wc16_ARGB.a(GUIDEV_StaticDevices.o)
    0x08019f34   0x00000024   Code   RO         2629    .text._DeleteTimer  STemWin_CM4_OS_wc16_ARGB.a(SCROLLBAR.o)
    0x08019f58   0x0000004c   Code   RO         1709    .text._DispFloatFix  STemWin_CM4_OS_wc16_ARGB.a(GUI_Valf.o)
    0x08019fa4   0x00000130   Code   RO         1710    .text._DispFloatMin  STemWin_CM4_OS_wc16_ARGB.a(GUI_Valf.o)
    0x0801a0d4   0x0000009c   Code   RO         2124    .text._DispLine     STemWin_CM4_OS_wc16_ARGB.a(GUI_CharLine.o)
    0x0801a170   0x0000005c   Code   RO         2973    .text._DrawBackgroundH  STemWin_CM4_OS_wc16_ARGB.a(SCROLLBAR_SkinFlex.o)
    0x0801a1cc   0x0000005c   Code   RO         2974    .text._DrawBackgroundV  STemWin_CM4_OS_wc16_ARGB.a(SCROLLBAR_SkinFlex.o)
    0x0801a228   0x00000740   Code   RO         1830    .text._DrawBitmap   STemWin_CM4_OS_wc16_ARGB.a(GUIDEV_16.o)
    0x0801a968   0x00000718   Code   RO         2887    .text._DrawBitmap   STemWin_CM4_OS_wc16_ARGB.a(GUIDEV_32.o)
    0x0801b080   0x00000014   Code   RO         2984    .text._DrawDown     STemWin_CM4_OS_wc16_ARGB.a(WIDGET_Effect_Simple.o)
    0x0801b094   0x00000038   Code   RO         2982    .text._DrawDownRect  STemWin_CM4_OS_wc16_ARGB.a(WIDGET_Effect_Simple.o)
    0x0801b0cc   0x000000f4   Code   RO         2972    .text._DrawFrame    STemWin_CM4_OS_wc16_ARGB.a(SCROLLBAR_SkinFlex.o)
    0x0801b1c0   0x00000194   Code   RO         2753    .text._DrawGradient  STemWin_CM4_OS_wc16_ARGB.a(GUI_DrawGradient.o)
    0x0801b354   0x0000005c   Code   RO         2970    .text._DrawGraspH   STemWin_CM4_OS_wc16_ARGB.a(SCROLLBAR_SkinFlex.o)
    0x0801b3b0   0x0000005c   Code   RO         2971    .text._DrawGraspV   STemWin_CM4_OS_wc16_ARGB.a(SCROLLBAR_SkinFlex.o)
    0x0801b40c   0x0000000e   Code   RO         1829    .text._DrawHLine    STemWin_CM4_OS_wc16_ARGB.a(GUIDEV_16.o)
    0x0801b41a   0x0000000e   Code   RO         2886    .text._DrawHLine    STemWin_CM4_OS_wc16_ARGB.a(GUIDEV_32.o)
    0x0801b428   0x00000004   Code   RO         2985    .text._DrawUp       STemWin_CM4_OS_wc16_ARGB.a(WIDGET_Effect_Simple.o)
    0x0801b42c   0x00000004   Code   RO         2983    .text._DrawUpRect   STemWin_CM4_OS_wc16_ARGB.a(WIDGET_Effect_Simple.o)
    0x0801b430   0x000000bc   Code   RO         1827    .text._DrawVLine    STemWin_CM4_OS_wc16_ARGB.a(GUIDEV_16.o)
    0x0801b4ec   0x000000b4   Code   RO         2884    .text._DrawVLine    STemWin_CM4_OS_wc16_ARGB.a(GUIDEV_32.o)
    0x0801b5a0   0x00000060   Code   RO         2656    .text._EffectRequiresRedraw  STemWin_CM4_OS_wc16_ARGB.a(WIDGET.o)
    0x0801b600   0x00000006   Code   RO         2286    .text._Encode       STemWin_CM4_OS_wc16_ARGB.a(GUI_UC_EncodeNone.o)
    0x0801b606   0x00000002   PAD
    0x0801b608   0x0000009c   Code   RO         1510    .text._EnlargeBlocks  STemWin_CM4_OS_wc16_ARGB.a(GUI_Alloc.o)
    0x0801b6a4   0x00000094   Code   RO         1880    .text._Exec1Draw    STemWin_CM4_OS_wc16_ARGB.a(WM.o)
    0x0801b738   0x0000008c   Code   RO         1873    .text._Exec1Input   STemWin_CM4_OS_wc16_ARGB.a(WM.o)
    0x0801b7c4   0x000000b4   Code   RO         1828    .text._FillRect     STemWin_CM4_OS_wc16_ARGB.a(GUIDEV_16.o)
    0x0801b878   0x000000b4   Code   RO         2885    .text._FillRect     STemWin_CM4_OS_wc16_ARGB.a(GUIDEV_32.o)
    0x0801b92c   0x00000086   Code   RO         1840    .text._Findx0       STemWin_CM4_OS_wc16_ARGB.a(WM.o)
    0x0801b9b2   0x00000072   Code   RO         1841    .text._Findx1       STemWin_CM4_OS_wc16_ARGB.a(WM.o)
    0x0801ba24   0x000000a6   Code   RO         1839    .text._Findy1       STemWin_CM4_OS_wc16_ARGB.a(WM.o)
    0x0801baca   0x0000007a   Code   RO         3033    .text._FlushBuffer.isra.5  STemWin_CM4_OS_wc16_ARGB.a(GUI_SPRITE.o)
    0x0801bb44   0x00000004   Code   RO         2928    .text._GUI_USAGE_BM_Delete  STemWin_CM4_OS_wc16_ARGB.a(GUIDEV_UsageBM.o)
    0x0801bb48   0x00000030   Code   RO         2969    .text._GetArrowPara  STemWin_CM4_OS_wc16_ARGB.a(SCROLLBAR_SkinFlex.o)
    0x0801bb78   0x00000070   Code   RO         3029    .text._GetBkIndex.isra.0  STemWin_CM4_OS_wc16_ARGB.a(GUI_SPRITE.o)
    0x0801bbe8   0x00000076   Code   RO         3030    .text._GetBkIndexAlpha.isra.2  STemWin_CM4_OS_wc16_ARGB.a(GUI_SPRITE.o)
    0x0801bc5e   0x00000040   Code   RO         2593    .text._GetBorderSize  STemWin_CM4_OS_wc16_ARGB.a(FRAMEWIN_Skin.o)
    0x0801bc9e   0x00000004   Code   RO         2283    .text._GetCharCode  STemWin_CM4_OS_wc16_ARGB.a(GUI_UC_EncodeNone.o)
    0x0801bca2   0x00000004   Code   RO         2284    .text._GetCharSize  STemWin_CM4_OS_wc16_ARGB.a(GUI_UC_EncodeNone.o)
    0x0801bca6   0x00000036   Code   RO         2345    .text._GetCharWrap  STemWin_CM4_OS_wc16_ARGB.a(GUI__Wrap.o)
    0x0801bcdc   0x00000044   Code   RO         1707    .text._GetDecs      STemWin_CM4_OS_wc16_ARGB.a(GUI_Valf.o)
    0x0801bd20   0x00000010   Code   RO         1819    .text._GetDevData   STemWin_CM4_OS_wc16_ARGB.a(GUIDEV_16.o)
    0x0801bd30   0x00000010   Code   RO         2875    .text._GetDevData   STemWin_CM4_OS_wc16_ARGB.a(GUIDEV_32.o)
    0x0801bd40   0x00000010   Code   RO         1820    .text._GetDevFunc   STemWin_CM4_OS_wc16_ARGB.a(GUIDEV_16.o)
    0x0801bd50   0x00000010   Code   RO         2876    .text._GetDevFunc   STemWin_CM4_OS_wc16_ARGB.a(GUIDEV_32.o)
    0x0801bd60   0x0000001e   Code   RO         1719    .text._GetDevProp   STemWin_CM4_OS_wc16_ARGB.a(LCD_GetEx.o)
    0x0801bd7e   0x00000018   Code   RO         1831    .text._GetDevProp   STemWin_CM4_OS_wc16_ARGB.a(GUIDEV_16.o)
    0x0801bd96   0x0000000a   Code   RO         2877    .text._GetDevProp   STemWin_CM4_OS_wc16_ARGB.a(GUIDEV_32.o)
    0x0801bda0   0x0000003c   Code   RO         3032    .text._GetDeviceRect  STemWin_CM4_OS_wc16_ARGB.a(GUI_SPRITE.o)
    0x0801bddc   0x00000046   Code   RO         1917    .text._GetDialogItem  STemWin_CM4_OS_wc16_ARGB.a(WM_Lib.o)
    0x0801be22   0x00000052   Code   RO         2697    .text._GetIndexMask_0  STemWin_CM4_OS_wc16_ARGB.a(GUICC_0.o)
    0x0801be74   0x00000006   Code   RO         1479    .text._GetIndexMask_M565  STemWin_CM4_OS_wc16_ARGB.a(GUICC_M565.o)
    0x0801be7a   0x00000006   Code   RO         2689    .text._GetIndexMask_M8888I  STemWin_CM4_OS_wc16_ARGB.a(GUICC_M8888I.o)
    0x0801be80   0x00000022   Code   RO         1720    .text._GetMaxValue  STemWin_CM4_OS_wc16_ARGB.a(LCD_GetEx.o)
    0x0801bea2   0x00000026   Code   RO         2518    .text._GetNextChild  STemWin_CM4_OS_wc16_ARGB.a(WM_SetFocusOnNextChild.o)
    0x0801bec8   0x0000000e   Code   RO         1824    .text._GetPixelIndex  STemWin_CM4_OS_wc16_ARGB.a(GUIDEV_16.o)
    0x0801bed6   0x0000000e   Code   RO         2881    .text._GetPixelIndex  STemWin_CM4_OS_wc16_ARGB.a(GUIDEV_32.o)
    0x0801bee4   0x0000001e   Code   RO         2523    .text._GetPrevChild  STemWin_CM4_OS_wc16_ARGB.a(WM_SetFocusOnPrevChild.o)
    0x0801bf02   0x00000036   Code   RO         1822    .text._GetRect      STemWin_CM4_OS_wc16_ARGB.a(GUIDEV_16.o)
    0x0801bf38   0x00000036   Code   RO         2879    .text._GetRect      STemWin_CM4_OS_wc16_ARGB.a(GUIDEV_32.o)
    0x0801bf6e   0x00000002   PAD
    0x0801bf70   0x0000003c   Code   RO         2260    .text._GetTaskNo    STemWin_CM4_OS_wc16_ARGB.a(GUI_Task.o)
    0x0801bfac   0x00000054   Code   RO         2844    .text._GetTwinArcPara  STemWin_CM4_OS_wc16_ARGB.a(GUI__DrawTwinArc.o)
    0x0801c000   0x00000098   Code   RO         2344    .text._GetWordWrap  STemWin_CM4_OS_wc16_ARGB.a(GUI__Wrap.o)
    0x0801c098   0x00000068   Code   RO         1481    .text._Index2ColorBulk  STemWin_CM4_OS_wc16_ARGB.a(GUICC_M565.o)
    0x0801c100   0x00000010   Code   RO         2691    .text._Index2ColorBulk_M8888I  STemWin_CM4_OS_wc16_ARGB.a(GUICC_M8888I.o)
    0x0801c110   0x0000001e   Code   RO         2698    .text._Index2Color_0  STemWin_CM4_OS_wc16_ARGB.a(GUICC_0.o)
    0x0801c12e   0x00000002   PAD
    0x0801c130   0x00000080   Code   RO         1625    .text._InitContext  STemWin_CM4_OS_wc16_ARGB.a(GUI_Core.o)
    0x0801c1b0   0x00000068   Code   RO         1511    .text._InitOnce     STemWin_CM4_OS_wc16_ARGB.a(GUI_Alloc.o)
    0x0801c218   0x000000a0   Code   RO         1859    .text._Invalidate1Abs  STemWin_CM4_OS_wc16_ARGB.a(WM.o)
    0x0801c2b8   0x00000068   Code   RO         2072    .text._InvalidateNewItem  STemWin_CM4_OS_wc16_ARGB.a(GRAPH_DATA_YT.o)
    0x0801c320   0x00000090   Code   RO         2806    .text._Link         STemWin_CM4_OS_wc16_ARGB.a(GUI_Timer.o)
    0x0801c3b0   0x00000002   Code   RO         2123    .text._Log2VisBuffered  STemWin_CM4_OS_wc16_ARGB.a(GUI_CharLine.o)
    0x0801c3b2   0x00000002   PAD
    0x0801c3b4   0x0000002c   Code   RO         1976    .text._MULTIBUF_Begin  STemWin_CM4_OS_wc16_ARGB.a(WM_MULTIBUF.o)
    0x0801c3e0   0x0000002c   Code   RO         1975    .text._MULTIBUF_End  STemWin_CM4_OS_wc16_ARGB.a(WM_MULTIBUF.o)
    0x0801c40c   0x000000ba   Code   RO         2035    .text._ManageScrollbars  STemWin_CM4_OS_wc16_ARGB.a(GRAPH.o)
    0x0801c4c6   0x00000072   Code   RO         2506    .text._MoveDescendents  STemWin_CM4_OS_wc16_ARGB.a(WM_Move.o)
    0x0801c538   0x00000028   Code   RO         2070    .text._OnDelete     STemWin_CM4_OS_wc16_ARGB.a(GRAPH_DATA_YT.o)
    0x0801c560   0x00000044   Code   RO         1626    .text._OnExit       STemWin_CM4_OS_wc16_ARGB.a(GUI_Core.o)
    0x0801c5a4   0x0000009c   Code   RO         1837    .text._OnExit       STemWin_CM4_OS_wc16_ARGB.a(WM.o)
    0x0801c640   0x00000014   Code   RO         2261    .text._OnExit       STemWin_CM4_OS_wc16_ARGB.a(GUI_Task.o)
    0x0801c654   0x0000001c   Code   RO         2378    .text._OnExit       STemWin_CM4_OS_wc16_ARGB.a(LCD_Color.o)
    0x0801c670   0x00000018   Code   RO         2765    .text._OnExit       STemWin_CM4_OS_wc16_ARGB.a(GUI_PID.o)
    0x0801c688   0x00000010   Code   RO         2804    .text._OnExit       STemWin_CM4_OS_wc16_ARGB.a(GUI_Timer.o)
    0x0801c698   0x00000028   Code   RO         2826    .text._OnExit       STemWin_CM4_OS_wc16_ARGB.a(GUI__Alpha.o)
    0x0801c6c0   0x000000e2   Code   RO         2071    .text._OnPaint      STemWin_CM4_OS_wc16_ARGB.a(GRAPH_DATA_YT.o)
    0x0801c7a2   0x000001ba   Code   RO         2084    .text._OnPaint      STemWin_CM4_OS_wc16_ARGB.a(GRAPH_SCALE.o)
    0x0801c95c   0x00000038   Code   RO         2036    .text._OnScrollValueChanged  STemWin_CM4_OS_wc16_ARGB.a(GRAPH.o)
    0x0801c994   0x000000fe   Code   RO         2595    .text._Paint        STemWin_CM4_OS_wc16_ARGB.a(FRAMEWIN_Skin.o)
    0x0801ca92   0x000000b6   Code   RO         2963    .text._Paint        STemWin_CM4_OS_wc16_ARGB.a(SCROLLBAR_Skin.o)
    0x0801cb48   0x00000028   Code   RO         1838    .text._Paint1       STemWin_CM4_OS_wc16_ARGB.a(WM.o)
    0x0801cb70   0x00000094   Code   RO         1842    .text._Paint1Trans  STemWin_CM4_OS_wc16_ARGB.a(WM.o)
    0x0801cc04   0x000000ae   Code   RO         1843    .text._PaintTransChildren  STemWin_CM4_OS_wc16_ARGB.a(WM.o)
    0x0801ccb2   0x00000002   PAD
    0x0801ccb4   0x00000024   Code   RO         1487    .text._PushFreeBlock  STemWin_CM4_OS_wc16_ARGB.a(GUI_Alloc.o)
    0x0801ccd8   0x0000001e   Code   RO         3035    .text._ReleaseBuffer.isra.6  STemWin_CM4_OS_wc16_ARGB.a(GUI_SPRITE.o)
    0x0801ccf6   0x00000002   PAD
    0x0801ccf8   0x00000040   Code   RO         1488    .text._RemoveFreeBlock  STemWin_CM4_OS_wc16_ARGB.a(GUI_Alloc.o)
    0x0801cd38   0x0000009c   Code   RO         1490    .text._RemoveHoles  STemWin_CM4_OS_wc16_ARGB.a(GUI_Alloc.o)
    0x0801cdd4   0x00000048   Code   RO         1708    .text._RoundHalfUp  STemWin_CM4_OS_wc16_ARGB.a(GUI_Valf.o)
    0x0801ce1c   0x00000060   Code   RO         2949    .text._Screen2hWin  STemWin_CM4_OS_wc16_ARGB.a(WM_Screen2Win.o)
    0x0801ce7c   0x00000038   Code   RO         1995    .text._SetActive    STemWin_CM4_OS_wc16_ARGB.a(FRAMEWIN.o)
    0x0801ceb4   0x00000020   Code   RO         2370    .text._SetBkColor   STemWin_CM4_OS_wc16_ARGB.a(LCD.o)
    0x0801ced4   0x00000044   Code   RO         3034    .text._SetBkIndexBuffered  STemWin_CM4_OS_wc16_ARGB.a(GUI_SPRITE.o)
    0x0801cf18   0x00000050   Code   RO         1850    .text._SetClipRectUserIntersect  STemWin_CM4_OS_wc16_ARGB.a(WM.o)
    0x0801cf68   0x00000020   Code   RO         2368    .text._SetColor     STemWin_CM4_OS_wc16_ARGB.a(LCD.o)
    0x0801cf88   0x00000028   Code   RO         2355    .text._SetDrawMode  STemWin_CM4_OS_wc16_ARGB.a(LCD.o)
    0x0801cfb0   0x00000090   Code   RO         2183    .text._SetLineColor  STemWin_CM4_OS_wc16_ARGB.a(GUI_DrawLine.o)
    0x0801d040   0x0000000c   Code   RO         1821    .text._SetOrg       STemWin_CM4_OS_wc16_ARGB.a(GUIDEV_16.o)
    0x0801d04c   0x00000008   Code   RO         2878    .text._SetOrg       STemWin_CM4_OS_wc16_ARGB.a(GUIDEV_32.o)
    0x0801d054   0x0000004c   Code   RO         1826    .text._SetPixelIndex  STemWin_CM4_OS_wc16_ARGB.a(GUIDEV_16.o)
    0x0801d0a0   0x0000004c   Code   RO         2883    .text._SetPixelIndex  STemWin_CM4_OS_wc16_ARGB.a(GUIDEV_32.o)
    0x0801d0ec   0x00000052   Code   RO         2528    .text._SetScrollbar  STemWin_CM4_OS_wc16_ARGB.a(WM_SetScrollbar.o)
    0x0801d13e   0x00000002   PAD
    0x0801d140   0x0000004c   Code   RO         2807    .text._Unlink       STemWin_CM4_OS_wc16_ARGB.a(GUI_Timer.o)
    0x0801d18c   0x00000034   Code   RO         2346    .text._WrapGetNumCharsDisp  STemWin_CM4_OS_wc16_ARGB.a(GUI__Wrap.o)
    0x0801d1c0   0x00000148   Code   RO         3081    .text._WriteToActiveAlpha  STemWin_CM4_OS_wc16_ARGB.a(GUIDEV_WriteToActiveAlpha.o)
    0x0801d308   0x00000040   Code   RO         1823    .text._XY2PTR       STemWin_CM4_OS_wc16_ARGB.a(GUIDEV_16.o)
    0x0801d348   0x00000040   Code   RO         2880    .text._XY2PTR       STemWin_CM4_OS_wc16_ARGB.a(GUIDEV_32.o)
    0x0801d388   0x00000058   Code   RO         1825    .text._XorPixel     STemWin_CM4_OS_wc16_ARGB.a(GUIDEV_16.o)
    0x0801d3e0   0x0000005c   Code   RO         2882    .text._XorPixel     STemWin_CM4_OS_wc16_ARGB.a(GUIDEV_32.o)
    0x0801d43c   0x00000068   Code   RO         1887    .text._cbBackWin    STemWin_CM4_OS_wc16_ARGB.a(WM.o)
    0x0801d4a4   0x00000004   Code   RO         2485    .text._cbInvalidateOne  STemWin_CM4_OS_wc16_ARGB.a(WM_BringToTop.o)
    0x0801d4a8   0x0000006c   Code   RO         1845    .text._cbPaintMemDev  STemWin_CM4_OS_wc16_ARGB.a(WM.o)
    0x0801d514   0x0000002c   Code   RO         2542    .text._cbTimer      STemWin_CM4_OS_wc16_ARGB.a(WM_Timer.o)
    0x0801d540   0x000000a4   Code   RO         2364    .text.emWin_LCD_Init  STemWin_CM4_OS_wc16_ARGB.a(LCD.o)
    0x0801d5e4   0x00000020   Code   RO         3267    i.__0printf$5       mc_w.l(printf5.o)
    0x0801d604   0x00000028   Code   RO         3269    i.__0sprintf$5      mc_w.l(printf5.o)
    0x0801d62c   0x00000004   PAD
    0x0801d630   0x00000118   Code   RO         3083    i.__hardfp_ceil     m_wm.l(ceil.o)
    0x0801d748   0x00000118   Code   RO         3089    i.__hardfp_floor    m_wm.l(floor.o)
    0x0801d860   0x0000007a   Code   RO         3095    i.__hardfp_sqrt     m_wm.l(sqrt_full.o)
    0x0801d8da   0x0000000e   Code   RO         3512    i.__scatterload_copy  mc_w.l(handlers.o)
    0x0801d8e8   0x00000002   Code   RO         3513    i.__scatterload_null  mc_w.l(handlers.o)
    0x0801d8ea   0x0000000e   Code   RO         3514    i.__scatterload_zeroinit  mc_w.l(handlers.o)
    0x0801d8f8   0x0000000c   Code   RO         3441    i.__set_errno       mc_w.l(errno.o)
    0x0801d904   0x000002c0   Code   RO         3274    i._printf_core      mc_w.l(printf5.o)
    0x0801dbc4   0x0000000a   Code   RO         3276    i._sputc            mc_w.l(printf5.o)
    0x0801dbce   0x00000010   Code   RO         3085    i.ceil              m_wm.l(ceil.o)
    0x0801dbde   0x00000010   Code   RO         3091    i.floor             m_wm.l(floor.o)
    0x0801dbee   0x000017c0   Data   RO          407    .constdata          ili93xx.o
    0x0801f3ae   0x0000000a   Data   RO          533    .constdata          ott2001a.o
    0x0801f3b8   0x000000c2   Data   RO          592    .constdata          gt9147.o
    0x0801f47a   0x0000000a   Data   RO          619    .constdata          ft5206.o
    0x0801f484   0x000000a8   Data   RO          669    .constdata          gui.o
    0x0801f52c   0x0000001c   Data   RO          858    .constdata          stm32f4xx_fsmc.o
    0x0801f548   0x00000024   Data   RO         1068    .constdata          malloc.o
    0x0801f56c   0x00000034   Data   RO         1377    .constdata          guidrv_template.o
    0x0801f5a0   0x00000079   Data   RO          557    .conststring        touch.o
    0x0801f619   0x00000003   PAD
    0x0801f61c   0x00000019   Data   RO          670    .conststring        gui.o
    0x0801f635   0x00000003   PAD
    0x0801f638   0x00000018   Data   RO         1483    .rodata             STemWin_CM4_OS_wc16_ARGB.a(GUICC_M565.o)
    0x0801f650   0x00000038   Data   RO         1621    .rodata             STemWin_CM4_OS_wc16_ARGB.a(GUI_Common.o)
    0x0801f688   0x00000017   Data   RO         1650    .rodata             STemWin_CM4_OS_wc16_ARGB.a(GUI_Core.o)
    0x0801f69f   0x00000001   PAD
    0x0801f6a0   0x00000822   Data   RO         1799    .rodata             STemWin_CM4_OS_wc16_ARGB.a(F13_ASCII.o)
    0x0801fec2   0x00000002   PAD
    0x0801fec4   0x00000a88   Data   RO         1803    .rodata             STemWin_CM4_OS_wc16_ARGB.a(F16B_ASCII.o)
    0x0802094c   0x0000073c   Data   RO         1807    .rodata             STemWin_CM4_OS_wc16_ARGB.a(F6x8.o)
    0x08021088   0x00000d0c   Data   RO         1811    .rodata             STemWin_CM4_OS_wc16_ARGB.a(F8x16.o)
    0x08021d94   0x00001500   Data   RO         1815    .rodata             STemWin_CM4_OS_wc16_ARGB.a(FComic24B_ASCII.o)
    0x08023294   0x00000074   Data   RO         1833    .rodata             STemWin_CM4_OS_wc16_ARGB.a(GUIDEV_16.o)
    0x08023308   0x00000008   Data   RO         1979    .rodata             STemWin_CM4_OS_wc16_ARGB.a(WM_MULTIBUF.o)
    0x08023310   0x00000044   Data   RO         2195    .rodata             STemWin_CM4_OS_wc16_ARGB.a(GUI_DrawLine.o)
    0x08023354   0x00000010   Data   RO         2288    .rodata             STemWin_CM4_OS_wc16_ARGB.a(GUI_UC_EncodeNone.o)
    0x08023364   0x00000370   Data   RO         2301    .rodata             STemWin_CM4_OS_wc16_ARGB.a(GUI__DivTbl.o)
    0x080236d4   0x0000000c   Data   RO         2374    .rodata             STemWin_CM4_OS_wc16_ARGB.a(LCD.o)
    0x080236e0   0x00000100   Data   RO         2400    .rodata             STemWin_CM4_OS_wc16_ARGB.a(LCD_Mirror.o)
    0x080237e0   0x0000086b   Data   RO         2439    .rodata             STemWin_CM4_OS_wc16_ARGB.a(F13_1.o)
    0x0802404b   0x00000001   PAD
    0x0802404c   0x00000018   Data   RO         2693    .rodata             STemWin_CM4_OS_wc16_ARGB.a(GUICC_M8888I.o)
    0x08024064   0x00000018   Data   RO         2702    .rodata             STemWin_CM4_OS_wc16_ARGB.a(GUICC_0.o)
    0x0802407c   0x00000074   Data   RO         2888    .rodata             STemWin_CM4_OS_wc16_ARGB.a(GUIDEV_32.o)
    0x080240f0   0x00000018   Data   RO         2932    .rodata             STemWin_CM4_OS_wc16_ARGB.a(GUIDEV_UsageBM.o)
    0x08024108   0x0000001c   Data   RO         2989    .rodata             STemWin_CM4_OS_wc16_ARGB.a(WIDGET_Effect_Simple.o)
    0x08024124   0x0000000d   Data   RO         2119    .rodata.str1.1      STemWin_CM4_OS_wc16_ARGB.a(TEXT.o)
    0x08024131   0x00000003   PAD
    0x08024134   0x00000020   Data   RO         3510    Region$$Table       anon$$obj.o


    Execution Region RW_IRAM1 (Base: 0x20000000, Size: 0x0001df24, Max: 0x00020000, ABSOLUTE, COMPRESSED[0x0000019c])

    Base Addr    Size         Type   Attr      Idx    E Section Name        Object

    0x20000000   0x00000010   Data   RW            4    .data               main.o
    0x20000010   0x00000014   Data   RW          360    .data               system_stm32f4xx.o
    0x20000024   0x00000004   Data   RW          408    .data               ili93xx.o
    0x20000028   0x00000001   Data   RW          534    .data               ott2001a.o
    0x20000029   0x00000003   PAD
    0x2000002c   0x00000054   Data   RW          558    .data               touch.o
    0x20000080   0x00000001   Data   RW          593    .data               gt9147.o
    0x20000081   0x00000001   Data   RW          620    .data               ft5206.o
    0x20000082   0x00000006   PAD
    0x20000088   0x00000008   Data   RW          643    .data               timer.o
    0x20000090   0x0000000e   Data   RW          671    .data               gui.o
    0x2000009e   0x00000010   Data   RW          901    .data               stm32f4xx_rcc.o
    0x200000ae   0x00000004   Data   RW          983    .data               delay.o
    0x200000b2   0x00000002   PAD
    0x200000b4   0x00000006   Data   RW         1027    .data               usart.o
    0x200000ba   0x00000002   PAD
    0x200000bc   0x00000024   Data   RW         1069    .data               malloc.o
    0x200000e0   0x0000003c   Data   RW         1206    .data               tasks.o
    0x2000011c   0x00000014   Data   RW         1245    .data               timers.o
    0x20000130   0x0000000c   Data   RW         1268    .data               port.o
    0x2000013c   0x00000018   Data   RW         1306    .data               heap_4.o
    0x20000154   0x00000011   Data   RW         1352    .data               gui_x_freertos.o
    0x20000165   0x00000003   PAD
    0x20000168   0x00000008   Data   RW         1378    .data               guidrv_template.o
    0x20000170   0x00000007   Data   RW         1533    .data               STemWin_CM4_OS_wc16_ARGB.a(GUI_Common.o)
    0x20000177   0x00000001   PAD
    0x20000178   0x00000014   Data   RW         1623    .data               STemWin_CM4_OS_wc16_ARGB.a(GUI_Core.o)
    0x2000018c   0x00000008   Data   RW         1679    .data               STemWin_CM4_OS_wc16_ARGB.a(GUI_TOUCH_DriverAnalog.o)
    0x20000194   0x00000004   Data   RW         1687    .data               STemWin_CM4_OS_wc16_ARGB.a(GUI_Time.o)
    0x20000198   0x0000002c   Data   RW         1992    .data               STemWin_CM4_OS_wc16_ARGB.a(FRAMEWIN.o)
    0x200001c4   0x00000030   Data   RW         2033    .data               STemWin_CM4_OS_wc16_ARGB.a(GRAPH.o)
    0x200001f4   0x00000008   Data   RW         2082    .data               STemWin_CM4_OS_wc16_ARGB.a(GRAPH_SCALE.o)
    0x200001fc   0x00000010   Data   RW         2095    .data               STemWin_CM4_OS_wc16_ARGB.a(TEXT.o)
    0x2000020c   0x00000004   Data   RW         2121    .data               STemWin_CM4_OS_wc16_ARGB.a(GUI_CharLine.o)
    0x20000210   0x00000008   Data   RW         2216    .data               STemWin_CM4_OS_wc16_ARGB.a(GUI_OnKey.o)
    0x20000218   0x00000008   Data   RW         2258    .data               STemWin_CM4_OS_wc16_ARGB.a(GUI_Task.o)
    0x20000220   0x00000008   Data   RW         2311    .data               STemWin_CM4_OS_wc16_ARGB.a(GUI__Private.o)
    0x20000228   0x00000008   Data   RW         2342    .data               STemWin_CM4_OS_wc16_ARGB.a(GUI__Wrap.o)
    0x20000230   0x00000004   Data   RW         2353    .data               STemWin_CM4_OS_wc16_ARGB.a(LCD.o)
    0x20000234   0x00000004   Data   RW         2376    .data               STemWin_CM4_OS_wc16_ARGB.a(LCD_Color.o)
    0x20000238   0x00000004   Data   RW         2549    .data               STemWin_CM4_OS_wc16_ARGB.a(WM_Touch.o)
    0x2000023c   0x00000014   Data   RW         2591    .data               STemWin_CM4_OS_wc16_ARGB.a(FRAMEWIN_Skin.o)
    0x20000250   0x00000058   Data   RW         2599    .data               STemWin_CM4_OS_wc16_ARGB.a(FRAMEWIN_SkinFlex.o)
    0x200002a8   0x0000001a   Data   RW         2627    .data               STemWin_CM4_OS_wc16_ARGB.a(SCROLLBAR.o)
    0x200002c2   0x00000002   PAD
    0x200002c4   0x00000004   Data   RW         2654    .data               STemWin_CM4_OS_wc16_ARGB.a(WIDGET.o)
    0x200002c8   0x00000008   Data   RW         2763    .data               STemWin_CM4_OS_wc16_ARGB.a(GUI_PID.o)
    0x200002d0   0x00000008   Data   RW         2822    .data               STemWin_CM4_OS_wc16_ARGB.a(GUI__Alpha.o)
    0x200002d8   0x00000018   Data   RW         2850    .data               STemWin_CM4_OS_wc16_ARGB.a(LCD_AA.o)
    0x200002f0   0x0000000c   Data   RW         2959    .data               STemWin_CM4_OS_wc16_ARGB.a(SCROLLBAR_Skin.o)
    0x200002fc   0x00000058   Data   RW         2967    .data               STemWin_CM4_OS_wc16_ARGB.a(SCROLLBAR_SkinFlex.o)
    0x20000354   0x00000004   Data   RW         2980    .data               STemWin_CM4_OS_wc16_ARGB.a(WIDGET_Effect_Simple.o)
    0x20000358   0x00000004   Data   RW         3442    .data               mc_w.l(errno.o)
    0x2000035c   0x0000000e   Zero   RW          406    .bss                ili93xx.o
    0x2000036a   0x000000c8   Zero   RW         1026    .bss                usart.o
    0x20000432   0x00000002   PAD
    0x20000434   0x00017e80   Zero   RW         1067    .bss                malloc.o
    0x200182b4   0x00000040   Zero   RW         1176    .bss                queue.o
    0x200182f4   0x000002e4   Zero   RW         1205    .bss                tasks.o
    0x200185d8   0x00000028   Zero   RW         1244    .bss                timers.o
    0x20018600   0x00005000   Zero   RW         1305    .bss                heap_4.o
    0x2001d600   0x00000008   Zero   RW         1476    .bss                STemWin_CM4_OS_wc16_ARGB.a(GUICC_M565.o)
    0x2001d608   0x0000000c   Zero   RW         1486    .bss                STemWin_CM4_OS_wc16_ARGB.a(GUI_Alloc.o)
    0x2001d614   0x000000a4   Zero   RW         1624    .bss                STemWin_CM4_OS_wc16_ARGB.a(GUI_Core.o)
    0x2001d6b8   0x0000002f   Zero   RW         1680    .bss                STemWin_CM4_OS_wc16_ARGB.a(GUI_TOUCH_DriverAnalog.o)
    0x2001d6e7   0x00000001   PAD
    0x2001d6e8   0x00000008   Zero   RW         1718    .bss                STemWin_CM4_OS_wc16_ARGB.a(LCD_GetEx.o)
    0x2001d6f0   0x00000004   Zero   RW         1818    .bss                STemWin_CM4_OS_wc16_ARGB.a(GUIDEV_16.o)
    0x2001d6f4   0x00000030   Zero   RW         1836    .bss                STemWin_CM4_OS_wc16_ARGB.a(WM.o)
    0x2001d724   0x0000002c   Zero   RW         2198    .bss                STemWin_CM4_OS_wc16_ARGB.a(GUI_MULTIBUF.o)
    0x2001d750   0x00000060   Zero   RW         2217    .bss                STemWin_CM4_OS_wc16_ARGB.a(GUI_OnKey.o)
    0x2001d7b0   0x00000008   Zero   RW         2228    .bss                STemWin_CM4_OS_wc16_ARGB.a(GUI_SelectLayer.o)
    0x2001d7b8   0x00000010   Zero   RW         2240    .bss                STemWin_CM4_OS_wc16_ARGB.a(GUI_TOUCH.o)
    0x2001d7c8   0x00000024   Zero   RW         2246    .bss                STemWin_CM4_OS_wc16_ARGB.a(GUI_TOUCH_Calibrate.o)
    0x2001d7ec   0x0000000c   Zero   RW         2253    .bss                STemWin_CM4_OS_wc16_ARGB.a(GUI_TOUCH_StoreState.o)
    0x2001d7f8   0x00000014   Zero   RW         2259    .bss                STemWin_CM4_OS_wc16_ARGB.a(GUI_Task.o)
    0x2001d80c   0x00000008   Zero   RW         2291    .bss                STemWin_CM4_OS_wc16_ARGB.a(GUI_WaitEvent.o)
    0x2001d814   0x00000018   Zero   RW         2304    .bss                STemWin_CM4_OS_wc16_ARGB.a(GUI__ManageCache.o)
    0x2001d82c   0x00000008   Zero   RW         2343    .bss                STemWin_CM4_OS_wc16_ARGB.a(GUI__Wrap.o)
    0x2001d834   0x0000000c   Zero   RW         2377    .bss                STemWin_CM4_OS_wc16_ARGB.a(LCD_Color.o)
    0x2001d840   0x00000004   Zero   RW         2455    .bss                STemWin_CM4_OS_wc16_ARGB.a(GUIDEV_Banding.o)
    0x2001d844   0x00000001   Zero   RW         2460    .bss                STemWin_CM4_OS_wc16_ARGB.a(GUIDEV_StaticDevices.o)
    0x2001d845   0x00000001   PAD
    0x2001d846   0x00000004   Zero   RW         2513    .bss                STemWin_CM4_OS_wc16_ARGB.a(WM_SetCaptureMove.o)
    0x2001d84a   0x00000002   PAD
    0x2001d84c   0x00000028   Zero   RW         2550    .bss                STemWin_CM4_OS_wc16_ARGB.a(WM_Touch.o)
    0x2001d874   0x00000004   Zero   RW         2568    .bss                STemWin_CM4_OS_wc16_ARGB.a(WM__Private.o)
    0x2001d878   0x0000004c   Zero   RW         2731    .bss                STemWin_CM4_OS_wc16_ARGB.a(GUI_Cursor.o)
    0x2001d8c4   0x0000001c   Zero   RW         2758    .bss                STemWin_CM4_OS_wc16_ARGB.a(GUI_FillPolygon.o)
    0x2001d8e0   0x00000058   Zero   RW         2764    .bss                STemWin_CM4_OS_wc16_ARGB.a(GUI_PID.o)
    0x2001d938   0x00000014   Zero   RW         2803    .bss                STemWin_CM4_OS_wc16_ARGB.a(GUI_Timer.o)
    0x2001d94c   0x00000020   Zero   RW         2823    .bss                STemWin_CM4_OS_wc16_ARGB.a(GUI__Alpha.o)
    0x2001d96c   0x00000018   Zero   RW         2942    .bss                STemWin_CM4_OS_wc16_ARGB.a(WM_PID__GetPrevState.o)
    0x2001d984   0x00000004   Zero   RW         3473    GUI_AA__ClipX0      anon$$obj.o
    0x2001d988   0x000000c0   Zero   RW         3459    GUI_ALLOC__Context  anon$$obj.o
    0x2001da48   0x00000004   Zero   RW         3480    GUI_DCACHE__pfClearCacheHook  anon$$obj.o
    0x2001da4c   0x00000001   Zero   RW         3461    GUI_DecChar         anon$$obj.o
    0x2001da4d   0x00000001   PAD
    0x2001da4e   0x00000002   Zero   RW         3462    GUI_OrgX            anon$$obj.o
    0x2001da50   0x00000002   Zero   RW         3463    GUI_OrgY            anon$$obj.o
    0x2001da52   0x00000002   PAD
    0x2001da54   0x00000004   Zero   RW         3472    GUI__BufferSize     anon$$obj.o
    0x2001da58   0x00000001   Zero   RW         3476    GUI__IsInitialized  anon$$obj.o
    0x2001da59   0x00000003   PAD
    0x2001da5c   0x00000004   Zero   RW         3478    GUI__LayerMask      anon$$obj.o
    0x2001da60   0x00000001   Zero   RW         3477    GUI__NumLayersInUse  anon$$obj.o
    0x2001da61   0x00000001   Zero   RW         3475    GUI__PreserveTrans  anon$$obj.o
    0x2001da62   0x00000002   Zero   RW         3474    GUI__aNumBuffers    anon$$obj.o
    0x2001da64   0x00000008   Zero   RW         3467    GUI__apDevice       anon$$obj.o
    0x2001da6c   0x00000004   Zero   RW         3508    GUI__pfDrawAlphaBitmapFunc  anon$$obj.o
    0x2001da70   0x00000004   Zero   RW         3509    GUI__pfDrawAlphaMemdevFunc  anon$$obj.o
    0x2001da74   0x00000004   Zero   RW         3479    GUI_pLCD_APIList    anon$$obj.o
    0x2001da78   0x00000004   Zero   RW         3470    GUI_pUC_API         anon$$obj.o
    0x2001da7c   0x00000004   Zero   RW         3468    GUI_pfDispCharLine  anon$$obj.o
    0x2001da80   0x00000004   Zero   RW         3460    GUI_pfDispCharStyle  anon$$obj.o
    0x2001da84   0x00000004   Zero   RW         3466    GUI_pfExecAnimations  anon$$obj.o
    0x2001da88   0x00000004   Zero   RW         3464    GUI_pfTimerExec     anon$$obj.o
    0x2001da8c   0x00000004   Zero   RW         3465    GUI_pfUpdateSoftLayer  anon$$obj.o
    0x2001da90   0x00000004   Zero   RW         3507    LCD__aConvTable     anon$$obj.o
    0x2001da94   0x00000004   PAD
    0x2001da98   0x00000400   Zero   RW          828    STACK               startup_stm32f40_41xxx.o
    0x2001de98   0x00000004   Zero   RW         3490    WM_MULTIBUF__pAPI   anon$$obj.o
    0x2001de9c   0x00000001   Zero   RW         3505    WM__CaptureReleaseAuto  anon$$obj.o
    0x2001de9d   0x00000003   PAD
    0x2001dea0   0x00000004   Zero   RW         3489    WM__CreateFlags     anon$$obj.o
    0x2001dea4   0x00000004   Zero   RW         3496    WM__FirstWin        anon$$obj.o
    0x2001dea8   0x00000004   Zero   RW         3499    WM__InvalidLayerMask  anon$$obj.o
    0x2001deac   0x00000002   Zero   RW         3498    WM__NumInvalidWindows  anon$$obj.o
    0x2001deae   0x00000002   Zero   RW         3500    WM__NumWindows      anon$$obj.o
    0x2001deb0   0x00000001   Zero   RW         3503    WM__PaintCallbackCnt  anon$$obj.o
    0x2001deb1   0x00000003   PAD
    0x2001deb4   0x00000004   Zero   RW         3501    WM__TouchedLayer    anon$$obj.o
    0x2001deb8   0x00000004   Zero   RW         3487    WM__TransWindowCnt  anon$$obj.o
    0x2001debc   0x00000008   Zero   RW         3504    WM__aBkColor        anon$$obj.o
    0x2001dec4   0x00000010   Zero   RW         3494    WM__aCHWinLast      anon$$obj.o
    0x2001ded4   0x00000010   Zero   RW         3492    WM__aCHWinModal     anon$$obj.o
    0x2001dee4   0x00000010   Zero   RW         3495    WM__aCHWinMouseOver  anon$$obj.o
    0x2001def4   0x00000008   Zero   RW         3486    WM__ahCapture       anon$$obj.o
    0x2001defc   0x00000008   Zero   RW         3493    WM__ahDesktopWin    anon$$obj.o
    0x2001df04   0x00000008   Zero   RW         3485    WM__ahWinFocus      anon$$obj.o
    0x2001df0c   0x00000004   Zero   RW         3488    WM__hATransWindow   anon$$obj.o
    0x2001df10   0x00000004   Zero   RW         3497    WM__hCreateStatic   anon$$obj.o
    0x2001df14   0x00000004   Zero   RW         3491    WM__pExecGestures   anon$$obj.o
    0x2001df18   0x00000004   Zero   RW         3484    WM__pFirstCriticalHandle  anon$$obj.o
    0x2001df1c   0x00000004   Zero   RW         3471    WM_pfHandlePID      anon$$obj.o
    0x2001df20   0x00000004   Zero   RW         3502    WM_pfPollPID        anon$$obj.o



  Load Region LR$$.ARM.__AT_0x10000000 (Base: 0x10000000, Size: 0x00000000, Max: 0x0000f000, ABSOLUTE)

    Execution Region ER$$.ARM.__AT_0x10000000 (Base: 0x10000000, Size: 0x0000f000, Max: 0x0000f000, ABSOLUTE, UNINIT)

    Base Addr    Size         Type   Attr      Idx    E Section Name        Object

    0x10000000   0x0000f000   Zero   RW         1063    .ARM.__AT_0x10000000  malloc.o



  Load Region LR$$.ARM.__AT_0x1000F000 (Base: 0x1000f000, Size: 0x00000000, Max: 0x00000f00, ABSOLUTE)

    Execution Region ER$$.ARM.__AT_0x1000F000 (Base: 0x1000f000, Size: 0x00000f00, Max: 0x00000f00, ABSOLUTE, UNINIT)

    Base Addr    Size         Type   Attr      Idx    E Section Name        Object

    0x1000f000   0x00000f00   Zero   RW         1064    .ARM.__AT_0x1000F000  malloc.o



  Load Region LR$$.ARM.__AT_0x68000000 (Base: 0x68000000, Size: 0x00000000, Max: 0x000c8000, ABSOLUTE)

    Execution Region ER$$.ARM.__AT_0x68000000 (Base: 0x68000000, Size: 0x000c8000, Max: 0x000c8000, ABSOLUTE, UNINIT)

    Base Addr    Size         Type   Attr      Idx    E Section Name        Object

    0x68000000   0x000c8000   Zero   RW         1065    .ARM.__AT_0x68000000  malloc.o



  Load Region LR$$.ARM.__AT_0x680C8000 (Base: 0x680c8000, Size: 0x00000000, Max: 0x0000c800, ABSOLUTE)

    Execution Region ER$$.ARM.__AT_0x680C8000 (Base: 0x680c8000, Size: 0x0000c800, Max: 0x0000c800, ABSOLUTE, UNINIT)

    Base Addr    Size         Type   Attr      Idx    E Section Name        Object

    0x680c8000   0x0000c800   Zero   RW         1066    .ARM.__AT_0x680C8000  malloc.o


==============================================================================

Image component sizes


      Code (inc. data)   RO Data    RW Data    ZI Data      Debug   Object Name

       378          0          0          0          0       2894   24cxx.o
       604         26          0          0          0       2117   ctiic.o
       236         10          0          4          0       1737   delay.o
       600         22          0          0          0       2342   ds18b20.o
         0          0          0          0          0      10408   event_groups.o
       828         40         10          1          0       2651   ft5206.o
      1092         76        194          1          0       3202   gt9147.o
      1684        448        193         14          0      57364   gui.o
       328         22          0         17          0       5291   gui_x_freertos.o
       112          8          0          0          0       1228   gui_x_touch_analog.o
        44          6          0          0          0        639   guiconf.o
      2240         76         52          8          0      58906   guidrv_template.o
       672         82          0         24      20480       3480   heap_4.o
     19624        168       6080          4         14      24513   ili93xx.o
       480         14          0          0          0       1195   lcdconf_flexcolor_template.o
        64          6          0          0          0        559   led.o
       148          0          0          0          0       2018   list.o
       332         72          0         16          0     302739   main.o
       564         18         36         36    1033600       5101   malloc.o
       224         20          0          0          0       2025   misc.o
       604         14          0          0          0       1956   myiic.o
       900         66         10          1          0       2851   ott2001a.o
       938        112          0         12          0       8439   port.o
      3340         52          0          0         64      19086   queue.o
       676         18          0          0          0       2325   sram.o
        36          8        392          0       1024        848   startup_stm32f40_41xxx.o
      1480         18         28          0          0       5914   stm32f4xx_fsmc.o
       660         44          0          0          0       4361   stm32f4xx_gpio.o
        20          0          0          0          0        983   stm32f4xx_it.o
      1628         52          0         16          0      13300   stm32f4xx_rcc.o
      3234         60          0          0          0      23220   stm32f4xx_tim.o
      1108         34          0          0          0       8092   stm32f4xx_usart.o
       528         46          0         20          0       1883   system_stm32f4xx.o
      6180        402          0         60        740      32372   tasks.o
       160         10          0          8          0       1316   timer.o
      1600        112          0         20         40       8968   timers.o
      4252        236        121         84          0       7033   touch.o
       328         16          0          6        200       3426   usart.o

    ----------------------------------------------------------------------
     57932       2414       7154        368    1056580     636782   Object Totals
         0          0         32          0        400          0   (incl. Generated)
         6          0          6         16         18          0   (incl. Padding)

    ----------------------------------------------------------------------

      Code (inc. data)   RO Data    RW Data    ZI Data      Debug   Library Member Name

       178          0          0          0          0          0   DIALOG.o
         0          0       2155          0          0          0   F13_1.o
         0          0       2082          0          0          0   F13_ASCII.o
         0          0       2696          0          0          0   F16B_ASCII.o
         0          0       1852          0          0          0   F6x8.o
         0          0       3340          0          0          0   F8x16.o
         0          0       5376          0          0          0   FComic24B_ASCII.o
      2098         16          0         44          0          0   FRAMEWIN.o
       362          4          0         20          0          0   FRAMEWIN_Skin.o
       888         62          0         88          0          0   FRAMEWIN_SkinFlex.o
       234          0          0          0          0          0   FRAMEWIN__UpdateButtons.o
      2482          8          0         48          0          0   GRAPH.o
       562         16          0          0          0          0   GRAPH_DATA_YT.o
       622         12          0          8          0          0   GRAPH_SCALE.o
       194          0         24          0          0          0   GUICC_0.o
       286         40         24          0          8          0   GUICC_M565.o
        40          0         24          0          0          0   GUICC_M8888I.o
         2          0          0          0          0          0   GUICC_M8888I_Index2Color.o
         6          0          0          0          0          0   GUICC_M888_Index2Color.o
       876         36          0          0          0          0   GUIDEV.o
      2602         56        116          0          4          0   GUIDEV_16.o
      2540         52        116          0          0          0   GUIDEV_32.o
       368         12          0          0          4          0   GUIDEV_Banding.o
        76          4          0          0          0          0   GUIDEV_Clear.o
        42          0          0          0          0          0   GUIDEV_GetDataPtr.o
        56          4          0          0          0          0   GUIDEV_GetYSize.o
        56          4          0          0          0          0   GUIDEV_ReduceYSize.o
       100          4          0          0          0          0   GUIDEV_SetOrg.o
       384         24          0          0          1          0   GUIDEV_StaticDevices.o
        88          0          0          0          0          0   GUIDEV_Usage.o
       432          4         24          0          0          0   GUIDEV_UsageBM.o
       120          8          0          0          0          0   GUIDEV_Write.o
       768         40          0          0          0          0   GUIDEV_WriteToActiveAlpha.o
      1996          8          0          0          0          0   GUIDEV_WriteToActiveOpaque.o
       144          4          0          0          0          0   GUI_2DLib.o
       352          0          0          0          0          0   GUI_ARRAY.o
      1748        108          0          0         12          0   GUI_Alloc.o
       200         20          0          0          0          0   GUI_Char.o
       506         36          0          4          0          0   GUI_CharLine.o
       400          8          0          0          0          0   GUI_CharM.o
       338          8          0          0          0          0   GUI_CharP.o
       192          4          0          0          0          0   GUI_Circ.o
      1606        112         56          7          0          0   GUI_Common.o
       824        124         23         20        164          0   GUI_Core.o
       108          4          0          0         76          0   GUI_Cursor.o
       352         24          0          0          0          0   GUI_Device.o
      1120         12          0          0          0          0   GUI_DispString.o
       636         16          0          0          0          0   GUI_DrawGradient.o
       588         16          0          0          0          0   GUI_DrawGraphEx.o
       388         20          0          0          0          0   GUI_DrawLib.o
      1202         36         68          0          0          0   GUI_DrawLine.o
       532         20          0          0         28          0   GUI_FillPolygon.o
       196         16          0          0         44          0   GUI_MULTIBUF.o
        76         12          0          8         96          0   GUI_OnKey.o
       304         44          0          8         88          0   GUI_PID.o
      1884         20          0          0          0          0   GUI_SPRITE.o
       148         12          0          0          8          0   GUI_SelectLayer.o
        36          4          0          0          0          0   GUI_SetAlpha.o
        80          4          0          0         16          0   GUI_TOUCH.o
       964         12          0          0         36          0   GUI_TOUCH_Calibrate.o
       368         24          0          8         47          0   GUI_TOUCH_DriverAnalog.o
        12          4          0          0         12          0   GUI_TOUCH_StoreState.o
       408         56          0          8         20          0   GUI_Task.o
       112          8          0          4          0          0   GUI_Time.o
       882         40          0          0         20          0   GUI_Timer.o
        76          8          0          0          0          0   GUI_UC.o
        18          0         16          0          0          0   GUI_UC_EncodeNone.o
       234          0          0          0          0          0   GUI_Val.o
       626         16          0          0          0          0   GUI_Valf.o
        16          4          0          0          8          0   GUI_WaitEvent.o
       906         44          0          8         32          0   GUI__Alpha.o
       770          8          0          0          0          0   GUI__CompactPixelIndices.o
         0          0        880          0          0          0   GUI__DivTbl.o
       456          4          0          0          0          0   GUI__DrawTwinArc.o
       380          8          0          0          0          0   GUI__ExpandPixelIndices.o
       236          8          0          0         24          0   GUI__ManageCache.o
       602          8          0          8          0          0   GUI__Private.o
       378          8          0          8          8          0   GUI__Wrap.o
      1804        116         12          4          0          0   LCD.o
        84         12          0         24          0          0   LCD_AA.o
       336         48          0          4         12          0   LCD_Color.o
        32          8          0          0          0          0   LCD_GetColorIndex.o
       462         40          0          0          8          0   LCD_GetEx.o
        30          0          0          0          0          0   LCD_GetNumDisplays.o
         0          0        256          0          0          0   LCD_Mirror.o
       516         16          0          0          0          0   LCD_ReadRect.o
        64          8          0          0          0          0   LCD_SelectLCD.o
       242          0          0          0          0          0   LCD_Set.o
        48          8          0          0          0          0   LCD_SetClipRectEx.o
        36          4          0          0          0          0   LCD_UpdateColorIndices.o
      1570         28          0         26          0          0   SCROLLBAR.o
       582          8          0         12          0          0   SCROLLBAR_Skin.o
      1080         46          0         88          0          0   SCROLLBAR_SkinFlex.o
       850         12         13         16          0          0   TEXT.o
       864          4          0          4          0          0   WIDGET.o
        84          4         28          4          0          0   WIDGET_Effect_Simple.o
      5184        388          0          0         48          0   WM.o
       132          4          0          0          0          0   WM_BringToTop.o
       140          0          0          0          0          0   WM_GetWindowSize.o
        56          0          0          0          0          0   WM_Hide.o
      2212         80          0          0          0          0   WM_Lib.o
       120         24          8          0          0          0   WM_MULTIBUF.o
        38          0          0          0          0          0   WM_MemDev.o
       312          0          0          0          0          0   WM_Move.o
        20          4          0          0         24          0   WM_PID__GetPrevState.o
       194          4          0          0          0          0   WM_Screen2Win.o
       130         20          0          0          0          0   WM_SetCapture.o
       156          4          0          0          4          0   WM_SetCaptureMove.o
       138          4          0          0          0          0   WM_SetFocusOnNextChild.o
        96          0          0          0          0          0   WM_SetFocusOnPrevChild.o
       154          0          0          0          0          0   WM_SetScrollbar.o
       102          4          0          0          0          0   WM_SetTrans.o
       334          4          0          0          0          0   WM_Timer.o
      1148         48          0          4         40          0   WM_Touch.o
       738         20          0          0          4          0   WM__Private.o
       296         28          0          0          0        280   ceil.o
       296         28          0          0          0        280   floor.o
       122          0          0          0          0        148   sqrt_full.o
        86          0          0          0          0          0   __dczerorl2.o
         0          0          0          0          0          0   entry.o
         0          0          0          0          0          0   entry10a.o
         0          0          0          0          0          0   entry11a.o
         8          4          0          0          0          0   entry2.o
         4          0          0          0          0          0   entry5.o
         0          0          0          0          0          0   entry7b.o
         0          0          0          0          0          0   entry8b.o
         8          4          0          0          0          0   entry9a.o
        12          6          0          4          0         68   errno.o
        30          0          0          0          0          0   handlers.o
        36          8          0          0          0         68   init.o
         0          0          0          0          0          0   iusefp.o
        30          0          0          0          0         68   llshl.o
        36          0          0          0          0         68   llsshr.o
        32          0          0          0          0         68   llushr.o
        26          0          0          0          0         80   memcmp.o
        66          0          0          0          0         76   memmove.o
        36          0          0          0          0        108   memseta.o
       786         62          0          0          0        336   printf5.o
        28          0          0          0          0         76   strcmp.o
        18          0          0          0          0         68   strcpy.o
        14          0          0          0          0         68   strlen.o
        98          0          0          0          0         92   uldiv.o
        48          0          0          0          0         68   cdcmple.o
        48          0          0          0          0         68   cdrcmple.o
        56          0          0          0          0         88   d2f.o
       334          0          0          0          0        148   dadd.o
       186          0          0          0          0        176   depilogue.o
        62          0          0          0          0         80   dfixi.o
        50          0          0          0          0         76   dfixui.o
        34          0          0          0          0         76   dflti.o
        26          0          0          0          0         76   dfltui.o
       228          0          0          0          0         96   dmul.o
       162          0          0          0          0        100   dsqrt.o
        38          0          0          0          0         68   f2d.o
       110          0          0          0          0        168   fepilogue.o

    ----------------------------------------------------------------------
     63514       2472      19196        492        900       3240   Library Totals
       114          4          7          3          4          0   (incl. Padding)

    ----------------------------------------------------------------------

      Code (inc. data)   RO Data    RW Data    ZI Data      Debug   Library Name

     59950       2328      19189        485        896          0   STemWin_CM4_OS_wc16_ARGB.a
       714         56          0          0          0        708   m_wm.l
      1354         84          0          4          0       1244   mc_w.l
      1382          0          0          0          0       1288   mf_w.l

    ----------------------------------------------------------------------
     63514       2472      19196        492        900       3240   Library Totals

    ----------------------------------------------------------------------

==============================================================================


      Code (inc. data)   RO Data    RW Data    ZI Data      Debug   

    121446       4886      26350        860    1057480     631454   Grand Totals
    121446       4886      26350        412    1057480     631454   ELF Image Totals (compressed)
    121446       4886      26350        412          0          0   ROM Totals

==============================================================================

    Total RO  Size (Code + RO Data)               147796 ( 144.33kB)
    Total RW  Size (RW Data + ZI Data)           1058340 (1033.54kB)
    Total ROM Size (Code + RO Data + RW Data)     148208 ( 144.73kB)

==============================================================================

