<html>
<body>
<pre>
<h1>礦ision Build Log</h1>
<h2>Tool Versions:</h2>
IDE-Version: μVision V5.23.0.0
Copyright (C) 2017 ARM Ltd and ARM Germany GmbH. All rights reserved.
License Information: ZhangKaiYang 3173244086@qq.com, Xuchang university, LIC=WHYBS-L5QF7-JI15S-LXMIH-P01QY-WRNVU
 
Tool Versions:
Toolchain:       MDK-ARM Plus  Version: 5.23
Toolchain Path:  D:\MDK5\ARM\ARMCC\Bin
C Compiler:      Armcc.exe V5.06 update 4 (build 422)
Assembler:       Armasm.exe V5.06 update 4 (build 422)
Linker/Locator:  ArmLink.exe V5.06 update 4 (build 422)
Library Manager: ArmAr.exe V5.06 update 4 (build 422)
Hex Converter:   FromElf.exe V5.06 update 4 (build 422)
CPU DLL:         SARMCM3.DLL V5.23
Dialog DLL:      DCM.DLL V1.15.0.0
Target DLL:      STLink\ST-LINKIII-KEIL_SWO.dll V2.0.18.0
Dialog DLL:      TCM.DLL V1.27.0.0
 
<h2>Project:</h2>
D:\Project\重点协作项目\基于FreeRTOS与Emwin图形库的界面显示\USER\FreeRTOS.uvprojx
Project File Date:  02/12/2022

<h2>Output:</h2>
*** Using Compiler 'V5.06 update 4 (build 422)', folder: 'D:\MDK5\ARM\ARMCC\Bin'
Build target 'FreeRTOS'
compiling gui.c...
..\HARDWARE\GUI\gui.c(24): warning:  #1295-D: Deprecated declaration DS18B20_Get_Temp - give arg types
  extern short DS18B20_Get_Temp();
..\HARDWARE\GUI\gui.c(289): warning:  #1-D: last line of file ends without a newline
  }
..\HARDWARE\GUI\gui.c(135): warning:  #177-D: function "Disp_DecNum"  was declared but never referenced
  static void Disp_DecNum(void)
..\HARDWARE\GUI\gui.c(183): warning:  #177-D: function "Disp_FloatingNum"  was declared but never referenced
  static void Disp_FloatingNum(void)
..\HARDWARE\GUI\gui.c(233): warning:  #177-D: function "Disp_BinHexNum"  was declared but never referenced
  static void Disp_BinHexNum(void)
..\HARDWARE\GUI\gui.c: 5 warnings, 0 errors
linking...
Program Size: Code=121446 RO-data=26350 RW-data=860 ZI-data=1057480  
FromELF: creating hex file...
"..\OBJ\Template.axf" - 0 Error(s), 5 Warning(s).

<h2>Collection of Component include folders:</h2>
  .\RTE\_FreeRTOS
  D:\MDK5\ARM\PACK\Keil\STM32F4xx_DFP\2.13.0\Drivers\CMSIS\Device\ST\STM32F4xx\Include

<h2>Collection of Component Files used:</h2>
Build Time Elapsed:  00:00:02
</pre>
</body>
</html>
