<!doctype html public "-//w3c//dtd html 4.0 transitional//en">
<html><head>
<title>Static Call Graph - [..\OBJ\Template.axf]</title></head>
<body><HR>
<H1>Static Call Graph for image ..\OBJ\Template.axf</H1><HR>
<BR><P>#&#060CALLGRAPH&#062# ARM Linker, 5060422: Last Updated: Sun Feb 13 11:15:59 2022
<BR><P>
<H3>Maximum Stack Usage =        320 bytes + Unknown(Functions without stacksize, Cycles, Untraceable Function Pointers)</H3><H3>
Call chain for Maximum Stack Depth:</H3>
prvTimerTask &rArr; prvProcessReceivedCommands &rArr; prvSampleTimeNow &rArr; prvSwitchTimerLists &rArr; xTimerGenericCommand &rArr; xQueueGenericSend &rArr; prvUnlockQueue &rArr; prvNotifyQueueSetContainer &rArr; prvCopyDataToQueue &rArr; xTaskPriorityDisinherit &rArr; __2printf
<P>
<H3>
Functions with no stack information
</H3><UL>
 <LI><a href="#[83]">FRAMEWIN_Callback</a>
 <LI><a href="#[aa]">FRAMEWIN_CreateIndirect</a>
 <LI><a href="#[2a0]">FRAMEWIN_CreateUser</a>
 <LI><a href="#[7]">FRAMEWIN_DrawSkinFlex</a>
 <LI><a href="#[2a6]">FRAMEWIN_GetActive</a>
 <LI><a href="#[29a]">FRAMEWIN_SetActive</a>
 <LI><a href="#[180]">FRAMEWIN_SetFont</a>
 <LI><a href="#[17f]">FRAMEWIN_SetText</a>
 <LI><a href="#[291]">FRAMEWIN__CalcPositions</a>
 <LI><a href="#[2b0]">FRAMEWIN__CalcTitleHeight</a>
 <LI><a href="#[6]">FRAMEWIN__GetBorderSize</a>
 <LI><a href="#[2b8]">FRAMEWIN__GetTitleLimits</a>
 <LI><a href="#[2b2]">FRAMEWIN__UpdateButtons</a>
 <LI><a href="#[2b1]">FRAMEWIN__UpdatePositions</a>
 <LI><a href="#[2c4]">GL_DrawLine</a>
 <LI><a href="#[2c6]">GL_DrawLine1Ex</a>
 <LI><a href="#[2c5]">GL_DrawLineEx</a>
 <LI><a href="#[2c7]">GL_DrawPoint</a>
 <LI><a href="#[2cc]">GL_FillCircle</a>
 <LI><a href="#[2cb]">GL_FillPolygon</a>
 <LI><a href="#[2ce]">GL_SetDefault</a>
 <LI><a href="#[18d]">GRAPH_AttachData</a>
 <LI><a href="#[18a]">GRAPH_AttachScale</a>
 <LI><a href="#[85]">GRAPH_Callback</a>
 <LI><a href="#[ab]">GRAPH_CreateIndirect</a>
 <LI><a href="#[2e7]">GRAPH_CreateUser</a>
 <LI><a href="#[1b0]">GRAPH_DATA_YT_AddValue</a>
 <LI><a href="#[18c]">GRAPH_DATA_YT_Create</a>
 <LI><a href="#[189]">GRAPH_SCALE_Create</a>
 <LI><a href="#[18b]">GRAPH_SCALE_SetFactor</a>
 <LI><a href="#[183]">GRAPH_SetBorder</a>
 <LI><a href="#[182]">GRAPH_SetColor</a>
 <LI><a href="#[184]">GRAPH_SetGridDistX</a>
 <LI><a href="#[185]">GRAPH_SetGridDistY</a>
 <LI><a href="#[188]">GRAPH_SetGridVis</a>
 <LI><a href="#[186]">GRAPH_SetLineStyleH</a>
 <LI><a href="#[187]">GRAPH_SetLineStyleV</a>
 <LI><a href="#[2e9]">GRAPH__AddValue</a>
 <LI><a href="#[2ec]">GRAPH__InvalidateGraph</a>
 <LI><a href="#[c3]">GUIMONO_DispChar</a>
 <LI><a href="#[c4]">GUIMONO_GetCharDistX</a>
 <LI><a href="#[c5]">GUIMONO_GetFontInfo</a>
 <LI><a href="#[c6]">GUIMONO_IsInFont</a>
 <LI><a href="#[bf]">GUIPROP_DispChar</a>
 <LI><a href="#[c0]">GUIPROP_GetCharDistX</a>
 <LI><a href="#[c1]">GUIPROP_GetFontInfo</a>
 <LI><a href="#[c2]">GUIPROP_IsInFont</a>
 <LI><a href="#[2f1]">GUIPROP__FindChar</a>
 <LI><a href="#[2f4]">GUITASK_CopyContext</a>
 <LI><a href="#[2f6]">GUITASK_Init</a>
 <LI><a href="#[2f8]">GUI_ALLOC_AllocInit</a>
 <LI><a href="#[2f9]">GUI_ALLOC_AllocNoInit</a>
 <LI><a href="#[2ea]">GUI_ALLOC_AllocZero</a>
 <LI><a href="#[25f]">GUI_ALLOC_AssignMemory</a>
 <LI><a href="#[2e2]">GUI_ALLOC_Free</a>
 <LI><a href="#[317]">GUI_ALLOC_FreeFixedBlock</a>
 <LI><a href="#[29e]">GUI_ALLOC_FreePtr</a>
 <LI><a href="#[277]">GUI_ALLOC_GetFixedBlock</a>
 <LI><a href="#[300]">GUI_ALLOC_GetMaxSize</a>
 <LI><a href="#[303]">GUI_ALLOC_GetSize</a>
 <LI><a href="#[31a]">GUI_ALLOC_Lock</a>
 <LI><a href="#[28f]">GUI_ALLOC_LockH</a>
 <LI><a href="#[302]">GUI_ALLOC_Realloc</a>
 <LI><a href="#[304]">GUI_ALLOC_RequestSize</a>
 <LI><a href="#[260]">GUI_ALLOC_SetAvBlockSize</a>
 <LI><a href="#[31b]">GUI_ALLOC_Unlock</a>
 <LI><a href="#[290]">GUI_ALLOC_UnlockH</a>
 <LI><a href="#[301]">GUI_ALLOC_h2p</a>
 <LI><a href="#[2d4]">GUI_ARRAY_AddItem</a>
 <LI><a href="#[2e8]">GUI_ARRAY_Create</a>
 <LI><a href="#[2e3]">GUI_ARRAY_Delete</a>
 <LI><a href="#[2e0]">GUI_ARRAY_GetNumItems</a>
 <LI><a href="#[2e1]">GUI_ARRAY_GethItem</a>
 <LI><a href="#[305]">GUI_ARRAY__GethItem</a>
 <LI><a href="#[31c]">GUI_AddBin</a>
 <LI><a href="#[306]">GUI_AddDecMin</a>
 <LI><a href="#[31e]">GUI_AddDecShift</a>
 <LI><a href="#[321]">GUI_AddHex</a>
 <LI><a href="#[323]">GUI_AddSign</a>
 <LI><a href="#[308]">GUI_CURSOR_SetPositionEx</a>
 <LI><a href="#[43d]">GUI_CalcColorDist</a>
 <LI><a href="#[2c2]">GUI_Clear</a>
 <LI><a href="#[2df]">GUI_ClearRect</a>
 <LI><a href="#[195]">GUI_CreateDialogBox</a>
 <LI><a href="#[379]">GUI_DCACHE_Clear</a>
 <LI><a href="#[314]">GUI_DEVICE_Create</a>
 <LI><a href="#[27d]">GUI_DEVICE_CreateAndLink</a>
 <LI><a href="#[316]">GUI_DEVICE_Delete</a>
 <LI><a href="#[315]">GUI_DEVICE_Link</a>
 <LI><a href="#[318]">GUI_DEVICE_LinkDevices</a>
 <LI><a href="#[3c1]">GUI_DEVICE_Unlink</a>
 <LI><a href="#[34d]">GUI_DEVICE_UnlinkTaskDevices</a>
 <LI><a href="#[355]">GUI_DEVICE__GetpDriver</a>
 <LI><a href="#[1b1]">GUI_Delay</a>
 <LI><a href="#[1aa]">GUI_DispBin</a>
 <LI><a href="#[1ab]">GUI_DispBinAt</a>
 <LI><a href="#[19b]">GUI_DispDec</a>
 <LI><a href="#[19d]">GUI_DispDecAt</a>
 <LI><a href="#[19e]">GUI_DispDecMin</a>
 <LI><a href="#[19f]">GUI_DispDecShift</a>
 <LI><a href="#[1a0]">GUI_DispDecSpace</a>
 <LI><a href="#[1a4]">GUI_DispFloat</a>
 <LI><a href="#[1a5]">GUI_DispFloatFix</a>
 <LI><a href="#[1a6]">GUI_DispFloatMin</a>
 <LI><a href="#[1ac]">GUI_DispHex</a>
 <LI><a href="#[1ad]">GUI_DispHexAt</a>
 <LI><a href="#[19a]">GUI_DispNextLine</a>
 <LI><a href="#[1a1]">GUI_DispSDec</a>
 <LI><a href="#[1a2]">GUI_DispSDecShift</a>
 <LI><a href="#[1a7]">GUI_DispSFloatFix</a>
 <LI><a href="#[1a8]">GUI_DispSFloatMin</a>
 <LI><a href="#[31d]">GUI_DispString</a>
 <LI><a href="#[199]">GUI_DispStringAt</a>
 <LI><a href="#[2ad]">GUI_DispStringInRect</a>
 <LI><a href="#[329]">GUI_DispStringInRectMax</a>
 <LI><a href="#[32c]">GUI_DispStringInRectWrap</a>
 <LI><a href="#[9b]">GUI_DrawGradientH</a>
 <LI><a href="#[9c]">GUI_DrawGradientV</a>
 <LI><a href="#[331]">GUI_DrawGraphEx</a>
 <LI><a href="#[2a8]">GUI_DrawHLine</a>
 <LI><a href="#[2db]">GUI_DrawLine</a>
 <LI><a href="#[2a9]">GUI_DrawPixel</a>
 <LI><a href="#[332]">GUI_DrawRect</a>
 <LI><a href="#[2ab]">GUI_DrawVLine</a>
 <LI><a href="#[319]">GUI_Exec</a>
 <LI><a href="#[333]">GUI_Exec1</a>
 <LI><a href="#[2aa]">GUI_FillRect</a>
 <LI><a href="#[2ae]">GUI_FillRectEx</a>
 <LI><a href="#[335]">GUI_GetBitmapPixelIndex</a>
 <LI><a href="#[336]">GUI_GetBitmapPixelIndexEx</a>
 <LI><a href="#[371]">GUI_GetBitsPerPixelEx</a>
 <LI><a href="#[2f3]">GUI_GetBkColor</a>
 <LI><a href="#[339]">GUI_GetCharDistX</a>
 <LI><a href="#[33a]">GUI_GetCharDistXEx</a>
 <LI><a href="#[33b]">GUI_GetClientRect</a>
 <LI><a href="#[2f2]">GUI_GetColor</a>
 <LI><a href="#[309]">GUI_GetCursorLayer</a>
 <LI><a href="#[322]">GUI_GetFontDistY</a>
 <LI><a href="#[33d]">GUI_GetFontSizeY</a>
 <LI><a href="#[33f]">GUI_GetLayerPosEx</a>
 <LI><a href="#[2da]">GUI_GetLineStyle</a>
 <LI><a href="#[341]">GUI_GetOrg</a>
 <LI><a href="#[342]">GUI_GetTime</a>
 <LI><a href="#[1ae]">GUI_GetVersionString</a>
 <LI><a href="#[324]">GUI_GetYAdjust</a>
 <LI><a href="#[2b9]">GUI_GetYSizeOfFont</a>
 <LI><a href="#[373]">GUI_GetpfColor2IndexEx</a>
 <LI><a href="#[372]">GUI_GetpfIndex2ColorEx</a>
 <LI><a href="#[19c]">GUI_GotoX</a>
 <LI><a href="#[30c]">GUI_GotoXY</a>
 <LI><a href="#[105]">GUI_Init</a>
 <LI><a href="#[2a1]">GUI_Lock</a>
 <LI><a href="#[307]">GUI_Long2Len</a>
 <LI><a href="#[34e]">GUI_MEMDEV_Clear</a>
 <LI><a href="#[34f]">GUI_MEMDEV_CopyToLCD</a>
 <LI><a href="#[350]">GUI_MEMDEV_CopyToLCDAt</a>
 <LI><a href="#[354]">GUI_MEMDEV_CreateEx</a>
 <LI><a href="#[357]">GUI_MEMDEV_Delete</a>
 <LI><a href="#[35a]">GUI_MEMDEV_Draw</a>
 <LI><a href="#[363]">GUI_MEMDEV_GetBitsPerPixel</a>
 <LI><a href="#[365]">GUI_MEMDEV_GetDataPtr</a>
 <LI><a href="#[35f]">GUI_MEMDEV_GetYSize</a>
 <LI><a href="#[a7]">GUI_MEMDEV_Paint1Static</a>
 <LI><a href="#[361]">GUI_MEMDEV_ReduceYSize</a>
 <LI><a href="#[353]">GUI_MEMDEV_Select</a>
 <LI><a href="#[362]">GUI_MEMDEV_SetOrg</a>
 <LI><a href="#[367]">GUI_MEMDEV_Write</a>
 <LI><a href="#[36b]">GUI_MEMDEV_WriteAt</a>
 <LI><a href="#[356]">GUI_MEMDEV__CreateFixed</a>
 <LI><a href="#[a5]">GUI_MEMDEV__WriteToActiveAlpha</a>
 <LI><a href="#[36c]">GUI_MEMDEV__WriteToActiveAt</a>
 <LI><a href="#[a4]">GUI_MEMDEV__WriteToActiveOpaque</a>
 <LI><a href="#[377]">GUI_MULTIBUF_BeginEx</a>
 <LI><a href="#[378]">GUI_MULTIBUF_EndEx</a>
 <LI><a href="#[418]">GUI_MergeRect</a>
 <LI><a href="#[3fc]">GUI_MoveRect</a>
 <LI><a href="#[402]">GUI_PID_GetState</a>
 <LI><a href="#[401]">GUI_PID_IsEmpty</a>
 <LI><a href="#[37a]">GUI_PID_StoreState</a>
 <LI><a href="#[37c]">GUI_PollKeyMsg</a>
 <LI><a href="#[37e]">GUI_ReadRectEx</a>
 <LI><a href="#[41d]">GUI_RectsIntersect</a>
 <LI><a href="#[380]">GUI_RestoreContext</a>
 <LI><a href="#[30b]">GUI_SPRITE_SetPosition</a>
 <LI><a href="#[387]">GUI_SaveContext_W</a>
 <LI><a href="#[358]">GUI_SelectLCD</a>
 <LI><a href="#[351]">GUI_SelectLayer</a>
 <LI><a href="#[2cf]">GUI_SetBkColor</a>
 <LI><a href="#[198]">GUI_SetColor</a>
 <LI><a href="#[261]">GUI_SetDefaultFont</a>
 <LI><a href="#[2d2]">GUI_SetDrawMode</a>
 <LI><a href="#[197]">GUI_SetFont</a>
 <LI><a href="#[30a]">GUI_SetLayerPosEx</a>
 <LI><a href="#[2d3]">GUI_SetLineStyle</a>
 <LI><a href="#[34b]">GUI_SetOrg</a>
 <LI><a href="#[2d0]">GUI_SetPenSize</a>
 <LI><a href="#[2d1]">GUI_SetTextAlign</a>
 <LI><a href="#[2ac]">GUI_SetTextMode</a>
 <LI><a href="#[37b]">GUI_SignalEvent</a>
 <LI><a href="#[38b]">GUI_StoreKey</a>
 <LI><a href="#[38c]">GUI_TIMER_Create</a>
 <LI><a href="#[38e]">GUI_TIMER_Delete</a>
 <LI><a href="#[8f]">GUI_TIMER_Exec</a>
 <LI><a href="#[390]">GUI_TIMER_GetFlag</a>
 <LI><a href="#[391]">GUI_TIMER_Restart</a>
 <LI><a href="#[392]">GUI_TIMER_SetPeriod</a>
 <LI><a href="#[393]">GUI_TIMER__GetFirstTimer</a>
 <LI><a href="#[394]">GUI_TIMER__GetNextTimerLin</a>
 <LI><a href="#[395]">GUI_TOUCH_CalcCoefficients</a>
 <LI><a href="#[280]">GUI_TOUCH_Calibrate</a>
 <LI><a href="#[396]">GUI_TOUCH_CalibratePoint</a>
 <LI><a href="#[101]">GUI_TOUCH_Exec</a>
 <LI><a href="#[39a]">GUI_TOUCH_GetLayer</a>
 <LI><a href="#[281]">GUI_TOUCH_SetOrientation</a>
 <LI><a href="#[39b]">GUI_TOUCH_StoreStateEx</a>
 <LI><a href="#[397]">GUI_TOUCH_TransformPoint</a>
 <LI><a href="#[3a9]">GUI_UC__GetCharCodeInc</a>
 <LI><a href="#[328]">GUI_UC__NumChars2NumBytes</a>
 <LI><a href="#[442]">GUI_USAGE_AddRect</a>
 <LI><a href="#[36d]">GUI_USAGE_BM_Create</a>
 <LI><a href="#[359]">GUI_USAGE_DecUseCnt</a>
 <LI><a href="#[2a5]">GUI_Unlock</a>
 <LI><a href="#[32d]">GUI_WrapGetNumLines</a>
 <LI><a href="#[39d]">GUI__AllocAlphaBuffer</a>
 <LI><a href="#[39f]">GUI__AlphaPreserveTrans</a>
 <LI><a href="#[43e]">GUI__CompactPixelIndices</a>
 <LI><a href="#[3a1]">GUI__CompactPixelIndicesEx</a>
 <LI><a href="#[343]">GUI__Config</a>
 <LI><a href="#[3a2]">GUI__ConvertColor2Index</a>
 <LI><a href="#[327]">GUI__DispLine</a>
 <LI><a href="#[32b]">GUI__DispStringInRect</a>
 <LI><a href="#[3c9]">GUI__DivideRound32</a>
 <LI><a href="#[3a5]">GUI__DoAlphaBlending</a>
 <LI><a href="#[2a7]">GUI__DrawTwinArc2</a>
 <LI><a href="#[3a6]">GUI__ExpandPixelIndicesEx</a>
 <LI><a href="#[39e]">GUI__GetAlphaBuffer</a>
 <LI><a href="#[33e]">GUI__GetFontSizeY</a>
 <LI><a href="#[326]">GUI__GetLineDistX</a>
 <LI><a href="#[325]">GUI__GetLineNumChars</a>
 <LI><a href="#[3aa]">GUI__GetOverlap</a>
 <LI><a href="#[3a4]">GUI__HandleEOLine</a>
 <LI><a href="#[40f]">GUI__IntersectRect</a>
 <LI><a href="#[32a]">GUI__IntersectRects</a>
 <LI><a href="#[3ab]">GUI__ManageCache</a>
 <LI><a href="#[3ac]">GUI__ManageCacheEx</a>
 <LI><a href="#[11]">GUI__MixColors</a>
 <LI><a href="#[12]">GUI__MixColorsBulk</a>
 <LI><a href="#[2dc]">GUI__ReduceRect</a>
 <LI><a href="#[2f7]">GUI__RegisterExit</a>
 <LI><a href="#[2b4]">GUI__SetText</a>
 <LI><a href="#[32f]">GUI__WrapGetNumBytesToNextLine</a>
 <LI><a href="#[32e]">GUI__WrapGetNumCharsDisp</a>
 <LI><a href="#[3af]">GUI__WrapGetNumCharsToNextLine</a>
 <LI><a href="#[445]">GUI__memset16</a>
 <LI><a href="#[447]">GUI__sqrt32</a>
 <LI><a href="#[3b1]">GUI__strcmp</a>
 <LI><a href="#[3ad]">GUI__strcmp_hp</a>
 <LI><a href="#[3ae]">GUI__strlen</a>
 <LI><a href="#[2c9]">GUI_cos</a>
 <LI><a href="#[2ca]">GUI_sin</a>
 <LI><a href="#[13]">LCD_AA_MixColors16</a>
 <LI><a href="#[3a0]">LCD_AA_SetOrMask</a>
 <LI><a href="#[3bd]">LCD_Color2Index</a>
 <LI><a href="#[2ef]">LCD_DrawBitmap</a>
 <LI><a href="#[8c]">LCD_DrawHLine</a>
 <LI><a href="#[be]">LCD_DrawPixel</a>
 <LI><a href="#[8b]">LCD_DrawVLine</a>
 <LI><a href="#[2f0]">LCD_FillRect</a>
 <LI><a href="#[3b2]">LCD_GetBitsPerPixelEx</a>
 <LI><a href="#[337]">LCD_GetBkColorIndex</a>
 <LI><a href="#[33c]">LCD_GetColorIndex</a>
 <LI><a href="#[3b4]">LCD_GetNumColors</a>
 <LI><a href="#[3b5]">LCD_GetNumColorsEx</a>
 <LI><a href="#[3b6]">LCD_GetNumLayers</a>
 <LI><a href="#[3b7]">LCD_GetPalette</a>
 <LI><a href="#[3b8]">LCD_GetPaletteEx</a>
 <LI><a href="#[340]">LCD_GetPosEx</a>
 <LI><a href="#[35d]">LCD_GetVXSizeEx</a>
 <LI><a href="#[3a8]">LCD_GetVXSizeMax</a>
 <LI><a href="#[35e]">LCD_GetVYSizeEx</a>
 <LI><a href="#[3ba]">LCD_GetXSize</a>
 <LI><a href="#[346]">LCD_GetXSizeDisplay</a>
 <LI><a href="#[35b]">LCD_GetXSizeEx</a>
 <LI><a href="#[348]">LCD_GetXSizeMax</a>
 <LI><a href="#[3bb]">LCD_GetYSize</a>
 <LI><a href="#[347]">LCD_GetYSizeDisplay</a>
 <LI><a href="#[35c]">LCD_GetYSizeEx</a>
 <LI><a href="#[349]">LCD_GetYSizeMax</a>
 <LI><a href="#[5]">LCD_GetpPalConvTableBM</a>
 <LI><a href="#[3bc]">LCD_GetpPalConvTableUncached</a>
 <LI><a href="#[338]">LCD_Index2Color</a>
 <LI><a href="#[ba]">LCD_Index2Color_M565</a>
 <LI><a href="#[93]">LCD_Index2Color_M888</a>
 <LI><a href="#[92]">LCD_Index2Color_M8888I</a>
 <LI><a href="#[3be]">LCD_InitColors</a>
 <LI><a href="#[3bf]">LCD_InitLUT</a>
 <LI><a href="#[388]">LCD_SelectLCD</a>
 <LI><a href="#[2c1]">LCD_SetBkColor</a>
 <LI><a href="#[3c4]">LCD_SetBkColorIndex</a>
 <LI><a href="#[3c2]">LCD_SetClipRectEx</a>
 <LI><a href="#[36a]">LCD_SetClipRectMax</a>
 <LI><a href="#[389]">LCD_SetColor</a>
 <LI><a href="#[3c3]">LCD_SetColorIndex</a>
 <LI><a href="#[34a]">LCD_SetDisplaySize</a>
 <LI><a href="#[2ee]">LCD_SetDrawMode</a>
 <LI><a href="#[3c0]">LCD_SetLUTEntryEx</a>
 <LI><a href="#[38a]">LCD_SetPosEx</a>
 <LI><a href="#[27e]">LCD_SetSizeEx</a>
 <LI><a href="#[27f]">LCD_SetVSizeEx</a>
 <LI><a href="#[369]">LCD_UpdateColorIndices</a>
 <LI><a href="#[376]">LCD__DrawBitmap_1bpp</a>
 <LI><a href="#[278]">LCD__GetBPP</a>
 <LI><a href="#[364]">LCD__GetBPPDevice</a>
 <LI><a href="#[3c5]">SCROLLBAR_AddValue</a>
 <LI><a href="#[96]">SCROLLBAR_Callback</a>
 <LI><a href="#[3d1]">SCROLLBAR_CreateAttached</a>
 <LI><a href="#[3d2]">SCROLLBAR_CreateEx</a>
 <LI><a href="#[3d3]">SCROLLBAR_CreateUser</a>
 <LI><a href="#[3ce]">SCROLLBAR_Dec</a>
 <LI><a href="#[10]">SCROLLBAR_DrawSkinFlex</a>
 <LI><a href="#[3d8]">SCROLLBAR_GetValue</a>
 <LI><a href="#[3cd]">SCROLLBAR_Inc</a>
 <LI><a href="#[3c6]">SCROLLBAR_SetValue</a>
 <LI><a href="#[3c7]">SCROLLBAR__InvalidatePartner</a>
 <LI><a href="#[43c]">SCROLLBAR__Rect2VRect</a>
 <LI><a href="#[9d]">TEXT_Callback</a>
 <LI><a href="#[ac]">TEXT_CreateIndirect</a>
 <LI><a href="#[3db]">TEXT_CreateUser</a>
 <LI><a href="#[191]">TEXT_SetDec</a>
 <LI><a href="#[18e]">TEXT_SetFont</a>
 <LI><a href="#[190]">TEXT_SetText</a>
 <LI><a href="#[18f]">TEXT_SetTextAlign</a>
 <LI><a href="#[3cc]">WIDGET_AndState</a>
 <LI><a href="#[29f]">WIDGET_HandleActive</a>
 <LI><a href="#[298]">WIDGET_OrState</a>
 <LI><a href="#[3dd]">WIDGET_SetState</a>
 <LI><a href="#[3d7]">WIDGET__DrawTriangle</a>
 <LI><a href="#[2d7]">WIDGET__EFFECT_DrawDownRect</a>
 <LI><a href="#[3e0]">WIDGET__GetClientRect</a>
 <LI><a href="#[3de]">WIDGET__GetInsideRect</a>
 <LI><a href="#[2a3]">WIDGET__Init</a>
 <LI><a href="#[3d5]">WIDGET__RotateRect90</a>
 <LI><a href="#[3e2]">WIDGET__SetScrollState</a>
 <LI><a href="#[352]">WM_Activate</a>
 <LI><a href="#[3e4]">WM_BringToBottom</a>
 <LI><a href="#[293]">WM_BringToTop</a>
 <LI><a href="#[449]">WM_CheckScrollBounds</a>
 <LI><a href="#[3ca]">WM_CreateTimer</a>
 <LI><a href="#[2a2]">WM_CreateWindowAsChild</a>
 <LI><a href="#[368]">WM_Deactivate</a>
 <LI><a href="#[192]">WM_DefaultProc</a>
 <LI><a href="#[3ee]">WM_DeleteTimer</a>
 <LI><a href="#[311]">WM_DeleteWindow</a>
 <LI><a href="#[2a4]">WM_DisableMemdev</a>
 <LI><a href="#[334]">WM_Exec</a>
 <LI><a href="#[3e9]">WM_ForEachDesc</a>
 <LI><a href="#[400]">WM_GetActiveWindow</a>
 <LI><a href="#[2d6]">WM_GetClientRect</a>
 <LI><a href="#[3f6]">WM_GetClientRectEx</a>
 <LI><a href="#[30f]">WM_GetClientWindow</a>
 <LI><a href="#[194]">WM_GetDesktopWindow</a>
 <LI><a href="#[419]">WM_GetDesktopWindowEx</a>
 <LI><a href="#[181]">WM_GetDialogItem</a>
 <LI><a href="#[2ba]">WM_GetFirstChild</a>
 <LI><a href="#[3fa]">WM_GetFlags</a>
 <LI><a href="#[313]">WM_GetFocusedWindow</a>
 <LI><a href="#[3da]">WM_GetHasTrans</a>
 <LI><a href="#[3f8]">WM_GetId</a>
 <LI><a href="#[3d4]">WM_GetInsideRectEx</a>
 <LI><a href="#[2d9]">WM_GetInsideRectExScrollbar</a>
 <LI><a href="#[2bb]">WM_GetNextSibling</a>
 <LI><a href="#[2dd]">WM_GetOrgX</a>
 <LI><a href="#[2de]">WM_GetOrgY</a>
 <LI><a href="#[2c0]">WM_GetParent</a>
 <LI><a href="#[3d9]">WM_GetScrollPartner</a>
 <LI><a href="#[2e5]">WM_GetScrollbarH</a>
 <LI><a href="#[2e4]">WM_GetScrollbarV</a>
 <LI><a href="#[3fd]">WM_GetWindowOrgX</a>
 <LI><a href="#[3fe]">WM_GetWindowOrgY</a>
 <LI><a href="#[3fb]">WM_GetWindowRectEx</a>
 <LI><a href="#[3ff]">WM_GetWindowSizeX</a>
 <LI><a href="#[2b7]">WM_GetWindowSizeY</a>
 <LI><a href="#[8e]">WM_HandlePID</a>
 <LI><a href="#[41c]">WM_HasCaptured</a>
 <LI><a href="#[297]">WM_HasFocus</a>
 <LI><a href="#[40c]">WM_HideWindow</a>
 <LI><a href="#[34c]">WM_Init</a>
 <LI><a href="#[2ed]">WM_InvalidateRect</a>
 <LI><a href="#[2b3]">WM_InvalidateWindow</a>
 <LI><a href="#[412]">WM_InvalidateWindowAndDescs</a>
 <LI><a href="#[413]">WM_InvalidateWindowAndDescsEx</a>
 <LI><a href="#[415]">WM_IsFocusable</a>
 <LI><a href="#[296]">WM_IsWindow</a>
 <LI><a href="#[fc]">WM_MULTIBUF_Enable</a>
 <LI><a href="#[2be]">WM_MoveChildTo</a>
 <LI><a href="#[2bd]">WM_MoveWindow</a>
 <LI><a href="#[3cf]">WM_NotifyParent</a>
 <LI><a href="#[37d]">WM_OnKey</a>
 <LI><a href="#[40a]">WM_PID__SetPrevState</a>
 <LI><a href="#[409]">WM_ReleaseCapture</a>
 <LI><a href="#[2bc]">WM_ResizeWindow</a>
 <LI><a href="#[3d0]">WM_RestartTimer</a>
 <LI><a href="#[404]">WM_Screen2hWin</a>
 <LI><a href="#[3ea]">WM_SelectWindow</a>
 <LI><a href="#[3f7]">WM_SendMessage</a>
 <LI><a href="#[312]">WM_SendMessageNoPara</a>
 <LI><a href="#[3ed]">WM_SendToParent</a>
 <LI><a href="#[3cb]">WM_SetCapture</a>
 <LI><a href="#[294]">WM_SetCaptureMove</a>
 <LI><a href="#[104]">WM_SetCreateFlags</a>
 <LI><a href="#[41e]">WM_SetDefault</a>
 <LI><a href="#[292]">WM_SetFocus</a>
 <LI><a href="#[299]">WM_SetFocusOnNextChild</a>
 <LI><a href="#[2c3]">WM_SetFocusOnPrevChild</a>
 <LI><a href="#[2af]">WM_SetHasTrans</a>
 <LI><a href="#[3e3]">WM_SetScrollState</a>
 <LI><a href="#[423]">WM_SetScrollbarH</a>
 <LI><a href="#[425]">WM_SetScrollbarV</a>
 <LI><a href="#[2bf]">WM_SetSize</a>
 <LI><a href="#[2d8]">WM_SetUserClipRect</a>
 <LI><a href="#[310]">WM_ShowWindow</a>
 <LI><a href="#[422]">WM_ValidateWindow</a>
 <LI><a href="#[427]">WM__ActivateClipRect</a>
 <LI><a href="#[403]">WM__AddCriticalHandle</a>
 <LI><a href="#[40e]">WM__Client2Screen</a>
 <LI><a href="#[410]">WM__ClipAtParentBorders</a>
 <LI><a href="#[3f1]">WM__DeleteAssocTimer</a>
 <LI><a href="#[429]">WM__DeleteSecure</a>
 <LI><a href="#[3f2]">WM__DetachWindow</a>
 <LI><a href="#[3f5]">WM__ForEachDesc</a>
 <LI><a href="#[3ec]">WM__GetClientRectEx</a>
 <LI><a href="#[3e1]">WM__GetClientRectWin</a>
 <LI><a href="#[42a]">WM__GetFirstSibling</a>
 <LI><a href="#[41f]">WM__GetFocusedChild</a>
 <LI><a href="#[42c]">WM__GetLastSibling</a>
 <LI><a href="#[30e]">WM__GetNextIVR</a>
 <LI><a href="#[3e5]">WM__GetPrevSibling</a>
 <LI><a href="#[3f0]">WM__GetTopLevelLayer</a>
 <LI><a href="#[2b5]">WM__GetWindowSizeX</a>
 <LI><a href="#[2b6]">WM__GetWindowSizeY</a>
 <LI><a href="#[30d]">WM__InitIVRSearch</a>
 <LI><a href="#[3e8]">WM__InsertWindowIntoList</a>
 <LI><a href="#[411]">WM__Invalidate1Abs</a>
 <LI><a href="#[40d]">WM__InvalidateDrawAndDescs</a>
 <LI><a href="#[430]">WM__InvalidateParent</a>
 <LI><a href="#[431]">WM__InvalidateRect</a>
 <LI><a href="#[3e6]">WM__InvalidateRectEx</a>
 <LI><a href="#[29d]">WM__IsAncestor</a>
 <LI><a href="#[29b]">WM__IsAncestorOrSelf</a>
 <LI><a href="#[42b]">WM__IsChild</a>
 <LI><a href="#[406]">WM__IsEnabled</a>
 <LI><a href="#[405]">WM__IsInModalArea</a>
 <LI><a href="#[44c]">WM__IsInWindow</a>
 <LI><a href="#[3ef]">WM__IsWindow</a>
 <LI><a href="#[416]">WM__MoveWindow</a>
 <LI><a href="#[433]">WM__Paint</a>
 <LI><a href="#[a6]">WM__Paint1</a>
 <LI><a href="#[448]">WM__RectIsNZ</a>
 <LI><a href="#[40b]">WM__RemoveCriticalHandle</a>
 <LI><a href="#[3e7]">WM__RemoveWindowFromList</a>
 <LI><a href="#[438]">WM__Screen2Client</a>
 <LI><a href="#[41b]">WM__SelectTopLevelLayer</a>
 <LI><a href="#[295]">WM__SendMessage</a>
 <LI><a href="#[408]">WM__SendMessageIfEnabled</a>
 <LI><a href="#[360]">WM__SendMessageNoPara</a>
 <LI><a href="#[3eb]">WM__SendMsgNoData</a>
 <LI><a href="#[439]">WM__SendPIDMessage</a>
 <LI><a href="#[407]">WM__SendTouchMessage</a>
 <LI><a href="#[424]">WM__SetScrollbarH</a>
 <LI><a href="#[426]">WM__SetScrollbarV</a>
 <LI><a href="#[3dc]">WM__UpdateChildPositions</a>
 <LI><a href="#[345]">emWin_LCD_Init</a>
 <LI><a href="#[b9]">_Color2Index_M565</a>
 <LI><a href="#[bb]">_GetIndexMask_M565</a>
 <LI><a href="#[bc]">_Color2IndexBulk</a>
 <LI><a href="#[bd]">_Index2ColorBulk</a>
 <LI><a href="#[2fc]">_PushFreeBlock</a>
 <LI><a href="#[2ff]">_RemoveFreeBlock</a>
 <LI><a href="#[2fb]">_AddFreeMemory</a>
 <LI><a href="#[2fe]">_RemoveHoles</a>
 <LI><a href="#[43b]">_EnlargeBlocks</a>
 <LI><a href="#[2fa]">_Alloc</a>
 <LI><a href="#[2fd]">_InitOnce</a>
 <LI><a href="#[344]">_InitContext</a>
 <LI><a href="#[91]">_OnExit</a>
 <LI><a href="#[440]">_GetDecs</a>
 <LI><a href="#[43f]">_RoundHalfUp</a>
 <LI><a href="#[31f]">_DispFloatFix</a>
 <LI><a href="#[320]">_DispFloatMin</a>
 <LI><a href="#[3b3]">_GetDevProp</a>
 <LI><a href="#[3b9]">_GetMaxValue</a>
 <LI><a href="#[d1]">_GetDevData</a>
 <LI><a href="#[cf]">_GetDevFunc</a>
 <LI><a href="#[ce]">_SetOrg</a>
 <LI><a href="#[d2]">_GetRect</a>
 <LI><a href="#[443]">_XY2PTR</a>
 <LI><a href="#[cb]">_GetPixelIndex</a>
 <LI><a href="#[cd]">_XorPixel</a>
 <LI><a href="#[cc]">_SetPixelIndex</a>
 <LI><a href="#[c9]">_DrawVLine</a>
 <LI><a href="#[ca]">_FillRect</a>
 <LI><a href="#[c8]">_DrawHLine</a>
 <LI><a href="#[c7]">_DrawBitmap</a>
 <LI><a href="#[d0]">_GetDevProp</a>
 <LI><a href="#[a1]">_OnExit</a>
 <LI><a href="#[435]">_Paint1</a>
 <LI><a href="#[42d]">_Findy1</a>
 <LI><a href="#[42e]">_Findx0</a>
 <LI><a href="#[42f]">_Findx1</a>
 <LI><a href="#[437]">_Paint1Trans</a>
 <LI><a href="#[436]">_PaintTransChildren</a>
 <LI><a href="#[434]">WM__PaintWinAndOverlays</a>
 <LI><a href="#[a2]">_cbPaintMemDev</a>
 <LI><a href="#[428]">_SetClipRectUserIntersect</a>
 <LI><a href="#[414]">_Invalidate1Abs</a>
 <LI><a href="#[3f3]">_Exec1Input</a>
 <LI><a href="#[3f4]">_Exec1Draw</a>
 <LI><a href="#[a0]">_cbBackWin</a>
 <LI><a href="#[3f9]">_GetDialogItem</a>
 <LI><a href="#[d4]">_MULTIBUF_End</a>
 <LI><a href="#[d3]">_MULTIBUF_Begin</a>
 <LI><a href="#[29c]">_SetActive</a>
 <LI><a href="#[84]">FRAMEWIN__cbClient</a>
 <LI><a href="#[2d5]">_ManageScrollbars</a>
 <LI><a href="#[2e6]">_OnScrollValueChanged</a>
 <LI><a href="#[88]">_OnDelete</a>
 <LI><a href="#[87]">_OnPaint</a>
 <LI><a href="#[86]">_InvalidateNewItem</a>
 <LI><a href="#[89]">_OnPaint</a>
 <LI><a href="#[8]">_Log2VisBuffered</a>
 <LI><a href="#[3a3]">_DispLine</a>
 <LI><a href="#[2c8]">_SetLineColor</a>
 <LI><a href="#[2f5]">_GetTaskNo</a>
 <LI><a href="#[8a]">_OnExit</a>
 <LI><a href="#[d5]">_GetCharCode</a>
 <LI><a href="#[d6]">_GetCharSize</a>
 <LI><a href="#[d7]">_CalcSizeOfChar</a>
 <LI><a href="#[d8]">_Encode</a>
 <LI><a href="#[b]">_GetWordWrap</a>
 <LI><a href="#[c]">_GetCharWrap</a>
 <LI><a href="#[3b0]">_WrapGetNumCharsDisp</a>
 <LI><a href="#[db]">_SetDrawMode</a>
 <LI><a href="#[d9]">_SetColor</a>
 <LI><a href="#[da]">_SetBkColor</a>
 <LI><a href="#[95]">_OnExit</a>
 <LI><a href="#[366]">_CreateStaticDevice</a>
 <LI><a href="#[374]">_Convert16</a>
 <LI><a href="#[375]">_Convert8</a>
 <LI><a href="#[9e]">_cbInvalidateOne</a>
 <LI><a href="#[432]">_MoveDescendents</a>
 <LI><a href="#[420]">_GetNextChild</a>
 <LI><a href="#[421]">_GetPrevChild</a>
 <LI><a href="#[43a]">_SetScrollbar</a>
 <LI><a href="#[9f]">_cbTimer</a>
 <LI><a href="#[f]">_GetBorderSize</a>
 <LI><a href="#[e]">_Create</a>
 <LI><a href="#[d]">_Paint</a>
 <LI><a href="#[3c8]">_DeleteTimer</a>
 <LI><a href="#[3df]">_EffectRequiresRedraw</a>
 <LI><a href="#[dc]">_Color2Index_M8888I</a>
 <LI><a href="#[dd]">_GetIndexMask_M8888I</a>
 <LI><a href="#[de]">_Color2IndexBulk_M8888I</a>
 <LI><a href="#[df]">_Index2ColorBulk_M8888I</a>
 <LI><a href="#[e2]">_GetIndexMask_0</a>
 <LI><a href="#[e1]">_Index2Color_0</a>
 <LI><a href="#[e0]">_Color2Index_0</a>
 <LI><a href="#[330]">_DrawGradient</a>
 <LI><a href="#[2cd]">_Add</a>
 <LI><a href="#[8d]">_OnExit</a>
 <LI><a href="#[90]">_OnExit</a>
 <LI><a href="#[38d]">_Link</a>
 <LI><a href="#[38f]">_Unlink</a>
 <LI><a href="#[94]">_OnExit</a>
 <LI><a href="#[3a7]">_GetTwinArcPara</a>
 <LI><a href="#[ed]">_GetDevData</a>
 <LI><a href="#[eb]">_GetDevFunc</a>
 <LI><a href="#[ec]">_GetDevProp</a>
 <LI><a href="#[ea]">_SetOrg</a>
 <LI><a href="#[ee]">_GetRect</a>
 <LI><a href="#[444]">_XY2PTR</a>
 <LI><a href="#[e7]">_GetPixelIndex</a>
 <LI><a href="#[e9]">_XorPixel</a>
 <LI><a href="#[e8]">_SetPixelIndex</a>
 <LI><a href="#[e5]">_DrawVLine</a>
 <LI><a href="#[e6]">_FillRect</a>
 <LI><a href="#[e4]">_DrawHLine</a>
 <LI><a href="#[e3]">_DrawBitmap</a>
 <LI><a href="#[ef]">GUI_USAGE_BM_AddPixel</a>
 <LI><a href="#[f3]">GUI_USAGE_BM_GetNextDirty</a>
 <LI><a href="#[f2]">_GUI_USAGE_BM_Delete</a>
 <LI><a href="#[f1]">GUI_USAGE_BM_Clear</a>
 <LI><a href="#[f0]">GUI_USAGE_BM_AddHLine</a>
 <LI><a href="#[41a]">_Screen2hWin</a>
 <LI><a href="#[417]">WM__ReleaseCapture</a>
 <LI><a href="#[15]">_Create</a>
 <LI><a href="#[a3]">_CalcPositions</a>
 <LI><a href="#[14]">_Paint</a>
 <LI><a href="#[3d6]">_GetArrowPara</a>
 <LI><a href="#[99]">_DrawGraspH</a>
 <LI><a href="#[97]">_DrawGraspV</a>
 <LI><a href="#[441]">_DrawFrame</a>
 <LI><a href="#[9a]">_DrawBackgroundH</a>
 <LI><a href="#[98]">_DrawBackgroundV</a>
 <LI><a href="#[f7]">_DrawDownRect</a>
 <LI><a href="#[f5]">_DrawUpRect</a>
 <LI><a href="#[f6]">_DrawDown</a>
 <LI><a href="#[f4]">_DrawUp</a>
 <LI><a href="#[382]">_CreateBuffer</a>
 <LI><a href="#[383]">_GetBkIndex.isra.0</a>
 <LI><a href="#[385]">_GetBkIndexAlpha.isra.2</a>
 <LI><a href="#[381]">_GetDeviceRect</a>
 <LI><a href="#[446]">_FlushBuffer.isra.5</a>
 <LI><a href="#[384]">_SetBkIndexBuffered</a>
 <LI><a href="#[386]">_ReleaseBuffer.isra.6</a>
 <LI><a href="#[37f]">LCD_ReadRectEx</a>
 <LI><a href="#[36f]">_ClipX</a>
 <LI><a href="#[370]">_ClipY</a>
 <LI><a href="#[36e]">_WriteToActiveAlpha</a>
</UL>
</UL>
<P>
<H3>
Mutually Recursive functions
</H3> <LI><a href="#[3ed]">WM_SendToParent</a>&nbsp;&nbsp;&nbsp;&rArr;&nbsp;&nbsp;&nbsp;<a href="#[295]">WM__SendMessage</a><BR>
 <LI><a href="#[40d]">WM__InvalidateDrawAndDescs</a>&nbsp;&nbsp;&nbsp;&rArr;&nbsp;&nbsp;&nbsp;<a href="#[40d]">WM__InvalidateDrawAndDescs</a><BR>
 <LI><a href="#[431]">WM__InvalidateRect</a>&nbsp;&nbsp;&nbsp;&rArr;&nbsp;&nbsp;&nbsp;<a href="#[431]">WM__InvalidateRect</a><BR>
 <LI><a href="#[413]">WM_InvalidateWindowAndDescsEx</a>&nbsp;&nbsp;&nbsp;&rArr;&nbsp;&nbsp;&nbsp;<a href="#[413]">WM_InvalidateWindowAndDescsEx</a><BR>
 <LI><a href="#[3f9]">_GetDialogItem</a>&nbsp;&nbsp;&nbsp;&rArr;&nbsp;&nbsp;&nbsp;<a href="#[3f9]">_GetDialogItem</a><BR>
 <LI><a href="#[43b]">_EnlargeBlocks</a>&nbsp;&nbsp;&nbsp;&rArr;&nbsp;&nbsp;&nbsp;<a href="#[2fa]">_Alloc</a><BR>
 <LI><a href="#[436]">_PaintTransChildren</a>&nbsp;&nbsp;&nbsp;&rArr;&nbsp;&nbsp;&nbsp;<a href="#[436]">_PaintTransChildren</a><BR>
 <LI><a href="#[42f]">_Findx1</a>&nbsp;&nbsp;&nbsp;&rArr;&nbsp;&nbsp;&nbsp;<a href="#[42f]">_Findx1</a><BR>
 <LI><a href="#[42e]">_Findx0</a>&nbsp;&nbsp;&nbsp;&rArr;&nbsp;&nbsp;&nbsp;<a href="#[42e]">_Findx0</a><BR>
 <LI><a href="#[42d]">_Findy1</a>&nbsp;&nbsp;&nbsp;&rArr;&nbsp;&nbsp;&nbsp;<a href="#[42d]">_Findy1</a><BR>
 <LI><a href="#[311]">WM_DeleteWindow</a>&nbsp;&nbsp;&nbsp;&rArr;&nbsp;&nbsp;&nbsp;<a href="#[311]">WM_DeleteWindow</a><BR>
 <LI><a href="#[412]">WM_InvalidateWindowAndDescs</a>&nbsp;&nbsp;&nbsp;&rArr;&nbsp;&nbsp;&nbsp;<a href="#[412]">WM_InvalidateWindowAndDescs</a><BR>
 <LI><a href="#[32]">ADC_IRQHandler</a>&nbsp;&nbsp;&nbsp;&rArr;&nbsp;&nbsp;&nbsp;<a href="#[32]">ADC_IRQHandler</a><BR>
 <LI><a href="#[432]">_MoveDescendents</a>&nbsp;&nbsp;&nbsp;&rArr;&nbsp;&nbsp;&nbsp;<a href="#[432]">_MoveDescendents</a><BR>
 <LI><a href="#[3f5]">WM__ForEachDesc</a>&nbsp;&nbsp;&nbsp;&rArr;&nbsp;&nbsp;&nbsp;<a href="#[3f5]">WM__ForEachDesc</a><BR>
 <LI><a href="#[2bc]">WM_ResizeWindow</a>&nbsp;&nbsp;&nbsp;&rArr;&nbsp;&nbsp;&nbsp;<a href="#[3dc]">WM__UpdateChildPositions</a><BR>
 <LI><a href="#[2f1]">GUIPROP__FindChar</a>&nbsp;&nbsp;&nbsp;&rArr;&nbsp;&nbsp;&nbsp;<a href="#[2f1]">GUIPROP__FindChar</a><BR>
 <LI><a href="#[41a]">_Screen2hWin</a>&nbsp;&nbsp;&nbsp;&rArr;&nbsp;&nbsp;&nbsp;<a href="#[41a]">_Screen2hWin</a><BR>
 <LI><a href="#[132]">LCD_Fill</a>&nbsp;&nbsp;&nbsp;&rArr;&nbsp;&nbsp;&nbsp;<a href="#[132]">LCD_Fill</a><BR>
</UL>
<P>
<H3>
Function Pointers
</H3><UL>
 <LI><a href="#[32]">ADC_IRQHandler</a> from startup_stm32f40_41xxx.o(.text) referenced from startup_stm32f40_41xxx.o(RESET)
 <LI><a href="#[1a]">BusFault_Handler</a> from stm32f4xx_it.o(.text) referenced from startup_stm32f40_41xxx.o(RESET)
 <LI><a href="#[34]">CAN1_RX0_IRQHandler</a> from startup_stm32f40_41xxx.o(.text) referenced from startup_stm32f40_41xxx.o(RESET)
 <LI><a href="#[35]">CAN1_RX1_IRQHandler</a> from startup_stm32f40_41xxx.o(.text) referenced from startup_stm32f40_41xxx.o(RESET)
 <LI><a href="#[36]">CAN1_SCE_IRQHandler</a> from startup_stm32f40_41xxx.o(.text) referenced from startup_stm32f40_41xxx.o(RESET)
 <LI><a href="#[33]">CAN1_TX_IRQHandler</a> from startup_stm32f40_41xxx.o(.text) referenced from startup_stm32f40_41xxx.o(RESET)
 <LI><a href="#[60]">CAN2_RX0_IRQHandler</a> from startup_stm32f40_41xxx.o(.text) referenced from startup_stm32f40_41xxx.o(RESET)
 <LI><a href="#[61]">CAN2_RX1_IRQHandler</a> from startup_stm32f40_41xxx.o(.text) referenced from startup_stm32f40_41xxx.o(RESET)
 <LI><a href="#[62]">CAN2_SCE_IRQHandler</a> from startup_stm32f40_41xxx.o(.text) referenced from startup_stm32f40_41xxx.o(RESET)
 <LI><a href="#[5f]">CAN2_TX_IRQHandler</a> from startup_stm32f40_41xxx.o(.text) referenced from startup_stm32f40_41xxx.o(RESET)
 <LI><a href="#[6f]">CRYP_IRQHandler</a> from startup_stm32f40_41xxx.o(.text) referenced from startup_stm32f40_41xxx.o(RESET)
 <LI><a href="#[6e]">DCMI_IRQHandler</a> from startup_stm32f40_41xxx.o(.text) referenced from startup_stm32f40_41xxx.o(RESET)
 <LI><a href="#[2b]">DMA1_Stream0_IRQHandler</a> from startup_stm32f40_41xxx.o(.text) referenced from startup_stm32f40_41xxx.o(RESET)
 <LI><a href="#[2c]">DMA1_Stream1_IRQHandler</a> from startup_stm32f40_41xxx.o(.text) referenced from startup_stm32f40_41xxx.o(RESET)
 <LI><a href="#[2d]">DMA1_Stream2_IRQHandler</a> from startup_stm32f40_41xxx.o(.text) referenced from startup_stm32f40_41xxx.o(RESET)
 <LI><a href="#[2e]">DMA1_Stream3_IRQHandler</a> from startup_stm32f40_41xxx.o(.text) referenced from startup_stm32f40_41xxx.o(RESET)
 <LI><a href="#[2f]">DMA1_Stream4_IRQHandler</a> from startup_stm32f40_41xxx.o(.text) referenced from startup_stm32f40_41xxx.o(RESET)
 <LI><a href="#[30]">DMA1_Stream5_IRQHandler</a> from startup_stm32f40_41xxx.o(.text) referenced from startup_stm32f40_41xxx.o(RESET)
 <LI><a href="#[31]">DMA1_Stream6_IRQHandler</a> from startup_stm32f40_41xxx.o(.text) referenced from startup_stm32f40_41xxx.o(RESET)
 <LI><a href="#[4f]">DMA1_Stream7_IRQHandler</a> from startup_stm32f40_41xxx.o(.text) referenced from startup_stm32f40_41xxx.o(RESET)
 <LI><a href="#[58]">DMA2_Stream0_IRQHandler</a> from startup_stm32f40_41xxx.o(.text) referenced from startup_stm32f40_41xxx.o(RESET)
 <LI><a href="#[59]">DMA2_Stream1_IRQHandler</a> from startup_stm32f40_41xxx.o(.text) referenced from startup_stm32f40_41xxx.o(RESET)
 <LI><a href="#[5a]">DMA2_Stream2_IRQHandler</a> from startup_stm32f40_41xxx.o(.text) referenced from startup_stm32f40_41xxx.o(RESET)
 <LI><a href="#[5b]">DMA2_Stream3_IRQHandler</a> from startup_stm32f40_41xxx.o(.text) referenced from startup_stm32f40_41xxx.o(RESET)
 <LI><a href="#[5c]">DMA2_Stream4_IRQHandler</a> from startup_stm32f40_41xxx.o(.text) referenced from startup_stm32f40_41xxx.o(RESET)
 <LI><a href="#[64]">DMA2_Stream5_IRQHandler</a> from startup_stm32f40_41xxx.o(.text) referenced from startup_stm32f40_41xxx.o(RESET)
 <LI><a href="#[65]">DMA2_Stream6_IRQHandler</a> from startup_stm32f40_41xxx.o(.text) referenced from startup_stm32f40_41xxx.o(RESET)
 <LI><a href="#[66]">DMA2_Stream7_IRQHandler</a> from startup_stm32f40_41xxx.o(.text) referenced from startup_stm32f40_41xxx.o(RESET)
 <LI><a href="#[1d]">DebugMon_Handler</a> from stm32f4xx_it.o(.text) referenced from startup_stm32f40_41xxx.o(RESET)
 <LI><a href="#[5d]">ETH_IRQHandler</a> from startup_stm32f40_41xxx.o(.text) referenced from startup_stm32f40_41xxx.o(RESET)
 <LI><a href="#[5e]">ETH_WKUP_IRQHandler</a> from startup_stm32f40_41xxx.o(.text) referenced from startup_stm32f40_41xxx.o(RESET)
 <LI><a href="#[26]">EXTI0_IRQHandler</a> from startup_stm32f40_41xxx.o(.text) referenced from startup_stm32f40_41xxx.o(RESET)
 <LI><a href="#[48]">EXTI15_10_IRQHandler</a> from startup_stm32f40_41xxx.o(.text) referenced from startup_stm32f40_41xxx.o(RESET)
 <LI><a href="#[27]">EXTI1_IRQHandler</a> from startup_stm32f40_41xxx.o(.text) referenced from startup_stm32f40_41xxx.o(RESET)
 <LI><a href="#[28]">EXTI2_IRQHandler</a> from startup_stm32f40_41xxx.o(.text) referenced from startup_stm32f40_41xxx.o(RESET)
 <LI><a href="#[29]">EXTI3_IRQHandler</a> from startup_stm32f40_41xxx.o(.text) referenced from startup_stm32f40_41xxx.o(RESET)
 <LI><a href="#[2a]">EXTI4_IRQHandler</a> from startup_stm32f40_41xxx.o(.text) referenced from startup_stm32f40_41xxx.o(RESET)
 <LI><a href="#[37]">EXTI9_5_IRQHandler</a> from startup_stm32f40_41xxx.o(.text) referenced from startup_stm32f40_41xxx.o(RESET)
 <LI><a href="#[24]">FLASH_IRQHandler</a> from startup_stm32f40_41xxx.o(.text) referenced from startup_stm32f40_41xxx.o(RESET)
 <LI><a href="#[71]">FPU_IRQHandler</a> from startup_stm32f40_41xxx.o(.text) referenced from startup_stm32f40_41xxx.o(RESET)
 <LI><a href="#[83]">FRAMEWIN_Callback</a> from FRAMEWIN.o(.text.FRAMEWIN_Callback) referenced from FRAMEWIN.o(.text.FRAMEWIN_CreateUser)
 <LI><a href="#[aa]">FRAMEWIN_CreateIndirect</a> from FRAMEWIN.o(.text.FRAMEWIN_CreateIndirect) referenced from gui.o(.constdata)
 <LI><a href="#[7]">FRAMEWIN_DrawSkinFlex</a> from FRAMEWIN_SkinFlex.o(.text.FRAMEWIN_DrawSkinFlex) referenced 4 times from FRAMEWIN.o(.data)
 <LI><a href="#[6]">FRAMEWIN__GetBorderSize</a> from FRAMEWIN.o(.text.FRAMEWIN__GetBorderSize) referenced 2 times from FRAMEWIN.o(.data)
 <LI><a href="#[84]">FRAMEWIN__cbClient</a> from FRAMEWIN.o(.text.FRAMEWIN__cbClient) referenced from FRAMEWIN.o(.text.FRAMEWIN_CreateUser)
 <LI><a href="#[50]">FSMC_IRQHandler</a> from startup_stm32f40_41xxx.o(.text) referenced from startup_stm32f40_41xxx.o(RESET)
 <LI><a href="#[75]">FT5206_Scan</a> from ft5206.o(.text) referenced from touch.o(.text)
 <LI><a href="#[85]">GRAPH_Callback</a> from GRAPH.o(.text.GRAPH_Callback) referenced from GRAPH.o(.text.GRAPH_CreateUser)
 <LI><a href="#[ab]">GRAPH_CreateIndirect</a> from GRAPH.o(.text.GRAPH_CreateIndirect) referenced from gui.o(.constdata)
 <LI><a href="#[73]">GT9147_Scan</a> from gt9147.o(.text) referenced from touch.o(.text)
 <LI><a href="#[c3]">GUIMONO_DispChar</a> from GUI_CharM.o(.text.GUIMONO_DispChar) referenced 8 times from F6x8.o(.rodata)
 <LI><a href="#[c4]">GUIMONO_GetCharDistX</a> from GUI_CharM.o(.text.GUIMONO_GetCharDistX) referenced 8 times from F6x8.o(.rodata)
 <LI><a href="#[c5]">GUIMONO_GetFontInfo</a> from GUI_CharM.o(.text.GUIMONO_GetFontInfo) referenced 8 times from F6x8.o(.rodata)
 <LI><a href="#[c6]">GUIMONO_IsInFont</a> from GUI_CharM.o(.text.GUIMONO_IsInFont) referenced 8 times from F6x8.o(.rodata)
 <LI><a href="#[bf]">GUIPROP_DispChar</a> from GUI_CharP.o(.text.GUIPROP_DispChar) referenced 4 times from F13_ASCII.o(.rodata)
 <LI><a href="#[c0]">GUIPROP_GetCharDistX</a> from GUI_CharP.o(.text.GUIPROP_GetCharDistX) referenced 4 times from F13_ASCII.o(.rodata)
 <LI><a href="#[c1]">GUIPROP_GetFontInfo</a> from GUI_CharP.o(.text.GUIPROP_GetFontInfo) referenced 4 times from F13_ASCII.o(.rodata)
 <LI><a href="#[c2]">GUIPROP_IsInFont</a> from GUI_CharP.o(.text.GUIPROP_IsInFont) referenced 4 times from F13_ASCII.o(.rodata)
 <LI><a href="#[9b]">GUI_DrawGradientH</a> from GUI_DrawGradient.o(.text.GUI_DrawGradientH) referenced from SCROLLBAR_SkinFlex.o(.text.SCROLLBAR_DrawSkinFlex)
 <LI><a href="#[9c]">GUI_DrawGradientV</a> from GUI_DrawGradient.o(.text.GUI_DrawGradientV) referenced from SCROLLBAR_SkinFlex.o(.text.SCROLLBAR_DrawSkinFlex)
 <LI><a href="#[a7]">GUI_MEMDEV_Paint1Static</a> from GUIDEV_StaticDevices.o(.text.GUI_MEMDEV_Paint1Static) referenced from WM.o(.text._Paint1)
 <LI><a href="#[a5]">GUI_MEMDEV__WriteToActiveAlpha</a> from GUIDEV_WriteToActiveAlpha.o(.text.GUI_MEMDEV__WriteToActiveAlpha) referenced from GUIDEV_32.o(.text._GetDevFunc)
 <LI><a href="#[a4]">GUI_MEMDEV__WriteToActiveOpaque</a> from GUIDEV_WriteToActiveOpaque.o(.text.GUI_MEMDEV__WriteToActiveOpaque) referenced from GUIDEV_16.o(.text._GetDevFunc)
 <LI><a href="#[8f]">GUI_TIMER_Exec</a> from GUI_Timer.o(.text.GUI_TIMER_Exec) referenced from GUI_Timer.o(.text.GUI_TIMER_Create)
 <LI><a href="#[f0]">GUI_USAGE_BM_AddHLine</a> from GUIDEV_UsageBM.o(.text.GUI_USAGE_BM_AddHLine) referenced from GUIDEV_UsageBM.o(.rodata)
 <LI><a href="#[ef]">GUI_USAGE_BM_AddPixel</a> from GUIDEV_UsageBM.o(.text.GUI_USAGE_BM_AddPixel) referenced from GUIDEV_UsageBM.o(.rodata)
 <LI><a href="#[f1]">GUI_USAGE_BM_Clear</a> from GUIDEV_UsageBM.o(.text.GUI_USAGE_BM_Clear) referenced from GUIDEV_UsageBM.o(.rodata)
 <LI><a href="#[f3]">GUI_USAGE_BM_GetNextDirty</a> from GUIDEV_UsageBM.o(.text.GUI_USAGE_BM_GetNextDirty) referenced from GUIDEV_UsageBM.o(.rodata)
 <LI><a href="#[11]">GUI__MixColors</a> from GUI__Alpha.o(.text.GUI__MixColors) referenced 2 times from GUI__Alpha.o(.data)
 <LI><a href="#[12]">GUI__MixColorsBulk</a> from GUI__Alpha.o(.text.GUI__MixColorsBulk) referenced 2 times from GUI__Alpha.o(.data)
 <LI><a href="#[70]">HASH_RNG_IRQHandler</a> from startup_stm32f40_41xxx.o(.text) referenced from startup_stm32f40_41xxx.o(RESET)
 <LI><a href="#[18]">HardFault_Handler</a> from stm32f4xx_it.o(.text) referenced from startup_stm32f40_41xxx.o(RESET)
 <LI><a href="#[40]">I2C1_ER_IRQHandler</a> from startup_stm32f40_41xxx.o(.text) referenced from startup_stm32f40_41xxx.o(RESET)
 <LI><a href="#[3f]">I2C1_EV_IRQHandler</a> from startup_stm32f40_41xxx.o(.text) referenced from startup_stm32f40_41xxx.o(RESET)
 <LI><a href="#[42]">I2C2_ER_IRQHandler</a> from startup_stm32f40_41xxx.o(.text) referenced from startup_stm32f40_41xxx.o(RESET)
 <LI><a href="#[41]">I2C2_EV_IRQHandler</a> from startup_stm32f40_41xxx.o(.text) referenced from startup_stm32f40_41xxx.o(RESET)
 <LI><a href="#[69]">I2C3_ER_IRQHandler</a> from startup_stm32f40_41xxx.o(.text) referenced from startup_stm32f40_41xxx.o(RESET)
 <LI><a href="#[68]">I2C3_EV_IRQHandler</a> from startup_stm32f40_41xxx.o(.text) referenced from startup_stm32f40_41xxx.o(RESET)
 <LI><a href="#[13]">LCD_AA_MixColors16</a> from LCD_AA.o(.text.LCD_AA_MixColors16) referenced 2 times from LCD_AA.o(.data)
 <LI><a href="#[8c]">LCD_DrawHLine</a> from LCD.o(.text.LCD_DrawHLine) referenced from GUI_Core.o(.rodata)
 <LI><a href="#[8c]">LCD_DrawHLine</a> from LCD.o(.text.LCD_DrawHLine) referenced from GUI_DrawGradient.o(.text.GUI_DrawGradientV)
 <LI><a href="#[be]">LCD_DrawPixel</a> from LCD.o(.text.LCD_DrawPixel) referenced from GUI_Core.o(.rodata)
 <LI><a href="#[8b]">LCD_DrawVLine</a> from LCD.o(.text.LCD_DrawVLine) referenced from GUI_DrawGradient.o(.text.GUI_DrawGradientH)
 <LI><a href="#[5]">LCD_GetpPalConvTableBM</a> from LCD_Color.o(.text.LCD_GetpPalConvTableBM) referenced 2 times from GUI_Core.o(.data)
 <LI><a href="#[ba]">LCD_Index2Color_M565</a> from GUICC_M565.o(.text.LCD_Index2Color_M565) referenced from GUICC_M565.o(.rodata)
 <LI><a href="#[93]">LCD_Index2Color_M888</a> from GUICC_M888_Index2Color.o(.text.LCD_Index2Color_M888) referenced from GUI__Alpha.o(.text.GUI__DoAlphaBlending)
 <LI><a href="#[92]">LCD_Index2Color_M8888I</a> from GUICC_M8888I_Index2Color.o(.text.LCD_Index2Color_M8888I) referenced from GUICC_M8888I.o(.rodata)
 <LI><a href="#[92]">LCD_Index2Color_M8888I</a> from GUICC_M8888I_Index2Color.o(.text.LCD_Index2Color_M8888I) referenced from GUI__Alpha.o(.text.GUI__DoAlphaBlending)
 <LI><a href="#[92]">LCD_Index2Color_M8888I</a> from GUICC_M8888I_Index2Color.o(.text.LCD_Index2Color_M8888I) referenced from GUIDEV_WriteToActiveAlpha.o(.text._WriteToActiveAlpha)
 <LI><a href="#[19]">MemManage_Handler</a> from stm32f4xx_it.o(.text) referenced from startup_stm32f40_41xxx.o(RESET)
 <LI><a href="#[17]">NMI_Handler</a> from stm32f4xx_it.o(.text) referenced from startup_stm32f40_41xxx.o(RESET)
 <LI><a href="#[63]">OTG_FS_IRQHandler</a> from startup_stm32f40_41xxx.o(.text) referenced from startup_stm32f40_41xxx.o(RESET)
 <LI><a href="#[4a]">OTG_FS_WKUP_IRQHandler</a> from startup_stm32f40_41xxx.o(.text) referenced from startup_stm32f40_41xxx.o(RESET)
 <LI><a href="#[6b]">OTG_HS_EP1_IN_IRQHandler</a> from startup_stm32f40_41xxx.o(.text) referenced from startup_stm32f40_41xxx.o(RESET)
 <LI><a href="#[6a]">OTG_HS_EP1_OUT_IRQHandler</a> from startup_stm32f40_41xxx.o(.text) referenced from startup_stm32f40_41xxx.o(RESET)
 <LI><a href="#[6d]">OTG_HS_IRQHandler</a> from startup_stm32f40_41xxx.o(.text) referenced from startup_stm32f40_41xxx.o(RESET)
 <LI><a href="#[6c]">OTG_HS_WKUP_IRQHandler</a> from startup_stm32f40_41xxx.o(.text) referenced from startup_stm32f40_41xxx.o(RESET)
 <LI><a href="#[74]">OTT2001A_Scan</a> from ott2001a.o(.text) referenced from touch.o(.text)
 <LI><a href="#[21]">PVD_IRQHandler</a> from startup_stm32f40_41xxx.o(.text) referenced from startup_stm32f40_41xxx.o(RESET)
 <LI><a href="#[1e]">PendSV_Handler</a> from port.o(.emb_text) referenced from startup_stm32f40_41xxx.o(RESET)
 <LI><a href="#[25]">RCC_IRQHandler</a> from startup_stm32f40_41xxx.o(.text) referenced from startup_stm32f40_41xxx.o(RESET)
 <LI><a href="#[49]">RTC_Alarm_IRQHandler</a> from startup_stm32f40_41xxx.o(.text) referenced from startup_stm32f40_41xxx.o(RESET)
 <LI><a href="#[23]">RTC_WKUP_IRQHandler</a> from startup_stm32f40_41xxx.o(.text) referenced from startup_stm32f40_41xxx.o(RESET)
 <LI><a href="#[16]">Reset_Handler</a> from startup_stm32f40_41xxx.o(.text) referenced from startup_stm32f40_41xxx.o(RESET)
 <LI><a href="#[96]">SCROLLBAR_Callback</a> from SCROLLBAR.o(.text.SCROLLBAR_Callback) referenced from SCROLLBAR.o(.text.SCROLLBAR_CreateUser)
 <LI><a href="#[10]">SCROLLBAR_DrawSkinFlex</a> from SCROLLBAR_SkinFlex.o(.text.SCROLLBAR_DrawSkinFlex) referenced 2 times from SCROLLBAR.o(.data)
 <LI><a href="#[51]">SDIO_IRQHandler</a> from startup_stm32f40_41xxx.o(.text) referenced from startup_stm32f40_41xxx.o(RESET)
 <LI><a href="#[43]">SPI1_IRQHandler</a> from startup_stm32f40_41xxx.o(.text) referenced from startup_stm32f40_41xxx.o(RESET)
 <LI><a href="#[44]">SPI2_IRQHandler</a> from startup_stm32f40_41xxx.o(.text) referenced from startup_stm32f40_41xxx.o(RESET)
 <LI><a href="#[53]">SPI3_IRQHandler</a> from startup_stm32f40_41xxx.o(.text) referenced from startup_stm32f40_41xxx.o(RESET)
 <LI><a href="#[1c]">SVC_Handler</a> from port.o(.emb_text) referenced from startup_stm32f40_41xxx.o(RESET)
 <LI><a href="#[1f]">SysTick_Handler</a> from delay.o(.text) referenced from startup_stm32f40_41xxx.o(RESET)
 <LI><a href="#[77]">SystemInit</a> from system_stm32f4xx.o(.text) referenced from startup_stm32f40_41xxx.o(.text)
 <LI><a href="#[22]">TAMP_STAMP_IRQHandler</a> from startup_stm32f40_41xxx.o(.text) referenced from startup_stm32f40_41xxx.o(RESET)
 <LI><a href="#[9d]">TEXT_Callback</a> from TEXT.o(.text.TEXT_Callback) referenced from TEXT.o(.text.TEXT_CreateUser)
 <LI><a href="#[ac]">TEXT_CreateIndirect</a> from TEXT.o(.text.TEXT_CreateIndirect) referenced 4 times from gui.o(.constdata)
 <LI><a href="#[38]">TIM1_BRK_TIM9_IRQHandler</a> from startup_stm32f40_41xxx.o(.text) referenced from startup_stm32f40_41xxx.o(RESET)
 <LI><a href="#[3b]">TIM1_CC_IRQHandler</a> from startup_stm32f40_41xxx.o(.text) referenced from startup_stm32f40_41xxx.o(RESET)
 <LI><a href="#[3a]">TIM1_TRG_COM_TIM11_IRQHandler</a> from startup_stm32f40_41xxx.o(.text) referenced from startup_stm32f40_41xxx.o(RESET)
 <LI><a href="#[39]">TIM1_UP_TIM10_IRQHandler</a> from startup_stm32f40_41xxx.o(.text) referenced from startup_stm32f40_41xxx.o(RESET)
 <LI><a href="#[3c]">TIM2_IRQHandler</a> from startup_stm32f40_41xxx.o(.text) referenced from startup_stm32f40_41xxx.o(RESET)
 <LI><a href="#[3d]">TIM3_IRQHandler</a> from timer.o(.text) referenced from startup_stm32f40_41xxx.o(RESET)
 <LI><a href="#[3e]">TIM4_IRQHandler</a> from startup_stm32f40_41xxx.o(.text) referenced from startup_stm32f40_41xxx.o(RESET)
 <LI><a href="#[52]">TIM5_IRQHandler</a> from startup_stm32f40_41xxx.o(.text) referenced from startup_stm32f40_41xxx.o(RESET)
 <LI><a href="#[56]">TIM6_DAC_IRQHandler</a> from startup_stm32f40_41xxx.o(.text) referenced from startup_stm32f40_41xxx.o(RESET)
 <LI><a href="#[57]">TIM7_IRQHandler</a> from startup_stm32f40_41xxx.o(.text) referenced from startup_stm32f40_41xxx.o(RESET)
 <LI><a href="#[4b]">TIM8_BRK_TIM12_IRQHandler</a> from startup_stm32f40_41xxx.o(.text) referenced from startup_stm32f40_41xxx.o(RESET)
 <LI><a href="#[4e]">TIM8_CC_IRQHandler</a> from startup_stm32f40_41xxx.o(.text) referenced from startup_stm32f40_41xxx.o(RESET)
 <LI><a href="#[4d]">TIM8_TRG_COM_TIM14_IRQHandler</a> from startup_stm32f40_41xxx.o(.text) referenced from startup_stm32f40_41xxx.o(RESET)
 <LI><a href="#[4c]">TIM8_UP_TIM13_IRQHandler</a> from startup_stm32f40_41xxx.o(.text) referenced from startup_stm32f40_41xxx.o(RESET)
 <LI><a href="#[2]">TP_Adjust</a> from touch.o(.text) referenced 2 times from touch.o(.data)
 <LI><a href="#[0]">TP_Init</a> from touch.o(.text) referenced 2 times from touch.o(.data)
 <LI><a href="#[1]">TP_Scan</a> from touch.o(.text) referenced 2 times from touch.o(.data)
 <LI><a href="#[54]">UART4_IRQHandler</a> from startup_stm32f40_41xxx.o(.text) referenced from startup_stm32f40_41xxx.o(RESET)
 <LI><a href="#[55]">UART5_IRQHandler</a> from startup_stm32f40_41xxx.o(.text) referenced from startup_stm32f40_41xxx.o(RESET)
 <LI><a href="#[45]">USART1_IRQHandler</a> from usart.o(.text) referenced from startup_stm32f40_41xxx.o(RESET)
 <LI><a href="#[46]">USART2_IRQHandler</a> from startup_stm32f40_41xxx.o(.text) referenced from startup_stm32f40_41xxx.o(RESET)
 <LI><a href="#[47]">USART3_IRQHandler</a> from startup_stm32f40_41xxx.o(.text) referenced from startup_stm32f40_41xxx.o(RESET)
 <LI><a href="#[67]">USART6_IRQHandler</a> from startup_stm32f40_41xxx.o(.text) referenced from startup_stm32f40_41xxx.o(RESET)
 <LI><a href="#[1b]">UsageFault_Handler</a> from stm32f4xx_it.o(.text) referenced from startup_stm32f40_41xxx.o(RESET)
 <LI><a href="#[8e]">WM_HandlePID</a> from WM_Touch.o(.text.WM_HandlePID) referenced from GUI_PID.o(.text.GUI_PID_StoreState)
 <LI><a href="#[a6]">WM__Paint1</a> from WM.o(.text.WM__Paint1) referenced from WM.o(.text._Paint1)
 <LI><a href="#[20]">WWDG_IRQHandler</a> from startup_stm32f40_41xxx.o(.text) referenced from startup_stm32f40_41xxx.o(RESET)
 <LI><a href="#[a3]">_CalcPositions</a> from SCROLLBAR_Skin.o(.text._CalcPositions) referenced from SCROLLBAR_Skin.o(.text._Create)
 <LI><a href="#[d7]">_CalcSizeOfChar</a> from GUI_UC_EncodeNone.o(.text._CalcSizeOfChar) referenced from GUI_UC_EncodeNone.o(.rodata)
 <LI><a href="#[bc]">_Color2IndexBulk</a> from GUICC_M565.o(.text._Color2IndexBulk) referenced from GUICC_M565.o(.rodata)
 <LI><a href="#[de]">_Color2IndexBulk_M8888I</a> from GUICC_M8888I.o(.text._Color2IndexBulk_M8888I) referenced from GUICC_M8888I.o(.rodata)
 <LI><a href="#[e0]">_Color2Index_0</a> from GUICC_0.o(.text._Color2Index_0) referenced from GUICC_0.o(.rodata)
 <LI><a href="#[b9]">_Color2Index_M565</a> from GUICC_M565.o(.text._Color2Index_M565) referenced from GUICC_M565.o(.rodata)
 <LI><a href="#[dc]">_Color2Index_M8888I</a> from GUICC_M8888I.o(.text._Color2Index_M8888I) referenced from GUICC_M8888I.o(.rodata)
 <LI><a href="#[e]">_Create</a> from FRAMEWIN_Skin.o(.text._Create) referenced 4 times from FRAMEWIN_Skin.o(.data)
 <LI><a href="#[9a]">_DrawBackgroundH</a> from SCROLLBAR_SkinFlex.o(.text._DrawBackgroundH) referenced from SCROLLBAR_SkinFlex.o(.text.SCROLLBAR_DrawSkinFlex)
 <LI><a href="#[98]">_DrawBackgroundV</a> from SCROLLBAR_SkinFlex.o(.text._DrawBackgroundV) referenced from SCROLLBAR_SkinFlex.o(.text.SCROLLBAR_DrawSkinFlex)
 <LI><a href="#[ad]">_DrawBitmap</a> from guidrv_template.o(.text) referenced from guidrv_template.o(.constdata)
 <LI><a href="#[c7]">_DrawBitmap</a> from GUIDEV_16.o(.text._DrawBitmap) referenced 2 times from GUIDEV_16.o(.rodata)
 <LI><a href="#[f6]">_DrawDown</a> from WIDGET_Effect_Simple.o(.text._DrawDown) referenced from WIDGET_Effect_Simple.o(.rodata)
 <LI><a href="#[f7]">_DrawDownRect</a> from WIDGET_Effect_Simple.o(.text._DrawDownRect) referenced from WIDGET_Effect_Simple.o(.rodata)
 <LI><a href="#[99]">_DrawGraspH</a> from SCROLLBAR_SkinFlex.o(.text._DrawGraspH) referenced from SCROLLBAR_SkinFlex.o(.text.SCROLLBAR_DrawSkinFlex)
 <LI><a href="#[97]">_DrawGraspV</a> from SCROLLBAR_SkinFlex.o(.text._DrawGraspV) referenced from SCROLLBAR_SkinFlex.o(.text.SCROLLBAR_DrawSkinFlex)
 <LI><a href="#[ae]">_DrawHLine</a> from guidrv_template.o(.text) referenced from guidrv_template.o(.constdata)
 <LI><a href="#[c8]">_DrawHLine</a> from GUIDEV_16.o(.text._DrawHLine) referenced 2 times from GUIDEV_16.o(.rodata)
 <LI><a href="#[f4]">_DrawUp</a> from WIDGET_Effect_Simple.o(.text._DrawUp) referenced from WIDGET_Effect_Simple.o(.rodata)
 <LI><a href="#[f5]">_DrawUpRect</a> from WIDGET_Effect_Simple.o(.text._DrawUpRect) referenced from WIDGET_Effect_Simple.o(.rodata)
 <LI><a href="#[af]">_DrawVLine</a> from guidrv_template.o(.text) referenced from guidrv_template.o(.constdata)
 <LI><a href="#[c9]">_DrawVLine</a> from GUIDEV_16.o(.text._DrawVLine) referenced 2 times from GUIDEV_16.o(.rodata)
 <LI><a href="#[d8]">_Encode</a> from GUI_UC_EncodeNone.o(.text._Encode) referenced from GUI_UC_EncodeNone.o(.rodata)
 <LI><a href="#[b0]">_FillRect</a> from guidrv_template.o(.text) referenced from guidrv_template.o(.constdata)
 <LI><a href="#[ca]">_FillRect</a> from GUIDEV_16.o(.text._FillRect) referenced 2 times from GUIDEV_16.o(.rodata)
 <LI><a href="#[f2]">_GUI_USAGE_BM_Delete</a> from GUIDEV_UsageBM.o(.text._GUI_USAGE_BM_Delete) referenced from GUIDEV_UsageBM.o(.rodata)
 <LI><a href="#[f]">_GetBorderSize</a> from FRAMEWIN_Skin.o(.text._GetBorderSize) referenced 2 times from FRAMEWIN_Skin.o(.data)
 <LI><a href="#[d5]">_GetCharCode</a> from GUI_UC_EncodeNone.o(.text._GetCharCode) referenced from GUI_UC_EncodeNone.o(.rodata)
 <LI><a href="#[d6]">_GetCharSize</a> from GUI_UC_EncodeNone.o(.text._GetCharSize) referenced from GUI_UC_EncodeNone.o(.rodata)
 <LI><a href="#[c]">_GetCharWrap</a> from GUI__Wrap.o(.text._GetCharWrap) referenced 2 times from GUI__Wrap.o(.data)
 <LI><a href="#[b7]">_GetDevData</a> from guidrv_template.o(.text) referenced from guidrv_template.o(.constdata)
 <LI><a href="#[d1]">_GetDevData</a> from GUIDEV_16.o(.text._GetDevData) referenced 2 times from GUIDEV_16.o(.rodata)
 <LI><a href="#[b5]">_GetDevFunc</a> from guidrv_template.o(.text) referenced from guidrv_template.o(.constdata)
 <LI><a href="#[cf]">_GetDevFunc</a> from GUIDEV_16.o(.text._GetDevFunc) referenced 2 times from GUIDEV_16.o(.rodata)
 <LI><a href="#[b6]">_GetDevProp</a> from guidrv_template.o(.text) referenced from guidrv_template.o(.constdata)
 <LI><a href="#[d0]">_GetDevProp</a> from GUIDEV_16.o(.text._GetDevProp) referenced 2 times from GUIDEV_16.o(.rodata)
 <LI><a href="#[e2]">_GetIndexMask_0</a> from GUICC_0.o(.text._GetIndexMask_0) referenced from GUICC_0.o(.rodata)
 <LI><a href="#[bb]">_GetIndexMask_M565</a> from GUICC_M565.o(.text._GetIndexMask_M565) referenced from GUICC_M565.o(.rodata)
 <LI><a href="#[dd]">_GetIndexMask_M8888I</a> from GUICC_M8888I.o(.text._GetIndexMask_M8888I) referenced from GUICC_M8888I.o(.rodata)
 <LI><a href="#[b1]">_GetPixelIndex</a> from guidrv_template.o(.text) referenced from guidrv_template.o(.constdata)
 <LI><a href="#[cb]">_GetPixelIndex</a> from GUIDEV_16.o(.text._GetPixelIndex) referenced 2 times from GUIDEV_16.o(.rodata)
 <LI><a href="#[b8]">_GetRect</a> from guidrv_template.o(.text) referenced from guidrv_template.o(.constdata)
 <LI><a href="#[d2]">_GetRect</a> from GUIDEV_16.o(.text._GetRect) referenced 2 times from GUIDEV_16.o(.rodata)
 <LI><a href="#[b]">_GetWordWrap</a> from GUI__Wrap.o(.text._GetWordWrap) referenced 2 times from GUI__Wrap.o(.data)
 <LI><a href="#[bd]">_Index2ColorBulk</a> from GUICC_M565.o(.text._Index2ColorBulk) referenced from GUICC_M565.o(.rodata)
 <LI><a href="#[df]">_Index2ColorBulk_M8888I</a> from GUICC_M8888I.o(.text._Index2ColorBulk_M8888I) referenced from GUICC_M8888I.o(.rodata)
 <LI><a href="#[e1]">_Index2Color_0</a> from GUICC_0.o(.text._Index2Color_0) referenced from GUICC_0.o(.rodata)
 <LI><a href="#[7f]">_Init</a> from guidrv_template.o(.text) referenced from guidrv_template.o(.text)
 <LI><a href="#[86]">_InvalidateNewItem</a> from GRAPH_DATA_YT.o(.text._InvalidateNewItem) referenced from GRAPH_DATA_YT.o(.text.GRAPH_DATA_YT_Create)
 <LI><a href="#[8]">_Log2VisBuffered</a> from GUI_CharLine.o(.text._Log2VisBuffered) referenced 2 times from GUI_CharLine.o(.data)
 <LI><a href="#[d3]">_MULTIBUF_Begin</a> from WM_MULTIBUF.o(.text._MULTIBUF_Begin) referenced from WM_MULTIBUF.o(.rodata)
 <LI><a href="#[d4]">_MULTIBUF_End</a> from WM_MULTIBUF.o(.text._MULTIBUF_End) referenced from WM_MULTIBUF.o(.rodata)
 <LI><a href="#[81]">_Off</a> from guidrv_template.o(.text) referenced from guidrv_template.o(.text)
 <LI><a href="#[80]">_On</a> from guidrv_template.o(.text) referenced from guidrv_template.o(.text)
 <LI><a href="#[88]">_OnDelete</a> from GRAPH_DATA_YT.o(.text._OnDelete) referenced from GRAPH_DATA_YT.o(.text.GRAPH_DATA_YT_Create)
 <LI><a href="#[8a]">_OnExit</a> from GUI_Task.o(.text._OnExit) referenced from GUI_Task.o(.text.GUITASK_Init)
 <LI><a href="#[8d]">_OnExit</a> from GUI_PID.o(.text._OnExit) referenced from GUI_PID.o(.text.GUI_PID_StoreState)
 <LI><a href="#[90]">_OnExit</a> from GUI_Timer.o(.text._OnExit) referenced from GUI_Timer.o(.text.GUI_TIMER_Create)
 <LI><a href="#[91]">_OnExit</a> from GUI_Core.o(.text._OnExit) referenced from GUI_Core.o(.text.GUI__Config)
 <LI><a href="#[94]">_OnExit</a> from GUI__Alpha.o(.text._OnExit) referenced from GUI__Alpha.o(.text.GUI__GetAlphaBuffer)
 <LI><a href="#[95]">_OnExit</a> from LCD_Color.o(.text._OnExit) referenced from LCD_Color.o(.text.LCD_InitColors)
 <LI><a href="#[a1]">_OnExit</a> from WM.o(.text._OnExit) referenced from WM.o(.text.WM_Init)
 <LI><a href="#[87]">_OnPaint</a> from GRAPH_DATA_YT.o(.text._OnPaint) referenced from GRAPH_DATA_YT.o(.text.GRAPH_DATA_YT_Create)
 <LI><a href="#[89]">_OnPaint</a> from GRAPH_SCALE.o(.text._OnPaint) referenced from GRAPH_SCALE.o(.text.GRAPH_SCALE_Create)
 <LI><a href="#[d]">_Paint</a> from FRAMEWIN_Skin.o(.text._Paint) referenced 4 times from FRAMEWIN_Skin.o(.data)
 <LI><a href="#[da]">_SetBkColor</a> from LCD.o(.text._SetBkColor) referenced from LCD.o(.rodata)
 <LI><a href="#[d9]">_SetColor</a> from LCD.o(.text._SetColor) referenced from LCD.o(.rodata)
 <LI><a href="#[db]">_SetDrawMode</a> from LCD.o(.text._SetDrawMode) referenced from LCD.o(.rodata)
 <LI><a href="#[82]">_SetLUTEntry</a> from guidrv_template.o(.text) referenced from guidrv_template.o(.text)
 <LI><a href="#[b4]">_SetOrg</a> from guidrv_template.o(.text) referenced from guidrv_template.o(.constdata)
 <LI><a href="#[ce]">_SetOrg</a> from GUIDEV_16.o(.text._SetOrg) referenced 2 times from GUIDEV_16.o(.rodata)
 <LI><a href="#[b2]">_SetPixelIndex</a> from guidrv_template.o(.text) referenced from guidrv_template.o(.constdata)
 <LI><a href="#[cc]">_SetPixelIndex</a> from GUIDEV_16.o(.text._SetPixelIndex) referenced 2 times from GUIDEV_16.o(.rodata)
 <LI><a href="#[7e]">_SetSize</a> from guidrv_template.o(.text) referenced from guidrv_template.o(.text)
 <LI><a href="#[7c]">_SetVRAMAddr</a> from guidrv_template.o(.text) referenced from guidrv_template.o(.text)
 <LI><a href="#[7d]">_SetVSize</a> from guidrv_template.o(.text) referenced from guidrv_template.o(.text)
 <LI><a href="#[b3]">_XorPixel</a> from guidrv_template.o(.text) referenced from guidrv_template.o(.constdata)
 <LI><a href="#[cd]">_XorPixel</a> from GUIDEV_16.o(.text._XorPixel) referenced 2 times from GUIDEV_16.o(.rodata)
 <LI><a href="#[78]">__main</a> from entry.o(.ARM.Collect$$$$00000000) referenced from startup_stm32f40_41xxx.o(.text)
 <LI><a href="#[a0]">_cbBackWin</a> from WM.o(.text._cbBackWin) referenced from WM.o(.text.WM_Init)
 <LI><a href="#[76]">_cbDialog</a> from gui.o(.text) referenced from gui.o(.text)
 <LI><a href="#[9e]">_cbInvalidateOne</a> from WM_BringToTop.o(.text._cbInvalidateOne) referenced from WM_BringToTop.o(.text.WM_BringToTop)
 <LI><a href="#[a2]">_cbPaintMemDev</a> from WM.o(.text._cbPaintMemDev) referenced from WM.o(.text.WM__Paint)
 <LI><a href="#[9f]">_cbTimer</a> from WM_Timer.o(.text._cbTimer) referenced from WM_Timer.o(.text.WM_CreateTimer)
 <LI><a href="#[a9]">_sputc</a> from printf5.o(i._sputc) referenced from printf5.o(i.__0sprintf$5)
 <LI><a href="#[fb]">emwindemo_task</a> from main.o(.text) referenced from main.o(.text)
 <LI><a href="#[a8]">fputc</a> from usart.o(.text) referenced from printf5.o(i.__0printf$5)
 <LI><a href="#[fe]">led0_task</a> from main.o(.text) referenced from main.o(.text)
 <LI><a href="#[72]">main</a> from main.o(.text) referenced from entry9a.o(.ARM.Collect$$$$0000000B)
 <LI><a href="#[3]">mem_init</a> from malloc.o(.text) referenced 2 times from malloc.o(.data)
 <LI><a href="#[4]">mem_perused</a> from malloc.o(.text) referenced 2 times from malloc.o(.data)
 <LI><a href="#[9]">memcpy</a> from memmove.o(.text) referenced 2 times from GUI__Private.o(.data)
 <LI><a href="#[a]">memset</a> from memseta.o(.text) referenced 2 times from GUI__Private.o(.data)
 <LI><a href="#[79]">prvIdleTask</a> from tasks.o(.text) referenced from tasks.o(.text)
 <LI><a href="#[7b]">prvTaskExitError</a> from port.o(.text) referenced from port.o(.text)
 <LI><a href="#[7a]">prvTimerTask</a> from timers.o(.text) referenced from timers.o(.text)
 <LI><a href="#[102]">start_task</a> from main.o(.text) referenced from main.o(.text)
 <LI><a href="#[100]">touch_task</a> from main.o(.text) referenced from main.o(.text)
</UL>
<P>
<H3>
Global Symbols
</H3>
<P><STRONG><a name="[78]"></a>__main</STRONG> (Thumb, 0 bytes, Stack size unknown bytes, entry.o(.ARM.Collect$$$$00000000))
<BR>[Address Reference Count : 1]<UL><LI> startup_stm32f40_41xxx.o(.text)
</UL>
<P><STRONG><a name="[453]"></a>_main_stk</STRONG> (Thumb, 0 bytes, Stack size unknown bytes, entry2.o(.ARM.Collect$$$$00000001))

<P><STRONG><a name="[f8]"></a>_main_scatterload</STRONG> (Thumb, 0 bytes, Stack size unknown bytes, entry5.o(.ARM.Collect$$$$00000004))
<BR><BR>[Calls]<UL><LI><a href="#[f9]">&gt;&gt;</a>&nbsp;&nbsp;&nbsp;__scatterload
</UL>

<P><STRONG><a name="[28e]"></a>__main_after_scatterload</STRONG> (Thumb, 0 bytes, Stack size unknown bytes, entry5.o(.ARM.Collect$$$$00000004))
<BR><BR>[Called By]<UL><LI><a href="#[f9]">&gt;&gt;</a>&nbsp;&nbsp;&nbsp;__scatterload
</UL>

<P><STRONG><a name="[454]"></a>_main_clock</STRONG> (Thumb, 0 bytes, Stack size unknown bytes, entry7b.o(.ARM.Collect$$$$00000008))

<P><STRONG><a name="[455]"></a>_main_cpp_init</STRONG> (Thumb, 0 bytes, Stack size unknown bytes, entry8b.o(.ARM.Collect$$$$0000000A))

<P><STRONG><a name="[456]"></a>_main_init</STRONG> (Thumb, 0 bytes, Stack size unknown bytes, entry9a.o(.ARM.Collect$$$$0000000B))

<P><STRONG><a name="[457]"></a>__rt_final_cpp</STRONG> (Thumb, 0 bytes, Stack size unknown bytes, entry10a.o(.ARM.Collect$$$$0000000D))

<P><STRONG><a name="[458]"></a>__rt_final_exit</STRONG> (Thumb, 0 bytes, Stack size unknown bytes, entry11a.o(.ARM.Collect$$$$0000000F))

<P><STRONG><a name="[1c]"></a>SVC_Handler</STRONG> (Thumb, 28 bytes, Stack size 0 bytes, port.o(.emb_text))
<BR>[Address Reference Count : 1]<UL><LI> startup_stm32f40_41xxx.o(RESET)
</UL>
<P><STRONG><a name="[25a]"></a>__asm___6_port_c_39a90d8d__prvStartFirstTask</STRONG> (Thumb, 28 bytes, Stack size 0 bytes, port.o(.emb_text))
<BR><BR>[Called By]<UL><LI><a href="#[22c]">&gt;&gt;</a>&nbsp;&nbsp;&nbsp;xPortStartScheduler
</UL>

<P><STRONG><a name="[259]"></a>__asm___6_port_c_39a90d8d__prvEnableVFP</STRONG> (Thumb, 16 bytes, Stack size 0 bytes, port.o(.emb_text))
<BR><BR>[Called By]<UL><LI><a href="#[22c]">&gt;&gt;</a>&nbsp;&nbsp;&nbsp;xPortStartScheduler
</UL>

<P><STRONG><a name="[1e]"></a>PendSV_Handler</STRONG> (Thumb, 88 bytes, Stack size 0 bytes, port.o(.emb_text))
<BR><BR>[Stack]<UL><LI>Max Depth = 32<LI>Call Chain = PendSV_Handler &rArr; vTaskSwitchContext &rArr; __2printf
</UL>
<BR>[Calls]<UL><LI><a href="#[fa]">&gt;&gt;</a>&nbsp;&nbsp;&nbsp;vTaskSwitchContext
</UL>
<BR>[Address Reference Count : 1]<UL><LI> startup_stm32f40_41xxx.o(RESET)
</UL>
<P><STRONG><a name="[25b]"></a>vPortGetIPSR</STRONG> (Thumb, 6 bytes, Stack size 0 bytes, port.o(.emb_text))
<BR><BR>[Called By]<UL><LI><a href="#[201]">&gt;&gt;</a>&nbsp;&nbsp;&nbsp;vPortValidateInterruptPriority
</UL>

<P><STRONG><a name="[fb]"></a>emwindemo_task</STRONG> (Thumb, 14 bytes, Stack size 0 bytes, main.o(.text))
<BR><BR>[Stack]<UL><LI>Max Depth = 216 + Unknown Stack Size
<LI>Call Chain = emwindemo_task &rArr; MainTask &rArr; CreateFramewin &rArr; GUI_CreateDialogBox &rArr; GUI_Unlock &rArr; GUI_X_Unlock &rArr; xQueueGenericSend &rArr; prvUnlockQueue &rArr; prvNotifyQueueSetContainer &rArr; prvCopyDataToQueue &rArr; xTaskPriorityDisinherit &rArr; __2printf
</UL>
<BR>[Calls]<UL><LI><a href="#[fc]">&gt;&gt;</a>&nbsp;&nbsp;&nbsp;WM_MULTIBUF_Enable
<LI><a href="#[fd]">&gt;&gt;</a>&nbsp;&nbsp;&nbsp;MainTask
</UL>
<BR>[Address Reference Count : 1]<UL><LI> main.o(.text)
</UL>
<P><STRONG><a name="[fe]"></a>led0_task</STRONG> (Thumb, 28 bytes, Stack size 0 bytes, main.o(.text))
<BR><BR>[Stack]<UL><LI>Max Depth = 80<LI>Call Chain = led0_task &rArr; vTaskDelay &rArr; xTaskResumeAll &rArr; xTaskIncrementTick &rArr; __2printf
</UL>
<BR>[Calls]<UL><LI><a href="#[ff]">&gt;&gt;</a>&nbsp;&nbsp;&nbsp;vTaskDelay
</UL>
<BR>[Address Reference Count : 1]<UL><LI> main.o(.text)
</UL>
<P><STRONG><a name="[100]"></a>touch_task</STRONG> (Thumb, 14 bytes, Stack size 0 bytes, main.o(.text))
<BR><BR>[Stack]<UL><LI>Max Depth = 80 + Unknown Stack Size
<LI>Call Chain = touch_task &rArr; vTaskDelay &rArr; xTaskResumeAll &rArr; xTaskIncrementTick &rArr; __2printf
</UL>
<BR>[Calls]<UL><LI><a href="#[ff]">&gt;&gt;</a>&nbsp;&nbsp;&nbsp;vTaskDelay
<LI><a href="#[101]">&gt;&gt;</a>&nbsp;&nbsp;&nbsp;GUI_TOUCH_Exec
</UL>
<BR>[Address Reference Count : 1]<UL><LI> main.o(.text)
</UL>
<P><STRONG><a name="[102]"></a>start_task</STRONG> (Thumb, 112 bytes, Stack size 16 bytes, main.o(.text))
<BR><BR>[Stack]<UL><LI>Max Depth = 224 + Unknown Stack Size
<LI>Call Chain = start_task &rArr; GUI_Init &rArr; GUI__Config &rArr; GUITASK_Init &rArr; GUI_X_InitOS &rArr; xQueueCreateMutex &rArr; prvInitialiseMutex &rArr; xQueueGenericSend &rArr; prvUnlockQueue &rArr; prvNotifyQueueSetContainer &rArr; prvCopyDataToQueue &rArr; xTaskPriorityDisinherit &rArr; __2printf
</UL>
<BR>[Calls]<UL><LI><a href="#[107]">&gt;&gt;</a>&nbsp;&nbsp;&nbsp;xTaskCreate
<LI><a href="#[108]">&gt;&gt;</a>&nbsp;&nbsp;&nbsp;vTaskDelete
<LI><a href="#[109]">&gt;&gt;</a>&nbsp;&nbsp;&nbsp;vPortExitCritical
<LI><a href="#[106]">&gt;&gt;</a>&nbsp;&nbsp;&nbsp;vPortEnterCritical
<LI><a href="#[104]">&gt;&gt;</a>&nbsp;&nbsp;&nbsp;WM_SetCreateFlags
<LI><a href="#[fc]">&gt;&gt;</a>&nbsp;&nbsp;&nbsp;WM_MULTIBUF_Enable
<LI><a href="#[103]">&gt;&gt;</a>&nbsp;&nbsp;&nbsp;RCC_AHB1PeriphClockCmd
<LI><a href="#[105]">&gt;&gt;</a>&nbsp;&nbsp;&nbsp;GUI_Init
</UL>
<BR>[Address Reference Count : 1]<UL><LI> main.o(.text)
</UL>
<P><STRONG><a name="[72]"></a>main</STRONG> (Thumb, 92 bytes, Stack size 16 bytes, main.o(.text))
<BR><BR>[Stack]<UL><LI>Max Depth = 300<LI>Call Chain = main &rArr; TP_Init &rArr; TP_Adjust &rArr; TP_Adj_Info_Show &rArr; LCD_ShowNum &rArr; LCD_ShowChar &rArr; LCD_Fast_DrawPoint &rArr; LCD_WriteReg
</UL>
<BR>[Calls]<UL><LI><a href="#[107]">&gt;&gt;</a>&nbsp;&nbsp;&nbsp;xTaskCreate
<LI><a href="#[111]">&gt;&gt;</a>&nbsp;&nbsp;&nbsp;vTaskStartScheduler
<LI><a href="#[10c]">&gt;&gt;</a>&nbsp;&nbsp;&nbsp;uart_init
<LI><a href="#[3]">&gt;&gt;</a>&nbsp;&nbsp;&nbsp;mem_init
<LI><a href="#[10a]">&gt;&gt;</a>&nbsp;&nbsp;&nbsp;delay_init
<LI><a href="#[0]">&gt;&gt;</a>&nbsp;&nbsp;&nbsp;TP_Init
<LI><a href="#[10d]">&gt;&gt;</a>&nbsp;&nbsp;&nbsp;TFTLCD_Init
<LI><a href="#[10b]">&gt;&gt;</a>&nbsp;&nbsp;&nbsp;NVIC_PriorityGroupConfig
<LI><a href="#[10e]">&gt;&gt;</a>&nbsp;&nbsp;&nbsp;LED_Init
<LI><a href="#[110]">&gt;&gt;</a>&nbsp;&nbsp;&nbsp;FSMC_SRAM_Init
<LI><a href="#[10f]">&gt;&gt;</a>&nbsp;&nbsp;&nbsp;DS18B20_Init
</UL>
<BR>[Address Reference Count : 1]<UL><LI> entry9a.o(.ARM.Collect$$$$0000000B)
</UL>
<P><STRONG><a name="[17]"></a>NMI_Handler</STRONG> (Thumb, 2 bytes, Stack size 0 bytes, stm32f4xx_it.o(.text))
<BR>[Address Reference Count : 1]<UL><LI> startup_stm32f40_41xxx.o(RESET)
</UL>
<P><STRONG><a name="[18]"></a>HardFault_Handler</STRONG> (Thumb, 4 bytes, Stack size 0 bytes, stm32f4xx_it.o(.text))
<BR>[Address Reference Count : 1]<UL><LI> startup_stm32f40_41xxx.o(RESET)
</UL>
<P><STRONG><a name="[19]"></a>MemManage_Handler</STRONG> (Thumb, 4 bytes, Stack size 0 bytes, stm32f4xx_it.o(.text))
<BR>[Address Reference Count : 1]<UL><LI> startup_stm32f40_41xxx.o(RESET)
</UL>
<P><STRONG><a name="[1a]"></a>BusFault_Handler</STRONG> (Thumb, 4 bytes, Stack size 0 bytes, stm32f4xx_it.o(.text))
<BR>[Address Reference Count : 1]<UL><LI> startup_stm32f40_41xxx.o(RESET)
</UL>
<P><STRONG><a name="[1b]"></a>UsageFault_Handler</STRONG> (Thumb, 4 bytes, Stack size 0 bytes, stm32f4xx_it.o(.text))
<BR>[Address Reference Count : 1]<UL><LI> startup_stm32f40_41xxx.o(RESET)
</UL>
<P><STRONG><a name="[1d]"></a>DebugMon_Handler</STRONG> (Thumb, 2 bytes, Stack size 0 bytes, stm32f4xx_it.o(.text))
<BR>[Address Reference Count : 1]<UL><LI> startup_stm32f40_41xxx.o(RESET)
</UL>
<P><STRONG><a name="[77]"></a>SystemInit</STRONG> (Thumb, 88 bytes, Stack size 8 bytes, system_stm32f4xx.o(.text))
<BR><BR>[Stack]<UL><LI>Max Depth = 20<LI>Call Chain = SystemInit &rArr; SetSysClock
</UL>
<BR>[Calls]<UL><LI><a href="#[112]">&gt;&gt;</a>&nbsp;&nbsp;&nbsp;SetSysClock
</UL>
<BR>[Address Reference Count : 1]<UL><LI> startup_stm32f40_41xxx.o(.text)
</UL>
<P><STRONG><a name="[459]"></a>SystemCoreClockUpdate</STRONG> (Thumb, 174 bytes, Stack size 16 bytes, system_stm32f4xx.o(.text), UNUSED)

<P><STRONG><a name="[10e]"></a>LED_Init</STRONG> (Thumb, 58 bytes, Stack size 16 bytes, led.o(.text))
<BR><BR>[Stack]<UL><LI>Max Depth = 36<LI>Call Chain = LED_Init &rArr; GPIO_Init
</UL>
<BR>[Calls]<UL><LI><a href="#[114]">&gt;&gt;</a>&nbsp;&nbsp;&nbsp;GPIO_SetBits
<LI><a href="#[113]">&gt;&gt;</a>&nbsp;&nbsp;&nbsp;GPIO_Init
<LI><a href="#[103]">&gt;&gt;</a>&nbsp;&nbsp;&nbsp;RCC_AHB1PeriphClockCmd
</UL>
<BR>[Called By]<UL><LI><a href="#[72]">&gt;&gt;</a>&nbsp;&nbsp;&nbsp;main
</UL>

<P><STRONG><a name="[116]"></a>LCD_WR_REG</STRONG> (Thumb, 18 bytes, Stack size 8 bytes, ili93xx.o(.text))
<BR><BR>[Stack]<UL><LI>Max Depth = 8<LI>Call Chain = LCD_WR_REG
</UL>
<BR>[Called By]<UL><LI><a href="#[12a]">&gt;&gt;</a>&nbsp;&nbsp;&nbsp;LCD_Set_Window
<LI><a href="#[125]">&gt;&gt;</a>&nbsp;&nbsp;&nbsp;LCD_SSD_BackLightSet
<LI><a href="#[124]">&gt;&gt;</a>&nbsp;&nbsp;&nbsp;LCD_Fast_DrawPoint
<LI><a href="#[121]">&gt;&gt;</a>&nbsp;&nbsp;&nbsp;LCD_Scan_Dir
<LI><a href="#[120]">&gt;&gt;</a>&nbsp;&nbsp;&nbsp;LCD_DisplayOff
<LI><a href="#[11f]">&gt;&gt;</a>&nbsp;&nbsp;&nbsp;LCD_DisplayOn
<LI><a href="#[11c]">&gt;&gt;</a>&nbsp;&nbsp;&nbsp;LCD_ReadPoint
<LI><a href="#[119]">&gt;&gt;</a>&nbsp;&nbsp;&nbsp;LCD_SetCursor
<LI><a href="#[115]">&gt;&gt;</a>&nbsp;&nbsp;&nbsp;LCD_ReadReg
<LI><a href="#[10d]">&gt;&gt;</a>&nbsp;&nbsp;&nbsp;TFTLCD_Init
</UL>

<P><STRONG><a name="[11a]"></a>LCD_WR_DATA</STRONG> (Thumb, 20 bytes, Stack size 8 bytes, ili93xx.o(.text))
<BR><BR>[Stack]<UL><LI>Max Depth = 8<LI>Call Chain = LCD_WR_DATA
</UL>
<BR>[Called By]<UL><LI><a href="#[12a]">&gt;&gt;</a>&nbsp;&nbsp;&nbsp;LCD_Set_Window
<LI><a href="#[125]">&gt;&gt;</a>&nbsp;&nbsp;&nbsp;LCD_SSD_BackLightSet
<LI><a href="#[124]">&gt;&gt;</a>&nbsp;&nbsp;&nbsp;LCD_Fast_DrawPoint
<LI><a href="#[121]">&gt;&gt;</a>&nbsp;&nbsp;&nbsp;LCD_Scan_Dir
<LI><a href="#[119]">&gt;&gt;</a>&nbsp;&nbsp;&nbsp;LCD_SetCursor
<LI><a href="#[10d]">&gt;&gt;</a>&nbsp;&nbsp;&nbsp;TFTLCD_Init
</UL>

<P><STRONG><a name="[118]"></a>LCD_RD_DATA</STRONG> (Thumb, 16 bytes, Stack size 8 bytes, ili93xx.o(.text))
<BR><BR>[Stack]<UL><LI>Max Depth = 8<LI>Call Chain = LCD_RD_DATA
</UL>
<BR>[Called By]<UL><LI><a href="#[11c]">&gt;&gt;</a>&nbsp;&nbsp;&nbsp;LCD_ReadPoint
<LI><a href="#[115]">&gt;&gt;</a>&nbsp;&nbsp;&nbsp;LCD_ReadReg
<LI><a href="#[10d]">&gt;&gt;</a>&nbsp;&nbsp;&nbsp;TFTLCD_Init
</UL>

<P><STRONG><a name="[11b]"></a>LCD_WriteReg</STRONG> (Thumb, 24 bytes, Stack size 12 bytes, ili93xx.o(.text))
<BR><BR>[Stack]<UL><LI>Max Depth = 12<LI>Call Chain = LCD_WriteReg
</UL>
<BR>[Called By]<UL><LI><a href="#[12a]">&gt;&gt;</a>&nbsp;&nbsp;&nbsp;LCD_Set_Window
<LI><a href="#[124]">&gt;&gt;</a>&nbsp;&nbsp;&nbsp;LCD_Fast_DrawPoint
<LI><a href="#[121]">&gt;&gt;</a>&nbsp;&nbsp;&nbsp;LCD_Scan_Dir
<LI><a href="#[120]">&gt;&gt;</a>&nbsp;&nbsp;&nbsp;LCD_DisplayOff
<LI><a href="#[11f]">&gt;&gt;</a>&nbsp;&nbsp;&nbsp;LCD_DisplayOn
<LI><a href="#[119]">&gt;&gt;</a>&nbsp;&nbsp;&nbsp;LCD_SetCursor
<LI><a href="#[10d]">&gt;&gt;</a>&nbsp;&nbsp;&nbsp;TFTLCD_Init
</UL>

<P><STRONG><a name="[115]"></a>LCD_ReadReg</STRONG> (Thumb, 22 bytes, Stack size 8 bytes, ili93xx.o(.text))
<BR><BR>[Stack]<UL><LI>Max Depth = 24<LI>Call Chain = LCD_ReadReg &rArr; delay_us
</UL>
<BR>[Calls]<UL><LI><a href="#[117]">&gt;&gt;</a>&nbsp;&nbsp;&nbsp;delay_us
<LI><a href="#[118]">&gt;&gt;</a>&nbsp;&nbsp;&nbsp;LCD_RD_DATA
<LI><a href="#[116]">&gt;&gt;</a>&nbsp;&nbsp;&nbsp;LCD_WR_REG
</UL>
<BR>[Called By]<UL><LI><a href="#[10d]">&gt;&gt;</a>&nbsp;&nbsp;&nbsp;TFTLCD_Init
</UL>

<P><STRONG><a name="[123]"></a>LCD_WriteRAM_Prepare</STRONG> (Thumb, 10 bytes, Stack size 0 bytes, ili93xx.o(.text))
<BR><BR>[Called By]<UL><LI><a href="#[133]">&gt;&gt;</a>&nbsp;&nbsp;&nbsp;LCD_Color_Fill
<LI><a href="#[132]">&gt;&gt;</a>&nbsp;&nbsp;&nbsp;LCD_Fill
<LI><a href="#[12b]">&gt;&gt;</a>&nbsp;&nbsp;&nbsp;LCD_Clear
<LI><a href="#[122]">&gt;&gt;</a>&nbsp;&nbsp;&nbsp;LCD_DrawPoint
</UL>

<P><STRONG><a name="[45a]"></a>LCD_WriteRAM</STRONG> (Thumb, 8 bytes, Stack size 0 bytes, ili93xx.o(.text), UNUSED)

<P><STRONG><a name="[11e]"></a>LCD_BGR2RGB</STRONG> (Thumb, 26 bytes, Stack size 12 bytes, ili93xx.o(.text))
<BR><BR>[Stack]<UL><LI>Max Depth = 12<LI>Call Chain = LCD_BGR2RGB
</UL>
<BR>[Called By]<UL><LI><a href="#[11c]">&gt;&gt;</a>&nbsp;&nbsp;&nbsp;LCD_ReadPoint
</UL>

<P><STRONG><a name="[11d]"></a>opt_delay</STRONG> (Thumb, 14 bytes, Stack size 0 bytes, ili93xx.o(.text))
<BR><BR>[Called By]<UL><LI><a href="#[11c]">&gt;&gt;</a>&nbsp;&nbsp;&nbsp;LCD_ReadPoint
</UL>

<P><STRONG><a name="[119]"></a>LCD_SetCursor</STRONG> (Thumb, 418 bytes, Stack size 12 bytes, ili93xx.o(.text))
<BR><BR>[Stack]<UL><LI>Max Depth = 24<LI>Call Chain = LCD_SetCursor &rArr; LCD_WriteReg
</UL>
<BR>[Calls]<UL><LI><a href="#[11b]">&gt;&gt;</a>&nbsp;&nbsp;&nbsp;LCD_WriteReg
<LI><a href="#[11a]">&gt;&gt;</a>&nbsp;&nbsp;&nbsp;LCD_WR_DATA
<LI><a href="#[116]">&gt;&gt;</a>&nbsp;&nbsp;&nbsp;LCD_WR_REG
</UL>
<BR>[Called By]<UL><LI><a href="#[133]">&gt;&gt;</a>&nbsp;&nbsp;&nbsp;LCD_Color_Fill
<LI><a href="#[132]">&gt;&gt;</a>&nbsp;&nbsp;&nbsp;LCD_Fill
<LI><a href="#[12b]">&gt;&gt;</a>&nbsp;&nbsp;&nbsp;LCD_Clear
<LI><a href="#[12a]">&gt;&gt;</a>&nbsp;&nbsp;&nbsp;LCD_Set_Window
<LI><a href="#[122]">&gt;&gt;</a>&nbsp;&nbsp;&nbsp;LCD_DrawPoint
<LI><a href="#[11c]">&gt;&gt;</a>&nbsp;&nbsp;&nbsp;LCD_ReadPoint
<LI><a href="#[274]">&gt;&gt;</a>&nbsp;&nbsp;&nbsp;_DrawBitLine16BPP
</UL>

<P><STRONG><a name="[11c]"></a>LCD_ReadPoint</STRONG> (Thumb, 388 bytes, Stack size 24 bytes, ili93xx.o(.text))
<BR><BR>[Stack]<UL><LI>Max Depth = 48<LI>Call Chain = LCD_ReadPoint &rArr; LCD_SetCursor &rArr; LCD_WriteReg
</UL>
<BR>[Calls]<UL><LI><a href="#[119]">&gt;&gt;</a>&nbsp;&nbsp;&nbsp;LCD_SetCursor
<LI><a href="#[11d]">&gt;&gt;</a>&nbsp;&nbsp;&nbsp;opt_delay
<LI><a href="#[11e]">&gt;&gt;</a>&nbsp;&nbsp;&nbsp;LCD_BGR2RGB
<LI><a href="#[118]">&gt;&gt;</a>&nbsp;&nbsp;&nbsp;LCD_RD_DATA
<LI><a href="#[116]">&gt;&gt;</a>&nbsp;&nbsp;&nbsp;LCD_WR_REG
</UL>
<BR>[Called By]<UL><LI><a href="#[b1]">&gt;&gt;</a>&nbsp;&nbsp;&nbsp;_GetPixelIndex
</UL>

<P><STRONG><a name="[11f]"></a>LCD_DisplayOn</STRONG> (Thumb, 102 bytes, Stack size 4 bytes, ili93xx.o(.text), UNUSED)
<BR><BR>[Calls]<UL><LI><a href="#[11b]">&gt;&gt;</a>&nbsp;&nbsp;&nbsp;LCD_WriteReg
<LI><a href="#[116]">&gt;&gt;</a>&nbsp;&nbsp;&nbsp;LCD_WR_REG
</UL>

<P><STRONG><a name="[120]"></a>LCD_DisplayOff</STRONG> (Thumb, 90 bytes, Stack size 4 bytes, ili93xx.o(.text), UNUSED)
<BR><BR>[Calls]<UL><LI><a href="#[11b]">&gt;&gt;</a>&nbsp;&nbsp;&nbsp;LCD_WriteReg
<LI><a href="#[116]">&gt;&gt;</a>&nbsp;&nbsp;&nbsp;LCD_WR_REG
</UL>

<P><STRONG><a name="[121]"></a>LCD_Scan_Dir</STRONG> (Thumb, 744 bytes, Stack size 20 bytes, ili93xx.o(.text))
<BR><BR>[Stack]<UL><LI>Max Depth = 32<LI>Call Chain = LCD_Scan_Dir &rArr; LCD_WriteReg
</UL>
<BR>[Calls]<UL><LI><a href="#[11b]">&gt;&gt;</a>&nbsp;&nbsp;&nbsp;LCD_WriteReg
<LI><a href="#[11a]">&gt;&gt;</a>&nbsp;&nbsp;&nbsp;LCD_WR_DATA
<LI><a href="#[116]">&gt;&gt;</a>&nbsp;&nbsp;&nbsp;LCD_WR_REG
</UL>
<BR>[Called By]<UL><LI><a href="#[129]">&gt;&gt;</a>&nbsp;&nbsp;&nbsp;LCD_Display_Dir
</UL>

<P><STRONG><a name="[122]"></a>LCD_DrawPoint</STRONG> (Thumb, 28 bytes, Stack size 12 bytes, ili93xx.o(.text))
<BR><BR>[Stack]<UL><LI>Max Depth = 36<LI>Call Chain = LCD_DrawPoint &rArr; LCD_SetCursor &rArr; LCD_WriteReg
</UL>
<BR>[Calls]<UL><LI><a href="#[119]">&gt;&gt;</a>&nbsp;&nbsp;&nbsp;LCD_SetCursor
<LI><a href="#[123]">&gt;&gt;</a>&nbsp;&nbsp;&nbsp;LCD_WriteRAM_Prepare
</UL>
<BR>[Called By]<UL><LI><a href="#[166]">&gt;&gt;</a>&nbsp;&nbsp;&nbsp;TP_Draw_Big_Point
<LI><a href="#[165]">&gt;&gt;</a>&nbsp;&nbsp;&nbsp;TP_Drow_Touch_Point
<LI><a href="#[136]">&gt;&gt;</a>&nbsp;&nbsp;&nbsp;LCD_Draw_Circle
<LI><a href="#[134]">&gt;&gt;</a>&nbsp;&nbsp;&nbsp;LCD_DrawLine
</UL>

<P><STRONG><a name="[124]"></a>LCD_Fast_DrawPoint</STRONG> (Thumb, 388 bytes, Stack size 16 bytes, ili93xx.o(.text))
<BR><BR>[Stack]<UL><LI>Max Depth = 28<LI>Call Chain = LCD_Fast_DrawPoint &rArr; LCD_WriteReg
</UL>
<BR>[Calls]<UL><LI><a href="#[11b]">&gt;&gt;</a>&nbsp;&nbsp;&nbsp;LCD_WriteReg
<LI><a href="#[11a]">&gt;&gt;</a>&nbsp;&nbsp;&nbsp;LCD_WR_DATA
<LI><a href="#[116]">&gt;&gt;</a>&nbsp;&nbsp;&nbsp;LCD_WR_REG
</UL>
<BR>[Called By]<UL><LI><a href="#[137]">&gt;&gt;</a>&nbsp;&nbsp;&nbsp;LCD_ShowChar
<LI><a href="#[b2]">&gt;&gt;</a>&nbsp;&nbsp;&nbsp;_SetPixelIndex
</UL>

<P><STRONG><a name="[125]"></a>LCD_SSD_BackLightSet</STRONG> (Thumb, 88 bytes, Stack size 32 bytes, ili93xx.o(.text))
<BR><BR>[Stack]<UL><LI>Max Depth = 120<LI>Call Chain = LCD_SSD_BackLightSet &rArr; __aeabi_dmul &rArr; _double_epilogue &rArr; _double_round
</UL>
<BR>[Calls]<UL><LI><a href="#[126]">&gt;&gt;</a>&nbsp;&nbsp;&nbsp;__aeabi_ui2d
<LI><a href="#[127]">&gt;&gt;</a>&nbsp;&nbsp;&nbsp;__aeabi_dmul
<LI><a href="#[128]">&gt;&gt;</a>&nbsp;&nbsp;&nbsp;__aeabi_d2uiz
<LI><a href="#[11a]">&gt;&gt;</a>&nbsp;&nbsp;&nbsp;LCD_WR_DATA
<LI><a href="#[116]">&gt;&gt;</a>&nbsp;&nbsp;&nbsp;LCD_WR_REG
</UL>
<BR>[Called By]<UL><LI><a href="#[10d]">&gt;&gt;</a>&nbsp;&nbsp;&nbsp;TFTLCD_Init
</UL>

<P><STRONG><a name="[129]"></a>LCD_Display_Dir</STRONG> (Thumb, 444 bytes, Stack size 8 bytes, ili93xx.o(.text))
<BR><BR>[Stack]<UL><LI>Max Depth = 40<LI>Call Chain = LCD_Display_Dir &rArr; LCD_Scan_Dir &rArr; LCD_WriteReg
</UL>
<BR>[Calls]<UL><LI><a href="#[121]">&gt;&gt;</a>&nbsp;&nbsp;&nbsp;LCD_Scan_Dir
</UL>
<BR>[Called By]<UL><LI><a href="#[10d]">&gt;&gt;</a>&nbsp;&nbsp;&nbsp;TFTLCD_Init
</UL>

<P><STRONG><a name="[12a]"></a>LCD_Set_Window</STRONG> (Thumb, 546 bytes, Stack size 60 bytes, ili93xx.o(.text), UNUSED)
<BR><BR>[Calls]<UL><LI><a href="#[119]">&gt;&gt;</a>&nbsp;&nbsp;&nbsp;LCD_SetCursor
<LI><a href="#[11b]">&gt;&gt;</a>&nbsp;&nbsp;&nbsp;LCD_WriteReg
<LI><a href="#[11a]">&gt;&gt;</a>&nbsp;&nbsp;&nbsp;LCD_WR_DATA
<LI><a href="#[116]">&gt;&gt;</a>&nbsp;&nbsp;&nbsp;LCD_WR_REG
</UL>

<P><STRONG><a name="[12b]"></a>LCD_Clear</STRONG> (Thumb, 100 bytes, Stack size 16 bytes, ili93xx.o(.text))
<BR><BR>[Stack]<UL><LI>Max Depth = 40<LI>Call Chain = LCD_Clear &rArr; LCD_SetCursor &rArr; LCD_WriteReg
</UL>
<BR>[Calls]<UL><LI><a href="#[119]">&gt;&gt;</a>&nbsp;&nbsp;&nbsp;LCD_SetCursor
<LI><a href="#[123]">&gt;&gt;</a>&nbsp;&nbsp;&nbsp;LCD_WriteRAM_Prepare
</UL>
<BR>[Called By]<UL><LI><a href="#[2]">&gt;&gt;</a>&nbsp;&nbsp;&nbsp;TP_Adjust
<LI><a href="#[0]">&gt;&gt;</a>&nbsp;&nbsp;&nbsp;TP_Init
<LI><a href="#[10d]">&gt;&gt;</a>&nbsp;&nbsp;&nbsp;TFTLCD_Init
</UL>

<P><STRONG><a name="[10d]"></a>TFTLCD_Init</STRONG> (Thumb, 14696 bytes, Stack size 136 bytes, ili93xx.o(.text))
<BR><BR>[Stack]<UL><LI>Max Depth = 256<LI>Call Chain = TFTLCD_Init &rArr; LCD_SSD_BackLightSet &rArr; __aeabi_dmul &rArr; _double_epilogue &rArr; _double_round
</UL>
<BR>[Calls]<UL><LI><a href="#[117]">&gt;&gt;</a>&nbsp;&nbsp;&nbsp;delay_us
<LI><a href="#[130]">&gt;&gt;</a>&nbsp;&nbsp;&nbsp;delay_ms
<LI><a href="#[12c]">&gt;&gt;</a>&nbsp;&nbsp;&nbsp;RCC_AHB3PeriphClockCmd
<LI><a href="#[12d]">&gt;&gt;</a>&nbsp;&nbsp;&nbsp;GPIO_PinAFConfig
<LI><a href="#[12e]">&gt;&gt;</a>&nbsp;&nbsp;&nbsp;FSMC_NORSRAMInit
<LI><a href="#[12f]">&gt;&gt;</a>&nbsp;&nbsp;&nbsp;FSMC_NORSRAMCmd
<LI><a href="#[12b]">&gt;&gt;</a>&nbsp;&nbsp;&nbsp;LCD_Clear
<LI><a href="#[129]">&gt;&gt;</a>&nbsp;&nbsp;&nbsp;LCD_Display_Dir
<LI><a href="#[125]">&gt;&gt;</a>&nbsp;&nbsp;&nbsp;LCD_SSD_BackLightSet
<LI><a href="#[115]">&gt;&gt;</a>&nbsp;&nbsp;&nbsp;LCD_ReadReg
<LI><a href="#[11b]">&gt;&gt;</a>&nbsp;&nbsp;&nbsp;LCD_WriteReg
<LI><a href="#[118]">&gt;&gt;</a>&nbsp;&nbsp;&nbsp;LCD_RD_DATA
<LI><a href="#[11a]">&gt;&gt;</a>&nbsp;&nbsp;&nbsp;LCD_WR_DATA
<LI><a href="#[116]">&gt;&gt;</a>&nbsp;&nbsp;&nbsp;LCD_WR_REG
<LI><a href="#[113]">&gt;&gt;</a>&nbsp;&nbsp;&nbsp;GPIO_Init
<LI><a href="#[103]">&gt;&gt;</a>&nbsp;&nbsp;&nbsp;RCC_AHB1PeriphClockCmd
<LI><a href="#[131]">&gt;&gt;</a>&nbsp;&nbsp;&nbsp;__2printf
</UL>
<BR>[Called By]<UL><LI><a href="#[72]">&gt;&gt;</a>&nbsp;&nbsp;&nbsp;main
</UL>

<P><STRONG><a name="[132]"></a>LCD_Fill</STRONG> (Thumb, 180 bytes, Stack size 44 bytes, ili93xx.o(.text))
<BR><BR>[Stack]<UL><LI>Max Depth = 68 + In Cycle
<LI>Call Chain = LCD_Fill &rArr;  LCD_Fill (Cycle)
</UL>
<BR>[Calls]<UL><LI><a href="#[132]">&gt;&gt;</a>&nbsp;&nbsp;&nbsp;LCD_Fill
<LI><a href="#[119]">&gt;&gt;</a>&nbsp;&nbsp;&nbsp;LCD_SetCursor
[...]
<BR><BR>[Calls]<UL><LI><a href="#[290]">&gt;&gt;</a>&nbsp;&nbsp;&nbsp;GUI_ALLOC_UnlockH
<LI><a href="#[28f]">&gt;&gt;</a>&nbsp;&nbsp;&nbsp;GUI_ALLOC_LockH
<LI><a href="#[442]">&gt;&gt;</a>&nbsp;&nbsp;&nbsp;GUI_USAGE_AddRect
<LI><a href="#[444]">&gt;&gt;</a>&nbsp;&nbsp;&nbsp;_XY2PTR
</UL>
<BR>[Called By]<UL><LI><a href="#[e4]">&gt;&gt;</a>&nbsp;&nbsp;&nbsp;_DrawHLine
</UL>
<BR>[Address Reference Count : 1]<UL><LI> GUIDEV_32.o(.rodata)
</UL>
<P><STRONG><a name="[e4]"></a>_DrawHLine</STRONG> (Thumb, 14 bytes, Stack size unknown bytes, GUIDEV_32.o(.text._DrawHLine))
<BR><BR>[Calls]<UL><LI><a href="#[e6]">&gt;&gt;</a>&nbsp;&nbsp;&nbsp;_FillRect
</UL>
<BR>[Address Reference Count : 1]<UL><LI> GUIDEV_32.o(.rodata)
</UL>
<P><STRONG><a name="[e3]"></a>_DrawBitmap</STRONG> (Thumb, 1816 bytes, Stack size unknown bytes, GUIDEV_32.o(.text._DrawBitmap))
<BR><BR>[Calls]<UL><LI><a href="#[290]">&gt;&gt;</a>&nbsp;&nbsp;&nbsp;GUI_ALLOC_UnlockH
<LI><a href="#[28f]">&gt;&gt;</a>&nbsp;&nbsp;&nbsp;GUI_ALLOC_LockH
<LI><a href="#[442]">&gt;&gt;</a>&nbsp;&nbsp;&nbsp;GUI_USAGE_AddRect
<LI><a href="#[444]">&gt;&gt;</a>&nbsp;&nbsp;&nbsp;_XY2PTR
</UL>
<BR>[Address Reference Count : 1]<UL><LI> GUIDEV_32.o(.rodata)
</UL>
<P><STRONG><a name="[ef]"></a>GUI_USAGE_BM_AddPixel</STRONG> (Thumb, 40 bytes, Stack size unknown bytes, GUIDEV_UsageBM.o(.text.GUI_USAGE_BM_AddPixel))
<BR>[Address Reference Count : 1]<UL><LI> GUIDEV_UsageBM.o(.rodata)
</UL>
<P><STRONG><a name="[f3]"></a>GUI_USAGE_BM_GetNextDirty</STRONG> (Thumb, 156 bytes, Stack size unknown bytes, GUIDEV_UsageBM.o(.text.GUI_USAGE_BM_GetNextDirty))
<BR>[Address Reference Count : 1]<UL><LI> GUIDEV_UsageBM.o(.rodata)
</UL>
<P><STRONG><a name="[f2]"></a>_GUI_USAGE_BM_Delete</STRONG> (Thumb, 4 bytes, Stack size unknown bytes, GUIDEV_UsageBM.o(.text._GUI_USAGE_BM_Delete))
<BR><BR>[Stack]<UL><LI>Max Depth = 176 + Unknown Stack Size
<LI>Call Chain = _GUI_USAGE_BM_Delete &rArr; GUI_ALLOC_Free &rArr; GUI_Unlock &rArr; GUI_X_Unlock &rArr; xQueueGenericSend &rArr; prvUnlockQueue &rArr; prvNotifyQueueSetContainer &rArr; prvCopyDataToQueue &rArr; xTaskPriorityDisinherit &rArr; __2printf
</UL>
<BR>[Calls]<UL><LI><a href="#[2e2]">&gt;&gt;</a>&nbsp;&nbsp;&nbsp;GUI_ALLOC_Free
</UL>
<BR>[Address Reference Count : 1]<UL><LI> GUIDEV_UsageBM.o(.rodata)
</UL>
<P><STRONG><a name="[f1]"></a>GUI_USAGE_BM_Clear</STRONG> (Thumb, 16 bytes, Stack size unknown bytes, GUIDEV_UsageBM.o(.text.GUI_USAGE_BM_Clear))
<BR><BR>[Stack]<UL><LI>Max Depth = 8 + Unknown Stack Size
<LI>Call Chain = GUI_USAGE_BM_Clear &rArr; memset
</UL>
<BR>[Calls]<UL><LI><a href="#[a]">&gt;&gt;</a>&nbsp;&nbsp;&nbsp;memset
</UL>
<BR>[Address Reference Count : 1]<UL><LI> GUIDEV_UsageBM.o(.rodata)
</UL>
<P><STRONG><a name="[f0]"></a>GUI_USAGE_BM_AddHLine</STRONG> (Thumb, 120 bytes, Stack size unknown bytes, GUIDEV_UsageBM.o(.text.GUI_USAGE_BM_AddHLine))
<BR><BR>[Stack]<UL><LI>Max Depth = 8 + Unknown Stack Size
<LI>Call Chain = GUI_USAGE_BM_AddHLine &rArr; memset
</UL>
<BR>[Calls]<UL><LI><a href="#[a]">&gt;&gt;</a>&nbsp;&nbsp;&nbsp;memset
</UL>
<BR>[Address Reference Count : 1]<UL><LI> GUIDEV_UsageBM.o(.rodata)
</UL>
<P><STRONG><a name="[41a]"></a>_Screen2hWin</STRONG> (Thumb, 96 bytes, Stack size unknown bytes, WM_Screen2Win.o(.text._Screen2hWin))
<BR><BR>[Calls]<UL><LI><a href="#[290]">&gt;&gt;</a>&nbsp;&nbsp;&nbsp;GUI_ALLOC_UnlockH
<LI><a href="#[28f]">&gt;&gt;</a>&nbsp;&nbsp;&nbsp;GUI_ALLOC_LockH
<LI><a href="#[301]">&gt;&gt;</a>&nbsp;&nbsp;&nbsp;GUI_ALLOC_h2p
<LI><a href="#[44c]">&gt;&gt;</a>&nbsp;&nbsp;&nbsp;WM__IsInWindow
<LI><a href="#[41a]">&gt;&gt;</a>&nbsp;&nbsp;&nbsp;_Screen2hWin
</UL>
<BR>[Called By]<UL><LI><a href="#[404]">&gt;&gt;</a>&nbsp;&nbsp;&nbsp;WM_Screen2hWin
<LI><a href="#[41a]">&gt;&gt;</a>&nbsp;&nbsp;&nbsp;_Screen2hWin
</UL>

<P><STRONG><a name="[417]"></a>WM__ReleaseCapture</STRONG> (Thumb, 48 bytes, Stack size unknown bytes, WM_SetCapture.o(.text.WM__ReleaseCapture))
<BR><BR>[Stack]<UL><LI>Max Depth = 176 + Unknown Stack Size
<LI>Call Chain = WM__ReleaseCapture &rArr; WM__SendMessage &rArr; WM_DefaultProc &rArr; WM_SendToParent &rArr;  WM__SendMessage (Cycle)
</UL>
<BR>[Calls]<UL><LI><a href="#[295]">&gt;&gt;</a>&nbsp;&nbsp;&nbsp;WM__SendMessage
</UL>
<BR>[Called By]<UL><LI><a href="#[409]">&gt;&gt;</a>&nbsp;&nbsp;&nbsp;WM_ReleaseCapture
<LI><a href="#[3cb]">&gt;&gt;</a>&nbsp;&nbsp;&nbsp;WM_SetCapture
</UL>

<P><STRONG><a name="[15]"></a>_Create</STRONG> (Thumb, 56 bytes, Stack size unknown bytes, SCROLLBAR_Skin.o(.text._Create))
<BR><BR>[Calls]<UL><LI><a href="#[290]">&gt;&gt;</a>&nbsp;&nbsp;&nbsp;GUI_ALLOC_UnlockH
<LI><a href="#[28f]">&gt;&gt;</a>&nbsp;&nbsp;&nbsp;GUI_ALLOC_LockH
</UL>
<BR>[Address Reference Count : 1]<UL><LI> SCROLLBAR_Skin.o(.data)
</UL>
<P><STRONG><a name="[a3]"></a>_CalcPositions</STRONG> (Thumb, 344 bytes, Stack size unknown bytes, SCROLLBAR_Skin.o(.text._CalcPositions))
<BR><BR>[Stack]<UL><LI>Max Depth = 176 + Unknown Stack Size
<LI>Call Chain = _CalcPositions &rArr; WM_GetWindowRectEx &rArr; GUI_Unlock &rArr; GUI_X_Unlock &rArr; xQueueGenericSend &rArr; prvUnlockQueue &rArr; prvNotifyQueueSetContainer &rArr; prvCopyDataToQueue &rArr; xTaskPriorityDisinherit &rArr; __2printf
</UL>
<BR>[Calls]<UL><LI><a href="#[290]">&gt;&gt;</a>&nbsp;&nbsp;&nbsp;GUI_ALLOC_UnlockH
<LI><a href="#[28f]">&gt;&gt;</a>&nbsp;&nbsp;&nbsp;GUI_ALLOC_LockH
<LI><a href="#[3fc]">&gt;&gt;</a>&nbsp;&nbsp;&nbsp;GUI_MoveRect
<LI><a href="#[3c9]">&gt;&gt;</a>&nbsp;&nbsp;&nbsp;GUI__DivideRound32
<LI><a href="#[3fb]">&gt;&gt;</a>&nbsp;&nbsp;&nbsp;WM_GetWindowRectEx
<LI><a href="#[2e4]">&gt;&gt;</a>&nbsp;&nbsp;&nbsp;WM_GetScrollbarV
<LI><a href="#[2e5]">&gt;&gt;</a>&nbsp;&nbsp;&nbsp;WM_GetScrollbarH
<LI><a href="#[43c]">&gt;&gt;</a>&nbsp;&nbsp;&nbsp;SCROLLBAR__Rect2VRect
</UL>
<BR>[Called By]<UL><LI><a href="#[14]">&gt;&gt;</a>&nbsp;&nbsp;&nbsp;_Paint
</UL>
<BR>[Address Reference Count : 1]<UL><LI> SCROLLBAR_Skin.o(.text._Create)
</UL>
<P><STRONG><a name="[14]"></a>_Paint</STRONG> (Thumb, 182 bytes, Stack size unknown bytes, SCROLLBAR_Skin.o(.text._Paint))
<BR><BR>[Stack]<UL><LI>Max Depth = 176 + Unknown Stack Size
<LI>Call Chain = _Paint &rArr; WIDGET__GetClientRect &rArr; WM_GetClientRect &rArr; GUI_Unlock &rArr; GUI_X_Unlock &rArr; xQueueGenericSend &rArr; prvUnlockQueue &rArr; prvNotifyQueueSetContainer &rArr; prvCopyDataToQueue &rArr; xTaskPriorityDisinherit &rArr; __2printf
</UL>
<BR>[Calls]<UL><LI><a href="#[290]">&gt;&gt;</a>&nbsp;&nbsp;&nbsp;GUI_ALLOC_UnlockH
<LI><a href="#[28f]">&gt;&gt;</a>&nbsp;&nbsp;&nbsp;GUI_ALLOC_LockH
<LI><a href="#[3e0]">&gt;&gt;</a>&nbsp;&nbsp;&nbsp;WIDGET__GetClientRect
<LI><a href="#[a3]">&gt;&gt;</a>&nbsp;&nbsp;&nbsp;_CalcPositions
</UL>
<BR>[Address Reference Count : 1]<UL><LI> SCROLLBAR_Skin.o(.data)
</UL>
<P><STRONG><a name="[3d6]"></a>_GetArrowPara</STRONG> (Thumb, 48 bytes, Stack size unknown bytes, SCROLLBAR_SkinFlex.o(.text._GetArrowPara))
<BR><BR>[Called By]<UL><LI><a href="#[10]">&gt;&gt;</a>&nbsp;&nbsp;&nbsp;SCROLLBAR_DrawSkinFlex
</UL>

<P><STRONG><a name="[99]"></a>_DrawGraspH</STRONG> (Thumb, 92 bytes, Stack size unknown bytes, SCROLLBAR_SkinFlex.o(.text._DrawGraspH))
<BR><BR>[Stack]<UL><LI>Max Depth = 176 + Unknown Stack Size
<LI>Call Chain = _DrawGraspH &rArr; GUI_SetColor &rArr; GUI_Unlock &rArr; GUI_X_Unlock &rArr; xQueueGenericSend &rArr; prvUnlockQueue &rArr; prvNotifyQueueSetContainer &rArr; prvCopyDataToQueue &rArr; xTaskPriorityDisinherit &rArr; __2printf
</UL>
<BR>[Calls]<UL><LI><a href="#[198]">&gt;&gt;</a>&nbsp;&nbsp;&nbsp;GUI_SetColor
<LI><a href="#[2ab]">&gt;&gt;</a>&nbsp;&nbsp;&nbsp;GUI_DrawVLine
</UL>
<BR>[Address Reference Count : 1]<UL><LI> SCROLLBAR_SkinFlex.o(.text.SCROLLBAR_DrawSkinFlex)
</UL>
<P><STRONG><a name="[97]"></a>_DrawGraspV</STRONG> (Thumb, 92 bytes, Stack size unknown bytes, SCROLLBAR_SkinFlex.o(.text._DrawGraspV))
<BR><BR>[Stack]<UL><LI>Max Depth = 176 + Unknown Stack Size
<LI>Call Chain = _DrawGraspV &rArr; GUI_SetColor &rArr; GUI_Unlock &rArr; GUI_X_Unlock &rArr; xQueueGenericSend &rArr; prvUnlockQueue &rArr; prvNotifyQueueSetContainer &rArr; prvCopyDataToQueue &rArr; xTaskPriorityDisinherit &rArr; __2printf
</UL>
<BR>[Calls]<UL><LI><a href="#[198]">&gt;&gt;</a>&nbsp;&nbsp;&nbsp;GUI_SetColor
<LI><a href="#[2a8]">&gt;&gt;</a>&nbsp;&nbsp;&nbsp;GUI_DrawHLine
</UL>
<BR>[Address Reference Count : 1]<UL><LI> SCROLLBAR_SkinFlex.o(.text.SCROLLBAR_DrawSkinFlex)
</UL>
<P><STRONG><a name="[441]"></a>_DrawFrame</STRONG> (Thumb, 244 bytes, Stack size unknown bytes, SCROLLBAR_SkinFlex.o(.text._DrawFrame))
<BR><BR>[Stack]<UL><LI>Max Depth = 176 + Unknown Stack Size
<LI>Call Chain = _DrawFrame &rArr; GUI_SetColor &rArr; GUI_Unlock &rArr; GUI_X_Unlock &rArr; xQueueGenericSend &rArr; prvUnlockQueue &rArr; prvNotifyQueueSetContainer &rArr; prvCopyDataToQueue &rArr; xTaskPriorityDisinherit &rArr; __2printf
</UL>
<BR>[Calls]<UL><LI><a href="#[198]">&gt;&gt;</a>&nbsp;&nbsp;&nbsp;GUI_SetColor
<LI><a href="#[2a9]">&gt;&gt;</a>&nbsp;&nbsp;&nbsp;GUI_DrawPixel
<LI><a href="#[2a8]">&gt;&gt;</a>&nbsp;&nbsp;&nbsp;GUI_DrawHLine
<LI><a href="#[2ab]">&gt;&gt;</a>&nbsp;&nbsp;&nbsp;GUI_DrawVLine
</UL>
<BR>[Called By]<UL><LI><a href="#[98]">&gt;&gt;</a>&nbsp;&nbsp;&nbsp;_DrawBackgroundV
<LI><a href="#[9a]">&gt;&gt;</a>&nbsp;&nbsp;&nbsp;_DrawBackgroundH
</UL>

<P><STRONG><a name="[9a]"></a>_DrawBackgroundH</STRONG> (Thumb, 92 bytes, Stack size unknown bytes, SCROLLBAR_SkinFlex.o(.text._DrawBackgroundH))
<BR><BR>[Stack]<UL><LI>Max Depth = 176 + Unknown Stack Size
<LI>Call Chain = _DrawBackgroundH &rArr; GUI_DrawGradientV &rArr; GUI_Unlock &rArr; GUI_X_Unlock &rArr; xQueueGenericSend &rArr; prvUnlockQueue &rArr; prvNotifyQueueSetContainer &rArr; prvCopyDataToQueue &rArr; xTaskPriorityDisinherit &rArr; __2printf
</UL>
<BR>[Calls]<UL><LI><a href="#[9c]">&gt;&gt;</a>&nbsp;&nbsp;&nbsp;GUI_DrawGradientV
<LI><a href="#[441]">&gt;&gt;</a>&nbsp;&nbsp;&nbsp;_DrawFrame
</UL>
<BR>[Address Reference Count : 1]<UL><LI> SCROLLBAR_SkinFlex.o(.text.SCROLLBAR_DrawSkinFlex)
</UL>
<P><STRONG><a name="[98]"></a>_DrawBackgroundV</STRONG> (Thumb, 92 bytes, Stack size unknown bytes, SCROLLBAR_SkinFlex.o(.text._DrawBackgroundV))
<BR><BR>[Stack]<UL><LI>Max Depth = 176 + Unknown Stack Size
<LI>Call Chain = _DrawBackgroundV &rArr; GUI_DrawGradientH &rArr; GUI_Unlock &rArr; GUI_X_Unlock &rArr; xQueueGenericSend &rArr; prvUnlockQueue &rArr; prvNotifyQueueSetContainer &rArr; prvCopyDataToQueue &rArr; xTaskPriorityDisinherit &rArr; __2printf
</UL>
<BR>[Calls]<UL><LI><a href="#[9b]">&gt;&gt;</a>&nbsp;&nbsp;&nbsp;GUI_DrawGradientH
<LI><a href="#[441]">&gt;&gt;</a>&nbsp;&nbsp;&nbsp;_DrawFrame
</UL>
<BR>[Address Reference Count : 1]<UL><LI> SCROLLBAR_SkinFlex.o(.text.SCROLLBAR_DrawSkinFlex)
</UL>
<P><STRONG><a name="[f7]"></a>_DrawDownRect</STRONG> (Thumb, 56 bytes, Stack size unknown bytes, WIDGET_Effect_Simple.o(.text._DrawDownRect))
<BR><BR>[Stack]<UL><LI>Max Depth = 176 + Unknown Stack Size
<LI>Call Chain = _DrawDownRect &rArr; GUI_DrawRect &rArr; GUI_Unlock &rArr; GUI_X_Unlock &rArr; xQueueGenericSend &rArr; prvUnlockQueue &rArr; prvNotifyQueueSetContainer &rArr; prvCopyDataToQueue &rArr; xTaskPriorityDisinherit &rArr; __2printf
</UL>
<BR>[Calls]<UL><LI><a href="#[389]">&gt;&gt;</a>&nbsp;&nbsp;&nbsp;LCD_SetColor
<LI><a href="#[380]">&gt;&gt;</a>&nbsp;&nbsp;&nbsp;GUI_RestoreContext
<LI><a href="#[387]">&gt;&gt;</a>&nbsp;&nbsp;&nbsp;GUI_SaveContext_W
<LI><a href="#[332]">&gt;&gt;</a>&nbsp;&nbsp;&nbsp;GUI_DrawRect
</UL>
<BR>[Called By]<UL><LI><a href="#[f6]">&gt;&gt;</a>&nbsp;&nbsp;&nbsp;_DrawDown
<LI><a href="#[f5]">&gt;&gt;</a>&nbsp;&nbsp;&nbsp;_DrawUpRect
</UL>
<BR>[Address Reference Count : 1]<UL><LI> WIDGET_Effect_Simple.o(.rodata)
</UL>
<P><STRONG><a name="[f5]"></a>_DrawUpRect</STRONG> (Thumb, 4 bytes, Stack size unknown bytes, WIDGET_Effect_Simple.o(.text._DrawUpRect))
<BR><BR>[Stack]<UL><LI>Max Depth = 176 + Unknown Stack Size
<LI>Call Chain = _DrawUpRect &rArr; _DrawDownRect &rArr; GUI_DrawRect &rArr; GUI_Unlock &rArr; GUI_X_Unlock &rArr; xQueueGenericSend &rArr; prvUnlockQueue &rArr; prvNotifyQueueSetContainer &rArr; prvCopyDataToQueue &rArr; xTaskPriorityDisinherit &rArr; __2printf
</UL>
<BR>[Calls]<UL><LI><a href="#[f7]">&gt;&gt;</a>&nbsp;&nbsp;&nbsp;_DrawDownRect
</UL>
<BR>[Address Reference Count : 1]<UL><LI> WIDGET_Effect_Simple.o(.rodata)
</UL>
<P><STRONG><a name="[f6]"></a>_DrawDown</STRONG> (Thumb, 20 bytes, Stack size unknown bytes, WIDGET_Effect_Simple.o(.text._DrawDown))
<BR><BR>[Stack]<UL><LI>Max Depth = 176 + Unknown Stack Size
<LI>Call Chain = _DrawDown &rArr; WM_GetClientRect &rArr; GUI_Unlock &rArr; GUI_X_Unlock &rArr; xQueueGenericSend &rArr; prvUnlockQueue &rArr; prvNotifyQueueSetContainer &rArr; prvCopyDataToQueue &rArr; xTaskPriorityDisinherit &rArr; __2printf
</UL>
<BR>[Calls]<UL><LI><a href="#[2d6]">&gt;&gt;</a>&nbsp;&nbsp;&nbsp;WM_GetClientRect
<LI><a href="#[f7]">&gt;&gt;</a>&nbsp;&nbsp;&nbsp;_DrawDownRect
</UL>
<BR>[Called By]<UL><LI><a href="#[f4]">&gt;&gt;</a>&nbsp;&nbsp;&nbsp;_DrawUp
</UL>
<BR>[Address Reference Count : 1]<UL><LI> WIDGET_Effect_Simple.o(.rodata)
</UL>
<P><STRONG><a name="[f4]"></a>_DrawUp</STRONG> (Thumb, 4 bytes, Stack size unknown bytes, WIDGET_Effect_Simple.o(.text._DrawUp))
<BR><BR>[Stack]<UL><LI>Max Depth = 176 + Unknown Stack Size
<LI>Call Chain = _DrawUp &rArr; _DrawDown &rArr; WM_GetClientRect &rArr; GUI_Unlock &rArr; GUI_X_Unlock &rArr; xQueueGenericSend &rArr; prvUnlockQueue &rArr; prvNotifyQueueSetContainer &rArr; prvCopyDataToQueue &rArr; xTaskPriorityDisinherit &rArr; __2printf
</UL>
<BR>[Calls]<UL><LI><a href="#[f6]">&gt;&gt;</a>&nbsp;&nbsp;&nbsp;_DrawDown
</UL>
<BR>[Address Reference Count : 1]<UL><LI> WIDGET_Effect_Simple.o(.rodata)
</UL>
<P><STRONG><a name="[382]"></a>_CreateBuffer</STRONG> (Thumb, 170 bytes, Stack size unknown bytes, GUI_SPRITE.o(.text._CreateBuffer))
<BR><BR>[Stack]<UL><LI>Max Depth = 176 + Unknown Stack Size
<LI>Call Chain = _CreateBuffer &rArr; GUI_ALLOC_AllocNoInit &rArr; GUI_Unlock &rArr; GUI_X_Unlock &rArr; xQueueGenericSend &rArr; prvUnlockQueue &rArr; prvNotifyQueueSetContainer &rArr; prvCopyDataToQueue &rArr; xTaskPriorityDisinherit &rArr; __2printf
</UL>
<BR>[Calls]<UL><LI><a href="#[2f9]">&gt;&gt;</a>&nbsp;&nbsp;&nbsp;GUI_ALLOC_AllocNoInit
<LI><a href="#[300]">&gt;&gt;</a>&nbsp;&nbsp;&nbsp;GUI_ALLOC_GetMaxSize
<LI><a href="#[28f]">&gt;&gt;</a>&nbsp;&nbsp;&nbsp;GUI_ALLOC_LockH
<LI><a href="#[355]">&gt;&gt;</a>&nbsp;&nbsp;&nbsp;GUI_DEVICE__GetpDriver
</UL>
<BR>[Called By]<UL><LI><a href="#[30b]">&gt;&gt;</a>&nbsp;&nbsp;&nbsp;GUI_SPRITE_SetPosition
</UL>

<P><STRONG><a name="[383]"></a>_GetBkIndex.isra.0</STRONG> (Thumb, 112 bytes, Stack size unknown bytes, GUI_SPRITE.o(.text._GetBkIndex.isra.0))
<BR><BR>[Calls]<UL><LI><a href="#[335]">&gt;&gt;</a>&nbsp;&nbsp;&nbsp;GUI_GetBitmapPixelIndex
</UL>
<BR>[Called By]<UL><LI><a href="#[30b]">&gt;&gt;</a>&nbsp;&nbsp;&nbsp;GUI_SPRITE_SetPosition
</UL>

<P><STRONG><a name="[385]"></a>_GetBkIndexAlpha.isra.2</STRONG> (Thumb, 118 bytes, Stack size unknown bytes, GUI_SPRITE.o(.text._GetBkIndexAlpha.isra.2))
<BR><BR>[Calls]<UL><LI><a href="#[335]">&gt;&gt;</a>&nbsp;&nbsp;&nbsp;GUI_GetBitmapPixelIndex
</UL>
<BR>[Called By]<UL><LI><a href="#[30b]">&gt;&gt;</a>&nbsp;&nbsp;&nbsp;GUI_SPRITE_SetPosition
</UL>

<P><STRONG><a name="[381]"></a>_GetDeviceRect</STRONG> (Thumb, 60 bytes, Stack size unknown bytes, GUI_SPRITE.o(.text._GetDeviceRect))
<BR><BR>[Calls]<UL><LI><a href="#[35c]">&gt;&gt;</a>&nbsp;&nbsp;&nbsp;LCD_GetYSizeEx
<LI><a href="#[35b]">&gt;&gt;</a>&nbsp;&nbsp;&nbsp;LCD_GetXSizeEx
</UL>
<BR>[Called By]<UL><LI><a href="#[30b]">&gt;&gt;</a>&nbsp;&nbsp;&nbsp;GUI_SPRITE_SetPosition
</UL>

<P><STRONG><a name="[446]"></a>_FlushBuffer.isra.5</STRONG> (Thumb, 122 bytes, Stack size unknown bytes, GUI_SPRITE.o(.text._FlushBuffer.isra.5))
<BR><BR>[Calls]<UL><LI><a href="#[43e]">&gt;&gt;</a>&nbsp;&nbsp;&nbsp;GUI__CompactPixelIndices
</UL>
<BR>[Called By]<UL><LI><a href="#[386]">&gt;&gt;</a>&nbsp;&nbsp;&nbsp;_ReleaseBuffer.isra.6
<LI><a href="#[384]">&gt;&gt;</a>&nbsp;&nbsp;&nbsp;_SetBkIndexBuffered
</UL>

<P><STRONG><a name="[384]"></a>_SetBkIndexBuffered</STRONG> (Thumb, 68 bytes, Stack size unknown bytes, GUI_SPRITE.o(.text._SetBkIndexBuffered))
<BR><BR>[Calls]<UL><LI><a href="#[446]">&gt;&gt;</a>&nbsp;&nbsp;&nbsp;_FlushBuffer.isra.5
</UL>
<BR>[Called By]<UL><LI><a href="#[30b]">&gt;&gt;</a>&nbsp;&nbsp;&nbsp;GUI_SPRITE_SetPosition
</UL>

<P><STRONG><a name="[386]"></a>_ReleaseBuffer.isra.6</STRONG> (Thumb, 30 bytes, Stack size unknown bytes, GUI_SPRITE.o(.text._ReleaseBuffer.isra.6))
<BR><BR>[Stack]<UL><LI>Max Depth = 176 + Unknown Stack Size
<LI>Call Chain = _ReleaseBuffer.isra.6 &rArr; GUI_ALLOC_Free &rArr; GUI_Unlock &rArr; GUI_X_Unlock &rArr; xQueueGenericSend &rArr; prvUnlockQueue &rArr; prvNotifyQueueSetContainer &rArr; prvCopyDataToQueue &rArr; xTaskPriorityDisinherit &rArr; __2printf
</UL>
<BR>[Calls]<UL><LI><a href="#[2e2]">&gt;&gt;</a>&nbsp;&nbsp;&nbsp;GUI_ALLOC_Free
<LI><a href="#[290]">&gt;&gt;</a>&nbsp;&nbsp;&nbsp;GUI_ALLOC_UnlockH
<LI><a href="#[446]">&gt;&gt;</a>&nbsp;&nbsp;&nbsp;_FlushBuffer.isra.5
</UL>
<BR>[Called By]<UL><LI><a href="#[30b]">&gt;&gt;</a>&nbsp;&nbsp;&nbsp;GUI_SPRITE_SetPosition
</UL>

<P><STRONG><a name="[37f]"></a>LCD_ReadRectEx</STRONG> (Thumb, 420 bytes, Stack size unknown bytes, LCD_ReadRect.o(.text.LCD_ReadRectEx))
<BR><BR>[Calls]<UL><LI><a href="#[371]">&gt;&gt;</a>&nbsp;&nbsp;&nbsp;GUI_GetBitsPerPixelEx
</UL>
<BR>[Called By]<UL><LI><a href="#[37e]">&gt;&gt;</a>&nbsp;&nbsp;&nbsp;GUI_ReadRectEx
</UL>

<P><STRONG><a name="[36f]"></a>_ClipX</STRONG> (Thumb, 68 bytes, Stack size unknown bytes, GUIDEV_WriteToActiveAlpha.o(.text._ClipX))
<BR><BR>[Called By]<UL><LI><a href="#[a5]">&gt;&gt;</a>&nbsp;&nbsp;&nbsp;GUI_MEMDEV__WriteToActiveAlpha
<LI><a href="#[36e]">&gt;&gt;</a>&nbsp;&nbsp;&nbsp;_WriteToActiveAlpha
</UL>

<P><STRONG><a name="[370]"></a>_ClipY</STRONG> (Thumb, 68 bytes, Stack size unknown bytes, GUIDEV_WriteToActiveAlpha.o(.text._ClipY))
<BR><BR>[Called By]<UL><LI><a href="#[a5]">&gt;&gt;</a>&nbsp;&nbsp;&nbsp;GUI_MEMDEV__WriteToActiveAlpha
<LI><a href="#[36e]">&gt;&gt;</a>&nbsp;&nbsp;&nbsp;_WriteToActiveAlpha
</UL>

<P><STRONG><a name="[36e]"></a>_WriteToActiveAlpha</STRONG> (Thumb, 328 bytes, Stack size unknown bytes, GUIDEV_WriteToActiveAlpha.o(.text._WriteToActiveAlpha))
<BR><BR>[Stack]<UL><LI>Max Depth = 176 + Unknown Stack Size
<LI>Call Chain = _WriteToActiveAlpha &rArr; GUI__AllocAlphaBuffer &rArr; GUI__GetAlphaBuffer &rArr; GUI_ALLOC_GetFixedBlock &rArr; _InitOnce &rArr; _EnlargeBlocks &rArr;  _Alloc (Cycle)
</UL>
<BR>[Calls]<UL><LI><a href="#[290]">&gt;&gt;</a>&nbsp;&nbsp;&nbsp;GUI_ALLOC_UnlockH
<LI><a href="#[28f]">&gt;&gt;</a>&nbsp;&nbsp;&nbsp;GUI_ALLOC_LockH
<LI><a href="#[2ef]">&gt;&gt;</a>&nbsp;&nbsp;&nbsp;LCD_DrawBitmap
<LI><a href="#[3a1]">&gt;&gt;</a>&nbsp;&nbsp;&nbsp;GUI__CompactPixelIndicesEx
<LI><a href="#[39d]">&gt;&gt;</a>&nbsp;&nbsp;&nbsp;GUI__AllocAlphaBuffer
<LI><a href="#[3a5]">&gt;&gt;</a>&nbsp;&nbsp;&nbsp;GUI__DoAlphaBlending
<LI><a href="#[365]">&gt;&gt;</a>&nbsp;&nbsp;&nbsp;GUI_MEMDEV_GetDataPtr
<LI><a href="#[370]">&gt;&gt;</a>&nbsp;&nbsp;&nbsp;_ClipY
<LI><a href="#[36f]">&gt;&gt;</a>&nbsp;&nbsp;&nbsp;_ClipX
</UL>
<BR>[Called By]<UL><LI><a href="#[a5]">&gt;&gt;</a>&nbsp;&nbsp;&nbsp;GUI_MEMDEV__WriteToActiveAlpha
</UL>

<P><STRONG><a name="[44e]"></a>_printf_core</STRONG> (Thumb, 658 bytes, Stack size 104 bytes, printf5.o(i._printf_core), UNUSED)
<BR><BR>[Calls]<UL><LI><a href="#[28c]">&gt;&gt;</a>&nbsp;&nbsp;&nbsp;__aeabi_uldivmod
</UL>
<BR>[Called By]<UL><LI><a href="#[44f]">&gt;&gt;</a>&nbsp;&nbsp;&nbsp;__0sprintf$5
<LI><a href="#[44d]">&gt;&gt;</a>&nbsp;&nbsp;&nbsp;__0printf$5
</UL>

<P><STRONG><a name="[a9]"></a>_sputc</STRONG> (Thumb, 10 bytes, Stack size 0 bytes, printf5.o(i._sputc))
<BR><BR>[Called By]<UL><LI><a href="#[44f]">&gt;&gt;</a>&nbsp;&nbsp;&nbsp;__0sprintf$5
</UL>
<BR>[Address Reference Count : 1]<UL><LI> printf5.o(i.__0sprintf$5)
</UL><P>
<H3>
Undefined Global Symbols
</H3><HR></body></html>
